Component: ARM Compiler 5.06 update 6 (build 750) Tool: armlink [4d35ed]

==============================================================================

Section Cross References

    startup_stm32f407xx.o(RESET) refers to startup_stm32f407xx.o(STACK) for __initial_sp
    startup_stm32f407xx.o(RESET) refers to startup_stm32f407xx.o(.text) for Reset_Handler
    startup_stm32f407xx.o(RESET) refers to stm32f4xx_it.o(i.NMI_Handler) for NMI_Handler
    startup_stm32f407xx.o(RESET) refers to stm32f4xx_it.o(i.HardFault_Handler) for HardFault_Handler
    startup_stm32f407xx.o(RESET) refers to stm32f4xx_it.o(i.MemManage_Handler) for MemManage_Handler
    startup_stm32f407xx.o(RESET) refers to stm32f4xx_it.o(i.BusFault_Handler) for BusFault_Handler
    startup_stm32f407xx.o(RESET) refers to stm32f4xx_it.o(i.UsageFault_Handler) for UsageFault_Handler
    startup_stm32f407xx.o(RESET) refers to stm32f4xx_it.o(i.SVC_Handler) for SVC_Handler
    startup_stm32f407xx.o(RESET) refers to stm32f4xx_it.o(i.DebugMon_Handler) for DebugMon_Handler
    startup_stm32f407xx.o(RESET) refers to stm32f4xx_it.o(i.PendSV_Handler) for PendSV_Handler
    startup_stm32f407xx.o(RESET) refers to stm32f4xx_it.o(i.SysTick_Handler) for SysTick_Handler
    startup_stm32f407xx.o(RESET) refers to stm32f4xx_it.o(i.EXTI0_IRQHandler) for EXTI0_IRQHandler
    startup_stm32f407xx.o(RESET) refers to stm32f4xx_it.o(i.EXTI3_IRQHandler) for EXTI3_IRQHandler
    startup_stm32f407xx.o(RESET) refers to stm32f4xx_it.o(i.EXTI4_IRQHandler) for EXTI4_IRQHandler
    startup_stm32f407xx.o(RESET) refers to stm32f4xx_it.o(i.DMA1_Stream4_IRQHandler) for DMA1_Stream4_IRQHandler
    startup_stm32f407xx.o(RESET) refers to stm32f4xx_it.o(i.CAN1_RX0_IRQHandler) for CAN1_RX0_IRQHandler
    startup_stm32f407xx.o(RESET) refers to stm32f4xx_it.o(i.EXTI9_5_IRQHandler) for EXTI9_5_IRQHandler
    startup_stm32f407xx.o(RESET) refers to stm32f4xx_it.o(i.USART1_IRQHandler) for USART1_IRQHandler
    startup_stm32f407xx.o(RESET) refers to stm32f4xx_it.o(i.USART3_IRQHandler) for USART3_IRQHandler
    startup_stm32f407xx.o(RESET) refers to stm32f4xx_it.o(i.TIM6_DAC_IRQHandler) for TIM6_DAC_IRQHandler
    startup_stm32f407xx.o(RESET) refers to stm32f4xx_it.o(i.DMA2_Stream0_IRQHandler) for DMA2_Stream0_IRQHandler
    startup_stm32f407xx.o(RESET) refers to stm32f4xx_it.o(i.DMA2_Stream1_IRQHandler) for DMA2_Stream1_IRQHandler
    startup_stm32f407xx.o(RESET) refers to muc_imu.o(i.DMA2_Stream2_IRQHandler) for DMA2_Stream2_IRQHandler
    startup_stm32f407xx.o(RESET) refers to stm32f4xx_it.o(i.CAN2_RX1_IRQHandler) for CAN2_RX1_IRQHandler
    startup_stm32f407xx.o(.text) refers to system_stm32f4xx.o(i.SystemInit) for SystemInit
    startup_stm32f407xx.o(.text) refers to entry.o(.ARM.Collect$$$$00000000) for __main
    main.o(i.HAL_UART_RxCpltCallback) refers to main.o(.bss) for .bss
    main.o(i.SystemClock_Config) refers to memseta.o(.text) for __aeabi_memclr4
    main.o(i.SystemClock_Config) refers to stm32f4xx_hal_rcc.o(i.HAL_RCC_OscConfig) for HAL_RCC_OscConfig
    main.o(i.SystemClock_Config) refers to stm32f4xx_hal_rcc.o(i.HAL_RCC_ClockConfig) for HAL_RCC_ClockConfig
    main.o(i.main) refers to stm32f4xx_hal.o(i.HAL_Init) for HAL_Init
    main.o(i.main) refers to main.o(i.SystemClock_Config) for SystemClock_Config
    main.o(i.main) refers to gpio.o(i.MX_GPIO_Init) for MX_GPIO_Init
    main.o(i.main) refers to dma.o(i.MX_DMA_Init) for MX_DMA_Init
    main.o(i.main) refers to adc.o(i.MX_ADC1_Init) for MX_ADC1_Init
    main.o(i.main) refers to adc.o(i.MX_ADC3_Init) for MX_ADC3_Init
    main.o(i.main) refers to can.o(i.MX_CAN1_Init) for MX_CAN1_Init
    main.o(i.main) refers to can.o(i.MX_CAN2_Init) for MX_CAN2_Init
    main.o(i.main) refers to i2c.o(i.MX_I2C1_Init) for MX_I2C1_Init
    main.o(i.main) refers to spi.o(i.MX_SPI1_Init) for MX_SPI1_Init
    main.o(i.main) refers to tim.o(i.MX_TIM4_Init) for MX_TIM4_Init
    main.o(i.main) refers to tim.o(i.MX_TIM5_Init) for MX_TIM5_Init
    main.o(i.main) refers to usart.o(i.MX_USART3_UART_Init) for MX_USART3_UART_Init
    main.o(i.main) refers to tim.o(i.MX_TIM8_Init) for MX_TIM8_Init
    main.o(i.main) refers to crc.o(i.MX_CRC_Init) for MX_CRC_Init
    main.o(i.main) refers to rng.o(i.MX_RNG_Init) for MX_RNG_Init
    main.o(i.main) refers to i2c.o(i.MX_I2C2_Init) for MX_I2C2_Init
    main.o(i.main) refers to i2c.o(i.MX_I2C3_Init) for MX_I2C3_Init
    main.o(i.main) refers to spi.o(i.MX_SPI2_Init) for MX_SPI2_Init
    main.o(i.main) refers to tim.o(i.MX_TIM1_Init) for MX_TIM1_Init
    main.o(i.main) refers to tim.o(i.MX_TIM3_Init) for MX_TIM3_Init
    main.o(i.main) refers to usart.o(i.MX_USART1_UART_Init) for MX_USART1_UART_Init
    main.o(i.main) refers to usart.o(i.MX_USART6_UART_Init) for MX_USART6_UART_Init
    main.o(i.main) refers to usb_otg.o(i.MX_USB_OTG_FS_PCD_Init) for MX_USB_OTG_FS_PCD_Init
    main.o(i.main) refers to tim.o(i.MX_TIM12_Init) for MX_TIM12_Init
    main.o(i.main) refers to tim.o(i.MX_TIM14_Init) for MX_TIM14_Init
[...]
    HAL_TIM_ConfigClockSource                0x08004beb   Thumb Code   214  stm32f4xx_hal_tim.o(i.HAL_TIM_ConfigClockSource)
    HAL_TIM_IC_CaptureCallback               0x08004cc1   Thumb Code     2  stm32f4xx_hal_tim.o(i.HAL_TIM_IC_CaptureCallback)
    HAL_TIM_IRQHandler                       0x08004cc3   Thumb Code   358  stm32f4xx_hal_tim.o(i.HAL_TIM_IRQHandler)
    HAL_TIM_MspPostInit                      0x08004e29   Thumb Code   590  tim.o(i.HAL_TIM_MspPostInit)
    HAL_TIM_OC_DelayElapsedCallback          0x080050b9   Thumb Code     2  stm32f4xx_hal_tim.o(i.HAL_TIM_OC_DelayElapsedCallback)
    HAL_TIM_PWM_ConfigChannel                0x080050bb   Thumb Code   208  stm32f4xx_hal_tim.o(i.HAL_TIM_PWM_ConfigChannel)
    HAL_TIM_PWM_Init                         0x0800518b   Thumb Code    54  stm32f4xx_hal_tim.o(i.HAL_TIM_PWM_Init)
    HAL_TIM_PWM_MspInit                      0x080051c1   Thumb Code     2  stm32f4xx_hal_tim.o(i.HAL_TIM_PWM_MspInit)
    HAL_TIM_PWM_PulseFinishedCallback        0x080051c3   Thumb Code     2  stm32f4xx_hal_tim.o(i.HAL_TIM_PWM_PulseFinishedCallback)
    HAL_TIM_PWM_Start                        0x080051c5   Thumb Code    58  stm32f4xx_hal_tim.o(i.HAL_TIM_PWM_Start)
    HAL_TIM_PeriodElapsedCallback            0x08005209   Thumb Code     2  stm32f4xx_hal_tim.o(i.HAL_TIM_PeriodElapsedCallback)
    HAL_TIM_TriggerCallback                  0x0800520b   Thumb Code     2  stm32f4xx_hal_tim.o(i.HAL_TIM_TriggerCallback)
    HAL_UART_ErrorCallback                   0x0800520d   Thumb Code     2  stm32f4xx_hal_uart.o(i.HAL_UART_ErrorCallback)
    HAL_UART_IRQHandler                      0x08005211   Thumb Code   266  stm32f4xx_hal_uart.o(i.HAL_UART_IRQHandler)
    HAL_UART_MspInit                         0x08005321   Thumb Code   602  usart.o(i.HAL_UART_MspInit)
    HAL_UART_Receive_DMA                     0x080055b5   Thumb Code   138  stm32f4xx_hal_uart.o(i.HAL_UART_Receive_DMA)
    HAL_UART_RxCpltCallback                  0x0800564d   Thumb Code   100  main.o(i.HAL_UART_RxCpltCallback)
    HAL_UART_RxHalfCpltCallback              0x080056b5   Thumb Code     2  stm32f4xx_hal_uart.o(i.HAL_UART_RxHalfCpltCallback)
    HAL_UART_TxCpltCallback                  0x080056b7   Thumb Code     2  stm32f4xx_hal_uart.o(i.HAL_UART_TxCpltCallback)
    HandlerTim6CallBlack                     0x080056b9   Thumb Code    24  muc_timer.o(i.HandlerTim6CallBlack)
    HardFault_Handler                        0x080056d9   Thumb Code     2  stm32f4xx_it.o(i.HardFault_Handler)
    ImuAnalysisTask                          0x08005a81   Thumb Code   186  muc_imu.o(i.ImuAnalysisTask)
    JudgementDataCheck_Task                  0x08005b4d   Thumb Code   200  muc_shoot_judge_control.o(i.JudgementDataCheck_Task)
    LedStaInit                               0x08005c29   Thumb Code    40  muc_led.o(i.LedStaInit)
    LedTaskLoop                              0x08005c55   Thumb Code    30  muc_led.o(i.LedTaskLoop)
    MUC_UART_Receive_DMA                     0x08005c7d   Thumb Code   104  muc_hardware_uart.o(i.MUC_UART_Receive_DMA)
    MX_ADC1_Init                             0x08005ce5   Thumb Code    88  adc.o(i.MX_ADC1_Init)
    MX_ADC3_Init                             0x08005d49   Thumb Code    88  adc.o(i.MX_ADC3_Init)
    MX_CAN1_Init                             0x08005dad   Thumb Code    60  can.o(i.MX_CAN1_Init)
    MX_CAN2_Init                             0x08005df1   Thumb Code    60  can.o(i.MX_CAN2_Init)
    MX_CRC_Init                              0x08005e35   Thumb Code    28  crc.o(i.MX_CRC_Init)
    MX_DMA_Init                              0x08005e59   Thumb Code   152  dma.o(i.MX_DMA_Init)
    MX_GPIO_Init                             0x08005ef5   Thumb Code   430  gpio.o(i.MX_GPIO_Init)
    MX_I2C1_Init                             0x080060c1   Thumb Code    50  i2c.o(i.MX_I2C1_Init)
    MX_I2C2_Init                             0x08006101   Thumb Code    50  i2c.o(i.MX_I2C2_Init)
    MX_I2C3_Init                             0x08006141   Thumb Code    50  i2c.o(i.MX_I2C3_Init)
    MX_RNG_Init                              0x08006181   Thumb Code    28  rng.o(i.MX_RNG_Init)
    MX_SPI1_Init                             0x080061a5   Thumb Code    64  spi.o(i.MX_SPI1_Init)
    MX_SPI2_Init                             0x080061ed   Thumb Code    64  spi.o(i.MX_SPI2_Init)
    MX_TIM10_Init                            0x08006235   Thumb Code    92  tim.o(i.MX_TIM10_Init)
    MX_TIM12_Init                            0x08006299   Thumb Code   138  tim.o(i.MX_TIM12_Init)
    MX_TIM14_Init                            0x0800632d   Thumb Code    44  tim.o(i.MX_TIM14_Init)
    MX_TIM1_Init                             0x08006361   Thumb Code   240  tim.o(i.MX_TIM1_Init)
    MX_TIM2_Init                             0x08006459   Thumb Code   188  tim.o(i.MX_TIM2_Init)
    MX_TIM3_Init                             0x08006519   Thumb Code   186  tim.o(i.MX_TIM3_Init)
    MX_TIM4_Init                             0x080065dd   Thumb Code   192  tim.o(i.MX_TIM4_Init)
    MX_TIM5_Init                             0x080066a5   Thumb Code   186  tim.o(i.MX_TIM5_Init)
    MX_TIM6_Init                             0x08006769   Thumb Code    60  tim.o(i.MX_TIM6_Init)
    MX_TIM8_Init                             0x080067ad   Thumb Code   224  tim.o(i.MX_TIM8_Init)
    MX_UART5_Init                            0x08006895   Thumb Code    50  usart.o(i.MX_UART5_Init)
    MX_USART1_UART_Init                      0x080068d1   Thumb Code    52  usart.o(i.MX_USART1_UART_Init)
    MX_USART3_UART_Init                      0x08006911   Thumb Code    50  usart.o(i.MX_USART3_UART_Init)
    MX_USART6_UART_Init                      0x0800694d   Thumb Code    50  usart.o(i.MX_USART6_UART_Init)
    MX_USB_OTG_FS_PCD_Init                   0x08006989   Thumb Code    52  usb_otg.o(i.MX_USB_OTG_FS_PCD_Init)
    MagazineContorl                          0x080069c1   Thumb Code    52  muc_main_task.o(i.MagazineContorl)
    Magazine_Init                            0x08006a01   Thumb Code    22  muc_stir_wheel.o(i.Magazine_Init)
    MahonyAHRSupdate                         0x08006a1d   Thumb Code   834  mahonyahrs.o(i.MahonyAHRSupdate)
    MahonyAHRSupdateIMU                      0x08006d71   Thumb Code   466  mahonyahrs.o(i.MahonyAHRSupdateIMU)
    MemManage_Handler                        0x08006f55   Thumb Code     2  stm32f4xx_it.o(i.MemManage_Handler)
    MouseDataSend                            0x08006f59   Thumb Code    20  muc_remote.o(i.MouseDataSend)
    MucAutoShootInit                         0x08006f71   Thumb Code   226  muc_auto_shoot.o(i.MucAutoShootInit)
    MucChassisInit                           0x08007099   Thumb Code   262  muc_chassis.o(i.MucChassisInit)
    MucGetShootSpeed                         0x080071d9   Thumb Code     6  muc_shoot_wheel.o(i.MucGetShootSpeed)
    MucImuInit                               0x080071e5   Thumb Code   124  muc_imu.o(i.MucImuInit)
    MucRemoteInit                            0x08007279   Thumb Code    26  muc_remote.o(i.MucRemoteInit)
    MucShootInit                             0x0800729d   Thumb Code    34  muc_shoot_wheel.o(i.MucShootInit)
    MucStirWheelInit                         0x080072c5   Thumb Code   136  muc_stir_wheel.o(i.MucStirWheelInit)
    MucSystemReboot                          0x08007389   Thumb Code    32  main.o(i.MucSystemReboot)
    MucUartReceiveIT                         0x080073b1   Thumb Code    26  muc_hardware_uart.o(i.MucUartReceiveIT)
    NMI_Handler                              0x080073cb   Thumb Code     2  stm32f4xx_it.o(i.NMI_Handler)
    One_shoot                                0x080073cd   Thumb Code   174  muc_shoot_mode.o(i.One_shoot)
    PID_Calc                                 0x08007495   Thumb Code   844  muc_pid.o(i.PID_Calc)
    PID_Init                                 0x08007801   Thumb Code    30  muc_pid.o(i.PID_Init)
    PID_calc                                 0x08007829   Thumb Code   292  pid.o(i.PID_calc)
    PID_init                                 0x08007951   Thumb Code    88  pid.o(i.PID_init)
    PendSV_Handler                           0x080079ad   Thumb Code     2  stm32f4xx_it.o(i.PendSV_Handler)
    Position_Round_Data_deal                 0x080079af   Thumb Code    92  muc_stir_wheel.o(i.Position_Round_Data_deal)
    RemoteDataSend                           0x08007a0d   Thumb Code    24  muc_remote.o(i.RemoteDataSend)
    RemoteTaskLoop                           0x08007a29   Thumb Code    52  muc_remote.o(i.RemoteTaskLoop)
    Running                                  0x08007a65   Thumb Code    34  muc_shoot_mode.o(i.Running)
    SMControlLoop_Task                       0x08007a91   Thumb Code   308  muc_stir_wheel.o(i.SMControlLoop_Task)
    SPI1_DMA_enable                          0x08007be5   Thumb Code  4706  muc_hardware_spi.o(i.SPI1_DMA_enable)
    SPI1_DMA_init                            0x08008e59   Thumb Code   216  muc_hardware_spi.o(i.SPI1_DMA_init)
    STMFLASH_GetFlashSector                  0x08009035   Thumb Code   120  muc_hardware_stmflash.o(i.STMFLASH_GetFlashSector)
    STMFLASH_Read                            0x080090d9   Thumb Code    20  muc_hardware_stmflash.o(i.STMFLASH_Read)
    STMFLASH_Write                           0x080090ed   Thumb Code   164  muc_hardware_stmflash.o(i.STMFLASH_Write)
    SVC_Handler                              0x08009195   Thumb Code     2  stm32f4xx_it.o(i.SVC_Handler)
    SetChassisSpeedTask                      0x08009199   Thumb Code    64  muc_chassis.o(i.SetChassisSpeedTask)
    SetGimbalAngleTask                       0x080091ed   Thumb Code   288  muc_gimbal.o(i.SetGimbalAngleTask)
    SetUsefulData                            0x08009339   Thumb Code    84  muc_stmflash.o(i.SetUsefulData)
    ShootAnalysisKey                         0x08009399   Thumb Code   110  muc_shoot_wheel.o(i.ShootAnalysisKey)
    ShootAnalysisRemote                      0x08009415   Thumb Code    48  muc_shoot_wheel.o(i.ShootAnalysisRemote)
    ShootAnalysisWay                         0x08009451   Thumb Code    22  muc_shoot_wheel.o(i.ShootAnalysisWay)
    Shoot_Loop_Task                          0x0800946d   Thumb Code   144  muc_shoot_wheel.o(i.Shoot_Loop_Task)
    Shoot_Speed_Data_deal                    0x08009521   Thumb Code    60  muc_shoot_wheel.o(i.Shoot_Speed_Data_deal)
    Shooting                                 0x0800955d   Thumb Code    30  muc_shoot_mode.o(i.Shooting)
    Shooting_Speed_Data_deal                 0x08009585   Thumb Code    36  muc_stir_wheel.o(i.Shooting_Speed_Data_deal)
    Sing                                     0x080095a9   Thumb Code    28  muc_hardware_beep.o(i.Sing)
    Sing_Startup_music                       0x080095cd   Thumb Code    30  muc_hardware_beep.o(i.Sing_Startup_music)
    Single                                   0x080095f1   Thumb Code    24  muc_shoot_mode.o(i.Single)
    StirAnalysisKey                          0x0800960d   Thumb Code    74  muc_stir_wheel.o(i.StirAnalysisKey)
    StirAnalysisRemote                       0x08009665   Thumb Code    36  muc_stir_wheel.o(i.StirAnalysisRemote)
    StirAnalysisWay                          0x08009691   Thumb Code    22  muc_stir_wheel.o(i.StirAnalysisWay)
    SuperCapPWMControl                       0x080096ad   Thumb Code   118  muc_hardware_super_capacity.o(i.SuperCapPWMControl)
    SysTick_Handler                          0x0800973d   Thumb Code     4  stm32f4xx_it.o(i.SysTick_Handler)
    SystemClock_Config                       0x08009741   Thumb Code   124  main.o(i.SystemClock_Config)
    SystemInit                               0x080097c5   Thumb Code    66  system_stm32f4xx.o(i.SystemInit)
    SystemStateCheck                         0x08009819   Thumb Code    62  muc_main_task.o(i.SystemStateCheck)
    TIM6_DAC_IRQHandler                      0x08009861   Thumb Code    16  stm32f4xx_it.o(i.TIM6_DAC_IRQHandler)
    TIM_Base_SetConfig                       0x08009875   Thumb Code   156  stm32f4xx_hal_tim.o(i.TIM_Base_SetConfig)
    TIM_CCxChannelCmd                        0x0800993d   Thumb Code    26  stm32f4xx_hal_tim.o(i.TIM_CCxChannelCmd)
    TIM_ETR_SetConfig                        0x08009957   Thumb Code    20  stm32f4xx_hal_tim.o(i.TIM_ETR_SetConfig)
    TIM_OC2_SetConfig                        0x080099dd   Thumb Code    98  stm32f4xx_hal_tim.o(i.TIM_OC2_SetConfig)
    TaskAllBeginRun                          0x08009b49   Thumb Code    18  muc_main_task.o(i.TaskAllBeginRun)
    TaskAllRunningLoop                       0x08009b65   Thumb Code   170  muc_main_task.o(i.TaskAllRunningLoop)
    USART1_IRQHandler                        0x0800a09d   Thumb Code     6  stm32f4xx_it.o(i.USART1_IRQHandler)
    USART3_IRQHandler                        0x0800a0a9   Thumb Code     6  stm32f4xx_it.o(i.USART3_IRQHandler)
    USB_CoreInit                             0x0800a0b5   Thumb Code   112  stm32f4xx_ll_usb.o(i.USB_CoreInit)
    USB_DevDisconnect                        0x0800a161   Thumb Code    24  stm32f4xx_ll_usb.o(i.USB_DevDisconnect)
    USB_DevInit                              0x0800a179   Thumb Code   378  stm32f4xx_ll_usb.o(i.USB_DevInit)
    USB_DisableGlobalInt                     0x0800a305   Thumb Code    12  stm32f4xx_ll_usb.o(i.USB_DisableGlobalInt)
    USB_FlushRxFifo                          0x0800a311   Thumb Code    28  stm32f4xx_ll_usb.o(i.USB_FlushRxFifo)
    USB_FlushTxFifo                          0x0800a331   Thumb Code    32  stm32f4xx_ll_usb.o(i.USB_FlushTxFifo)
    USB_SetCurrentMode                       0x0800a355   Thumb Code    46  stm32f4xx_ll_usb.o(i.USB_SetCurrentMode)
    UpdateConfigParamsForGimbal              0x0800a385   Thumb Code    58  muc_stmflash.o(i.UpdateConfigParamsForGimbal)
    UpdateGimbalGyroCaliData                 0x0800a3c5   Thumb Code   186  muc_gimbal.o(i.UpdateGimbalGyroCaliData)
    UsageFault_Handler                       0x0800a489   Thumb Code     2  stm32f4xx_it.o(i.UsageFault_Handler)
    __ARM_fpclassify                         0x0800a48b   Thumb Code    48  fpclassify.o(i.__ARM_fpclassify)
    __ARM_fpclassifyf                        0x0800a4bb   Thumb Code    38  fpclassifyf.o(i.__ARM_fpclassifyf)
    __hardfp_asinf                           0x0800a501   Thumb Code   258  asinf.o(i.__hardfp_asinf)
    __hardfp_atan2f                          0x0800a62d   Thumb Code   502  atan2f.o(i.__hardfp_atan2f)
    __hardfp_cos                             0x0800a881   Thumb Code   180  cos.o(i.__hardfp_cos)
    __hardfp_sin                             0x0800a949   Thumb Code   180  sin.o(i.__hardfp_sin)
    __hardfp_sqrt                            0x0800aa11   Thumb Code   122  sqrt.o(i.__hardfp_sqrt)
    __ieee754_rem_pio2                       0x0800aa91   Thumb Code   938  rred.o(i.__ieee754_rem_pio2)
    __kernel_cos                             0x0800aec9   Thumb Code   322  cos_i.o(i.__kernel_cos)
    __kernel_poly                            0x0800b039   Thumb Code   248  poly.o(i.__kernel_poly)
    __kernel_sin                             0x0800b131   Thumb Code   280  sin_i.o(i.__kernel_sin)
    __mathlib_dbl_infnan                     0x0800b261   Thumb Code    20  dunder.o(i.__mathlib_dbl_infnan)
    __mathlib_dbl_invalid                    0x0800b279   Thumb Code    24  dunder.o(i.__mathlib_dbl_invalid)
    __mathlib_dbl_underflow                  0x0800b299   Thumb Code    24  dunder.o(i.__mathlib_dbl_underflow)
    __mathlib_flt_infnan                     0x0800b2b9   Thumb Code     6  funder.o(i.__mathlib_flt_infnan)
    __mathlib_flt_infnan2                    0x0800b2bf   Thumb Code     6  funder.o(i.__mathlib_flt_infnan2)
    __mathlib_flt_invalid                    0x0800b2c5   Thumb Code    10  funder.o(i.__mathlib_flt_invalid)
    __mathlib_flt_underflow                  0x0800b2d5   Thumb Code    10  funder.o(i.__mathlib_flt_underflow)
    __scatterload_copy                       0x0800b2e5   Thumb Code    14  handlers.o(i.__scatterload_copy)
    __scatterload_null                       0x0800b2f3   Thumb Code     2  handlers.o(i.__scatterload_null)
    __scatterload_zeroinit                   0x0800b2f5   Thumb Code    14  handlers.o(i.__scatterload_zeroinit)
    __set_errno                              0x0800b305   Thumb Code     6  errno.o(i.__set_errno)
    bibiSing                                 0x0800b311   Thumb Code    56  muc_hardware_beep.o(i.bibiSing)
    bmi088_accel_init                        0x0800b349   Thumb Code   292  bmi088driver.o(i.bmi088_accel_init)
    bmi088_accel_self_test                   0x0800b471   Thumb Code   698  bmi088driver.o(i.bmi088_accel_self_test)
    bmi088_gyro_init                         0x0800b731   Thumb Code   214  bmi088driver.o(i.bmi088_gyro_init)
    bmi088_gyro_self_test                    0x0800b80d   Thumb Code   202  bmi088driver.o(i.bmi088_gyro_self_test)
    fabs                                     0x0800b8d7   Thumb Code    24  fabs.o(i.fabs)
    get_angle                                0x0800b8f1   Thumb Code   202  muc_imu.o(i.get_angle)
    invSqrt                                  0x0800bb39   Thumb Code    40  mahonyahrs.o(i.invSqrt)
    ist8310_GPIO_init                        0x0800bb65   Thumb Code     2  ist8310driver_middleware.o(i.ist8310_GPIO_init)
    ist8310_IIC_read_muli_reg                0x0800bb69   Thumb Code    22  ist8310driver_middleware.o(i.ist8310_IIC_read_muli_reg)
    ist8310_IIC_read_single_reg              0x0800bb85   Thumb Code    38  ist8310driver_middleware.o(i.ist8310_IIC_read_single_reg)
    ist8310_IIC_write_single_reg             0x0800bbb1   Thumb Code    30  ist8310driver_middleware.o(i.ist8310_IIC_write_single_reg)
    ist8310_RST_H                            0x0800bbd5   Thumb Code    10  ist8310driver_middleware.o(i.ist8310_RST_H)
    ist8310_RST_L                            0x0800bbe5   Thumb Code    10  ist8310driver_middleware.o(i.ist8310_RST_L)
    ist8310_com_init                         0x0800bbf5   Thumb Code     2  ist8310driver_middleware.o(i.ist8310_com_init)
    ist8310_delay_ms                         0x0800bbf7   Thumb Code     4  ist8310driver_middleware.o(i.ist8310_delay_ms)
    ist8310_delay_us                         0x0800bbfb   Thumb Code    48  ist8310driver_middleware.o(i.ist8310_delay_us)
    ist8310_init                             0x0800bc2d   Thumb Code   114  ist8310driver.o(i.ist8310_init)
    ist8310_read_mag                         0x0800bca5   Thumb Code    80  ist8310driver.o(i.ist8310_read_mag)
    main                                     0x0800bcf9   Thumb Code   196  main.o(i.main)
    muc_can_wait                             0x0800bdcd   Thumb Code    10  muc_hardware_can.o(i.muc_can_wait)
    set_st_mode                              0x0800bdd9   Thumb Code     6  muc_shoot_mode.o(i.set_st_mode)
    sqrtf                                    0x0800bde5   Thumb Code    62  sqrtf.o(i.sqrtf)
    AHBPrescTable                            0x0800be2a   Data          16  system_stm32f4xx.o(.constdata)
    APBPrescTable                            0x0800be3a   Data           8  system_stm32f4xx.o(.constdata)
    tone_tab                                 0x0800be42   Data          42  muc_hardware_beep.o(.constdata)
    Mavic_Startup_music                      0x0800be6c   Data          14  muc_hardware_beep.o(.constdata)
    Region$$Table$$Base                      0x0800bfc8   Number         0  anon$$obj.o(Region$$Table)
    Region$$Table$$Limit                     0x0800bfe8   Number         0  anon$$obj.o(Region$$Table)
    hcrc                                     0x20000004   Data           8  crc.o(.data)
    uwTickFreq                               0x2000000c   Data           1  stm32f4xx_hal.o(.data)
    uwTickPrio                               0x20000010   Data           4  stm32f4xx_hal.o(.data)
    tickstart                                0x20000014   Data           4  stm32f4xx_hal.o(.data)
    uwTick                                   0x20000018   Data           4  stm32f4xx_hal.o(.data)
    SystemCoreClock                          0x2000001c   Data           4  system_stm32f4xx.o(.data)
    Sta_To_Circle                            0x20000048   Data           4  muc_chassis.o(.data)
    Sta_To_Fllow                             0x2000004c   Data           4  muc_chassis.o(.data)
    Flag_Key_WASD                            0x20000050   Data           4  muc_chassis.o(.data)
    CM1_target_speed                         0x20000054   Data           4  muc_chassis.o(.data)
    CM2_target_speed                         0x20000058   Data           4  muc_chassis.o(.data)
    CM3_target_speed                         0x2000005c   Data           4  muc_chassis.o(.data)
    CM4_target_speed                         0x20000060   Data           4  muc_chassis.o(.data)
    FrontBackTemp                            0x20000064   Data           4  muc_chassis.o(.data)
    LeftRightTemp                            0x20000068   Data           4  muc_chassis.o(.data)
    SuperCap_cjh                             0x20000098   Data           8  muc_chassis.o(.data)
    GimbalYawMidOffset                       0x200000b0   Data           2  muc_gimbal.o(.data)
    GimbalPitchMidOffset                     0x200000b2   Data           2  muc_gimbal.o(.data)
    Target                                   0x200000b4   Data           4  muc_gimbal.o(.data)
    Fdb                                      0x200000b8   Data           4  muc_gimbal.o(.data)
    pitch_angle_pos_ref                      0x200000c8   Data           8  muc_gimbal.o(.data)
    yaw_angle_pos_ref                        0x200000d0   Data           8  muc_gimbal.o(.data)
    pitch_angle_pos_ecd                      0x200000d8   Data           8  muc_gimbal.o(.data)
    yaw_angle_pos_ecd                        0x200000e0   Data           8  muc_gimbal.o(.data)
    pitch_angle_vel_ecd                      0x200000e8   Data           8  muc_gimbal.o(.data)
    yaw_angle_vel_ecd                        0x200000f0   Data           8  muc_gimbal.o(.data)
    pitch_angle_cur_ecd                      0x200000f8   Data           8  muc_gimbal.o(.data)
    yaw_angle_cur_ecd                        0x20000100   Data           8  muc_gimbal.o(.data)
    MouseLeftPressTime                       0x2000011c   Data           2  muc_remote.o(.data)
    rcLostCheckCount                         0x20000120   Data           2  muc_remote.o(.data)
    Heat_Limit                               0x20000124   Data           1  muc_shoot_judge_control.o(.data)
    Shoot_Speed                              0x20000125   Data           1  muc_shoot_judge_control.o(.data)
    Robot_Level                              0x20000126   Data           1  muc_shoot_judge_control.o(.data)
    Shoot_Heat                               0x20000128   Data           2  muc_shoot_judge_control.o(.data)
    Shoot_Max_Heat                           0x2000012a   Data           2  muc_shoot_judge_control.o(.data)
    Remain_Shoot_Number                      0x2000012c   Data           4  muc_shoot_judge_control.o(.data)
    St_Mode                                  0x2000013c   Data           1  muc_shoot_mode.o(.data)
    StopTime                                 0x20000140   Data           4  muc_shoot_mode.o(.data)
    ShootFeedBack                            0x2000015c   Data           8  muc_shoot_mode.o(.data)
    shootStatus                              0x20000168   Data           1  muc_shoot_wheel.o(.data)
    ShootWheelModeFlag                       0x2000016c   Data           4  muc_shoot_wheel.o(.data)
    shooting_position                        0x20000198   Data           2  muc_stir_wheel.o(.data)
    StirSpeedOut                             0x2000019c   Data           4  muc_stir_wheel.o(.data)
    Shoot_State                              0x200001a0   Data           4  muc_stir_wheel.o(.data)
    handledShoot_P_Feedback                  0x200001b4   Data           4  muc_stir_wheel.o(.data)
    gyro_update_flag                         0x200001bc   Data           1  muc_imu.o(.data)
    accel_update_flag                        0x200001bd   Data           1  muc_imu.o(.data)
    accel_temp_update_flag                   0x200001be   Data           1  muc_imu.o(.data)
    mag_update_flag                          0x200001bf   Data           1  muc_imu.o(.data)
    imu_start_dma_flag                       0x200001c0   Data           1  muc_imu.o(.data)
    IMUAngleData                             0x200001c4   Data           4  muc_imu.o(.data)
    accel_temp_dma_tx_buf                    0x200001c8   Data           4  muc_imu.o(.data)
    accel_temp_dma_rx_buf                    0x200001cc   Data           4  muc_imu.o(.data)
    gyro_dma_tx_buf                          0x200001d0   Data           8  muc_imu.o(.data)
    gyro_dma_rx_buf                          0x200001d8   Data           8  muc_imu.o(.data)
    accel_dma_tx_buf                         0x200001e0   Data           9  muc_imu.o(.data)
    BMI088_ACCEL_SEN                         0x200001ec   Data           4  bmi088driver.o(.data)
    BMI088_GYRO_SEN                          0x200001f0   Data           4  bmi088driver.o(.data)
    twoKp                                    0x20000218   Data           4  mahonyahrs.o(.data)
    twoKi                                    0x2000021c   Data           4  mahonyahrs.o(.data)
    integralFBx                              0x20000220   Data           4  mahonyahrs.o(.data)
    integralFBy                              0x20000224   Data           4  mahonyahrs.o(.data)
    integralFBz                              0x20000228   Data           4  mahonyahrs.o(.data)
    RC_Ctl                                   0x20000230   Data          20  main.o(.bss)
    sbus_rx_buffer                           0x20000244   Data          18  main.o(.bss)
    hadc1                                    0x20000258   Data          72  adc.o(.bss)
    hadc3                                    0x200002a0   Data          72  adc.o(.bss)
    hcan1                                    0x200002e8   Data          40  can.o(.bss)
    hcan2                                    0x20000310   Data          40  can.o(.bss)
    hi2c1                                    0x20000338   Data          84  i2c.o(.bss)
    hi2c2                                    0x2000038c   Data          84  i2c.o(.bss)
    hi2c3                                    0x200003e0   Data          84  i2c.o(.bss)
    hdma_i2c2_tx                             0x20000434   Data          96  i2c.o(.bss)
    hrng                                     0x20000494   Data          16  rng.o(.bss)
    hspi1                                    0x200004a4   Data          88  spi.o(.bss)
    hspi2                                    0x200004fc   Data          88  spi.o(.bss)
    hdma_spi1_rx                             0x20000554   Data          96  spi.o(.bss)
    hdma_spi1_tx                             0x200005b4   Data          96  spi.o(.bss)
    htim1                                    0x20000614   Data          64  tim.o(.bss)
    htim2                                    0x20000654   Data          64  tim.o(.bss)
    htim3                                    0x20000694   Data          64  tim.o(.bss)
    htim4                                    0x200006d4   Data          64  tim.o(.bss)
    htim5                                    0x20000714   Data          64  tim.o(.bss)
    htim6                                    0x20000754   Data          64  tim.o(.bss)
    htim8                                    0x20000794   Data          64  tim.o(.bss)
    htim10                                   0x200007d4   Data          64  tim.o(.bss)
    htim12                                   0x20000814   Data          64  tim.o(.bss)
    htim14                                   0x20000854   Data          64  tim.o(.bss)
    huart5                                   0x20000894   Data          64  usart.o(.bss)
    huart1                                   0x200008d4   Data          64  usart.o(.bss)
    huart3                                   0x20000914   Data          64  usart.o(.bss)
    huart6                                   0x20000954   Data          64  usart.o(.bss)
    hdma_usart1_rx                           0x20000994   Data          96  usart.o(.bss)
    hdma_usart3_rx                           0x200009f4   Data          96  usart.o(.bss)
    hdma_usart3_tx                           0x20000a54   Data          96  usart.o(.bss)
    hdma_usart6_rx                           0x20000ab4   Data          96  usart.o(.bss)
    hpcd_USB_OTG_FS                          0x20000b14   Data        1032  usb_otg.o(.bss)
    pFlash                                   0x20000f1c   Data          32  stm32f4xx_hal_flash.o(.bss)
    VisionYawRecive                          0x20000f40   Data          24  muc_auto_shoot.o(.bss)
    VisionPitchRecive                        0x20000f58   Data          24  muc_auto_shoot.o(.bss)
    Vision_Yaw_Target_Pid                    0x20000f70   Data         128  muc_auto_shoot.o(.bss)
    Vision_Pitch_Target_Pid                  0x20000ff0   Data         128  muc_auto_shoot.o(.bss)
    g_MiniPCRxBuf                            0x20001070   Data          40  muc_auto_shoot.o(.bss)
    Vision_Yaw_pid                           0x20001098   Data         128  muc_auto_shoot.o(.bss)
    filter_buf                               0x20001118   Data          52  muc_auto_shoot.o(.bss)
    CM1_speed_pid                            0x20001150   Data         128  muc_chassis.o(.bss)
    CM2_speed_pid                            0x200011d0   Data         128  muc_chassis.o(.bss)
    CM3_speed_pid                            0x20001250   Data         128  muc_chassis.o(.bss)
    CM4_speed_pid                            0x200012d0   Data         128  muc_chassis.o(.bss)
    CM_rotate_pid                            0x20001350   Data         128  muc_chassis.o(.bss)
    CM_circle_pid                            0x200013d0   Data         128  muc_chassis.o(.bss)
    CM1_Feedback                             0x20001450   Data          36  muc_chassis.o(.bss)
    CM2_Feedback                             0x20001474   Data          36  muc_chassis.o(.bss)
    CM3_Feedback                             0x20001498   Data          36  muc_chassis.o(.bss)
    CM4_Feedback                             0x200014bc   Data          36  muc_chassis.o(.bss)
    Yaw_position_pid                         0x200014e0   Data         128  muc_gimbal.o(.bss)
    Yaw_speed_pid                            0x20001560   Data         128  muc_gimbal.o(.bss)
    Yaw_current_pid                          0x200015e0   Data         128  muc_gimbal.o(.bss)
    Pitch_position_pid                       0x20001660   Data         128  muc_gimbal.o(.bss)
    Pitch_speed_pid                          0x200016e0   Data         128  muc_gimbal.o(.bss)
    Pitch_current_pid                        0x20001760   Data         128  muc_gimbal.o(.bss)
    GMYawEncoder                             0x200017e0   Data          72  muc_gimbal.o(.bss)
    GMPitchEncoder                           0x20001828   Data          72  muc_gimbal.o(.bss)
    g_judgeRxDataBuf                         0x20001870   Data         500  muc_referee_system.o(.bss)
    g_judgeTxDataBuf                         0x20001a64   Data         100  muc_referee_system.o(.bss)
    judge_unpack_obj                         0x20001ac8   Data         212  muc_referee_system.o(.bss)
    g_refereeSystemReceMesg                  0x20001b9c   Data         178  muc_referee_system.o(.bss)
    CC_Condition                             0x20001c50   Data          60  muc_remote.o(.bss)
    g_RcRawBuf                               0x20001c8c   Data         127  muc_remote.o(.bss)
    g_RcRawData                              0x20001d0c   Data          40  muc_remote.o(.bss)
    shoot_control_consulation                0x20001d34   Data          10  muc_shoot_judge_control.o(.bss)
    Shoot_Left_Feedback                      0x20001d3e   Data          36  muc_shoot_wheel.o(.bss)
    Shoot_Right_Feedback                     0x20001d62   Data          36  muc_shoot_wheel.o(.bss)
    Stir_speed_pid                           0x20001d88   Data         128  muc_stir_wheel.o(.bss)
    Stir_position_pid                        0x20001e08   Data         128  muc_stir_wheel.o(.bss)
    Stir_speed_Feedback                      0x20001e88   Data          36  muc_stir_wheel.o(.bss)
    Stir_position_Feedback                   0x20001eac   Data          36  muc_stir_wheel.o(.bss)
    g_flash_data                             0x20001ed0   Data          20  muc_stmflash.o(.bss)
    INS_quat                                 0x20001ee4   Data          16  muc_imu.o(.bss)
    INS_angle                                0x20001ef4   Data          12  muc_imu.o(.bss)
    IMU_Real_Data                            0x20001f00   Data          40  muc_imu.o(.bss)
    accel_dma_rx_buf                         0x20001f28   Data           9  muc_imu.o(.bss)
    bmi088_real_data                         0x20001f34   Data          36  muc_imu.o(.bss)
    ist8310_real_data                        0x20001f58   Data          16  muc_imu.o(.bss)
    __initial_sp                             0x20003fb0   Data           0  startup_stm32f407xx.o(STACK)



==============================================================================

Memory Map of the image

  Image Entry point : 0x08000189

  Load Region LR_IROM1 (Base: 0x08000000, Size: 0x0000c218, Max: 0x00100000, ABSOLUTE, COMPRESSED[0x0000c04c])

    Execution Region ER_IROM1 (Exec base: 0x08000000, Load base: 0x08000000, Size: 0x0000bfe8, Max: 0x00100000, ABSOLUTE)

    Exec Addr    Load Addr    Size         Type   Attr      Idx    E Section Name        Object

    0x08000000   0x08000000   0x00000188   Data   RO            3    RESET               startup_stm32f407xx.o
    0x08000188   0x08000188   0x00000000   Code   RO         7517  * .ARM.Collect$$$$00000000  mc_w.l(entry.o)
    0x08000188   0x08000188   0x00000004   Code   RO         7867    .ARM.Collect$$$$00000001  mc_w.l(entry2.o)
    0x0800018c   0x0800018c   0x00000004   Code   RO         7870    .ARM.Collect$$$$00000004  mc_w.l(entry5.o)
    0x08000190   0x08000190   0x00000000   Code   RO         7872    .ARM.Collect$$$$00000008  mc_w.l(entry7b.o)
    0x08000190   0x08000190   0x00000000   Code   RO         7874    .ARM.Collect$$$$0000000A  mc_w.l(entry8b.o)
    0x08000190   0x08000190   0x00000008   Code   RO         7875    .ARM.Collect$$$$0000000B  mc_w.l(entry9a.o)
    0x08000198   0x08000198   0x00000000   Code   RO         7877    .ARM.Collect$$$$0000000D  mc_w.l(entry10a.o)
    0x08000198   0x08000198   0x00000000   Code   RO         7879    .ARM.Collect$$$$0000000F  mc_w.l(entry11a.o)
    0x08000198   0x08000198   0x00000004   Code   RO         7868    .ARM.Collect$$$$00002712  mc_w.l(entry2.o)
    0x0800019c   0x0800019c   0x00000024   Code   RO            4    .text               startup_stm32f407xx.o
    0x080001c0   0x080001c0   0x00000062   Code   RO         7520    .text               mc_w.l(uldiv.o)
    0x08000222   0x08000222   0x00000024   Code   RO         7522    .text               mc_w.l(memcpya.o)
    0x08000246   0x08000246   0x00000024   Code   RO         7524    .text               mc_w.l(memseta.o)
    0x0800026a   0x0800026a   0x0000014e   Code   RO         7789    .text               mf_w.l(dadd.o)
    0x080003b8   0x080003b8   0x000000e4   Code   RO         7791    .text               mf_w.l(dmul.o)
    0x0800049c   0x0800049c   0x000000de   Code   RO         7793    .text               mf_w.l(ddiv.o)
    0x0800057a   0x0800057a   0x00000022   Code   RO         7797    .text               mf_w.l(dflti.o)
    0x0800059c   0x0800059c   0x0000001a   Code   RO         7799    .text               mf_w.l(dfltui.o)
    0x080005b6   0x080005b6   0x0000003e   Code   RO         7801    .text               mf_w.l(dfixi.o)
    0x080005f4   0x080005f4   0x00000026   Code   RO         7803    .text               mf_w.l(f2d.o)
    0x0800061a   0x0800061a   0x00000002   PAD
    0x0800061c   0x0800061c   0x00000030   Code   RO         7805    .text               mf_w.l(cdcmple.o)
    0x0800064c   0x0800064c   0x00000030   Code   RO         7807    .text               mf_w.l(cdrcmple.o)
    0x0800067c   0x0800067c   0x00000038   Code   RO         7809    .text               mf_w.l(d2f.o)
    0x080006b4   0x080006b4   0x0000001e   Code   RO         7884    .text               mc_w.l(llshl.o)
    0x080006d2   0x080006d2   0x00000020   Code   RO         7886    .text               mc_w.l(llushr.o)
    0x080006f2   0x080006f2   0x00000024   Code   RO         7888    .text               mc_w.l(llsshr.o)
    0x08000716   0x08000716   0x00000000   Code   RO         7897    .text               mc_w.l(iusefp.o)
    0x08000716   0x08000716   0x0000006e   Code   RO         7898    .text               mf_w.l(fepilogue.o)
    0x08000784   0x08000784   0x000000ba   Code   RO         7900    .text               mf_w.l(depilogue.o)
    0x0800083e   0x0800083e   0x000000a2   Code   RO         7902    .text               mf_w.l(dsqrt.o)
    0x080008e0   0x080008e0   0x00000024   Code   RO         7916    .text               mc_w.l(init.o)
    0x08000904   0x08000904   0x00000056   Code   RO         7926    .text               mc_w.l(__dczerorl2.o)
    0x0800095a   0x0800095a   0x00000002   PAD
    0x0800095c   0x0800095c   0x00000128   Code   RO         1024    i.ADC_Init          stm32f4xx_hal_adc.o
    0x08000a84   0x08000a84   0x00000020   Code   RO         6886    i.AHRS_init         muc_imu.o
    0x08000aa4   0x08000aa4   0x00000010   Code   RO         6887    i.AHRS_update       muc_imu.o
    0x08000ab4   0x08000ab4   0x00000010   Code   RO         7236    i.BMI088_ACCEL_NS_H  bmi088middleware.o
    0x08000ac4   0x08000ac4   0x00000010   Code   RO         7237    i.BMI088_ACCEL_NS_L  bmi088middleware.o
    0x08000ad4   0x08000ad4   0x00000002   Code   RO         7238    i.BMI088_GPIO_init  bmi088middleware.o
    0x08000ad6   0x08000ad6   0x00000002   PAD
    0x08000ad8   0x08000ad8   0x00000010   Code   RO         7239    i.BMI088_GYRO_NS_H  bmi088middleware.o
    0x08000ae8   0x08000ae8   0x00000010   Code   RO         7240    i.BMI088_GYRO_NS_L  bmi088middleware.o
    0x08000af8   0x08000af8   0x00000080   Code   RO         7100    i.BMI088_accel_read_over  bmi088driver.o
    0x08000b78   0x08000b78   0x00000002   Code   RO         7241    i.BMI088_com_init   bmi088middleware.o
    0x08000b7a   0x08000b7a   0x00000018   Code   RO         7242    i.BMI088_delay_ms   bmi088middleware.o
    0x08000b92   0x08000b92   0x0000002e   Code   RO         7243    i.BMI088_delay_us   bmi088middleware.o
    0x08000bc0   0x08000bc0   0x00000060   Code   RO         7101    i.BMI088_gyro_read_over  bmi088driver.o
    0x08000c20   0x08000c20   0x0000002e   Code   RO         7102    i.BMI088_init       bmi088driver.o
    0x08000c4e   0x08000c4e   0x00000002   PAD
    0x08000c50   0x08000c50   0x00000158   Code   RO         7103    i.BMI088_read       bmi088driver.o
    0x08000da8   0x08000da8   0x00000024   Code   RO         7106    i.BMI088_read_muli_reg  bmi088driver.o
    0x08000dcc   0x08000dcc   0x00000016   Code   RO         7107    i.BMI088_read_single_reg  bmi088driver.o
    0x08000de2   0x08000de2   0x00000002   PAD
    0x08000de4   0x08000de4   0x00000020   Code   RO         7244    i.BMI088_read_write_byte  bmi088middleware.o
    0x08000e04   0x08000e04   0x0000002e   Code   RO         7108    i.BMI088_temperature_read_over  bmi088driver.o
    0x08000e32   0x08000e32   0x00000012   Code   RO         7109    i.BMI088_write_single_reg  bmi088driver.o
    0x08000e44   0x08000e44   0x00000018   Code   RO         5437    i.BeepInit          muc_hardware_beep.o
    0x08000e5c   0x08000e5c   0x00000002   Code   RO          849    i.BusFault_Handler  stm32f4xx_it.o
    0x08000e5e   0x08000e5e   0x00000002   PAD
    0x08000e60   0x08000e60   0x0000000c   Code   RO          850    i.CAN1_RX0_IRQHandler  stm32f4xx_it.o
    0x08000e6c   0x08000e6c   0x0000000c   Code   RO          851    i.CAN2_RX1_IRQHandler  stm32f4xx_it.o
    0x08000e78   0x08000e78   0x0000006a   Code   RO         5482    i.CAN_Send_Message  muc_hardware_can.o
    0x08000ee2   0x08000ee2   0x00000002   PAD
    0x08000ee4   0x08000ee4   0x000004ac   Code   RO         5912    i.CMControlForChassisLoopTask  muc_chassis.o
    0x08001390   0x08001390   0x00000064   Code   RO         5483    i.CanFilter_Init    muc_hardware_can.o
    0x080013f4   0x080013f4   0x000001f4   Code   RO         5914    i.ChassisDataAnalysisKey  muc_chassis.o
    0x080015e8   0x080015e8   0x0000005c   Code   RO         5915    i.ChassisDataAnalysisRomote  muc_chassis.o
    0x08001644   0x08001644   0x00000040   Code   RO         5916    i.ChassisDataAnalysisWay  muc_chassis.o
    0x08001684   0x08001684   0x0000003c   Code   RO         5917    i.ChassisDealDataFromCan  muc_chassis.o
    0x080016c0   0x080016c0   0x00000068   Code   RO         6685    i.CheckConfigParams  muc_stmflash.o
    0x08001728   0x08001728   0x00000050   Code   RO         6686    i.CheckDataUseful   muc_stmflash.o
    0x08001778   0x08001778   0x000000b0   Code   RO         6332    i.CheckKeyBoardStatus  muc_remote.o
    0x08001828   0x08001828   0x00000014   Code   RO         6687    i.CleanGimbalCaliData  muc_stmflash.o
    0x0800183c   0x0800183c   0x00000014   Code   RO         6688    i.CleanIMUCaliData  muc_stmflash.o
    0x08001850   0x08001850   0x0000000c   Code   RO          852    i.DMA1_Stream4_IRQHandler  stm32f4xx_it.o
    0x0800185c   0x0800185c   0x0000000c   Code   RO          853    i.DMA2_Stream0_IRQHandler  stm32f4xx_it.o
    0x08001868   0x08001868   0x0000000c   Code   RO          854    i.DMA2_Stream1_IRQHandler  stm32f4xx_it.o
    0x08001874   0x08001874   0x000002c4   Code   RO         6888    i.DMA2_Stream2_IRQHandler  muc_imu.o
    0x08001b38   0x08001b38   0x00000028   Code   RO         1755    i.DMA_CalcBaseAndBitshift  stm32f4xx_hal_dma.o
    0x08001b60   0x08001b60   0x00000054   Code   RO         1756    i.DMA_CheckFifoParam  stm32f4xx_hal_dma.o
    0x08001bb4   0x08001bb4   0x00000028   Code   RO         1757    i.DMA_SetConfig     stm32f4xx_hal_dma.o
    0x08001bdc   0x08001bdc   0x000000a0   Code   RO         6176    i.DataSlopeProcessing  muc_main_task.o
    0x08001c7c   0x08001c7c   0x00000002   Code   RO         5621    i.Deal_Data_ForShift  muc_hardware_super_capacity.o
    0x08001c7e   0x08001c7e   0x00000002   PAD
    0x08001c80   0x08001c80   0x00000058   Code   RO         6408    i.Deal_Data_From_Chassis1  muc_shoot_judge_control.o
    0x08001cd8   0x08001cd8   0x00000008   Code   RO         6409    i.Deal_Data_From_Chassis2  muc_shoot_judge_control.o
    0x08001ce0   0x08001ce0   0x00000002   Code   RO          855    i.DebugMon_Handler  stm32f4xx_it.o
    0x08001ce2   0x08001ce2   0x00000006   Code   RO          856    i.EXTI0_IRQHandler  stm32f4xx_it.o
    0x08001ce8   0x08001ce8   0x00000006   Code   RO          857    i.EXTI3_IRQHandler  stm32f4xx_it.o
    0x08001cee   0x08001cee   0x00000006   Code   RO          858    i.EXTI4_IRQHandler  stm32f4xx_it.o
    0x08001cf4   0x08001cf4   0x00000006   Code   RO          859    i.EXTI9_5_IRQHandler  stm32f4xx_it.o
    0x08001cfa   0x08001cfa   0x00000002   Code   RO           13    i.Error_Handler     main.o
    0x08001cfc   0x08001cfc   0x00000050   Code   RO         1570    i.FLASH_Erase_Sector  stm32f4xx_hal_flash_ex.o
    0x08001d4c   0x08001d4c   0x00000054   Code   RO         1571    i.FLASH_FlushCaches  stm32f4xx_hal_flash_ex.o
    0x08001da0   0x08001da0   0x00000028   Code   RO         1572    i.FLASH_MassErase   stm32f4xx_hal_flash_ex.o
    0x08001dc8   0x08001dc8   0x00000020   Code   RO         1452    i.FLASH_Program_Byte  stm32f4xx_hal_flash.o
    0x08001de8   0x08001de8   0x00000028   Code   RO         1453    i.FLASH_Program_DoubleWord  stm32f4xx_hal_flash.o
    0x08001e10   0x08001e10   0x00000024   Code   RO         1454    i.FLASH_Program_HalfWord  stm32f4xx_hal_flash.o
    0x08001e34   0x08001e34   0x00000024   Code   RO         1455    i.FLASH_Program_Word  stm32f4xx_hal_flash.o
    0x08001e58   0x08001e58   0x00000068   Code   RO         1456    i.FLASH_SetErrorCode  stm32f4xx_hal_flash.o
    0x08001ec0   0x08001ec0   0x00000050   Code   RO         1457    i.FLASH_WaitForLastOperation  stm32f4xx_hal_flash.o
    0x08001f10   0x08001f10   0x00000164   Code   RO         5997    i.GMControlLoopTask  muc_gimbal.o
    0x08002074   0x08002074   0x00000020   Code   RO         6689    i.GetCaliDataSta    muc_stmflash.o
    0x08002094   0x08002094   0x00000010   Code   RO         6690    i.GetGimbalCaliData  muc_stmflash.o
    0x080020a4   0x080020a4   0x00000030   Code   RO         5539    i.GetKeyPressUpAction  muc_hardware_key.o
    0x080020d4   0x080020d4   0x0000001c   Code   RO         5540    i.GetKeySta         muc_hardware_key.o
    0x080020f0   0x080020f0   0x000000b0   Code   RO         6333    i.GetSwitchAction   muc_remote.o
    0x080021a0   0x080021a0   0x0000000c   Code   RO         6177    i.GetWorkState      muc_main_task.o
    0x080021ac   0x080021ac   0x00000050   Code   RO         5998    i.GimbalDataSend    muc_gimbal.o
    0x080021fc   0x080021fc   0x000000dc   Code   RO         5999    i.GimbalDealDataFromCan  muc_gimbal.o
    0x080022d8   0x080022d8   0x0000021c   Code   RO         6000    i.GimbalInit        muc_gimbal.o
    0x080024f4   0x080024f4   0x0000014c   Code   RO         1026    i.HAL_ADC_ConfigChannel  stm32f4xx_hal_adc.o
    0x08002640   0x08002640   0x00000054   Code   RO         1035    i.HAL_ADC_Init      stm32f4xx_hal_adc.o
    0x08002694   0x08002694   0x0000007c   Code   RO          339    i.HAL_ADC_MspInit   adc.o
    0x08002710   0x08002710   0x00000024   Code   RO         2426    i.HAL_CAN_ActivateNotification  stm32f4xx_hal_can.o
    0x08002734   0x08002734   0x000000c8   Code   RO         2427    i.HAL_CAN_AddTxMessage  stm32f4xx_hal_can.o
    0x080027fc   0x080027fc   0x0000010c   Code   RO         2428    i.HAL_CAN_ConfigFilter  stm32f4xx_hal_can.o
    0x08002908   0x08002908   0x00000002   Code   RO         2431    i.HAL_CAN_ErrorCallback  stm32f4xx_hal_can.o
    0x0800290a   0x0800290a   0x000000e8   Code   RO         2434    i.HAL_CAN_GetRxMessage  stm32f4xx_hal_can.o
    0x080029f2   0x080029f2   0x0000002c   Code   RO         2436    i.HAL_CAN_GetTxMailboxesFreeLevel  stm32f4xx_hal_can.o
    0x08002a1e   0x08002a1e   0x000001fc   Code   RO         2438    i.HAL_CAN_IRQHandler  stm32f4xx_hal_can.o
    0x08002c1a   0x08002c1a   0x0000011a   Code   RO         2439    i.HAL_CAN_Init      stm32f4xx_hal_can.o
    0x08002d34   0x08002d34   0x000000fc   Code   RO          387    i.HAL_CAN_MspInit   can.o
    0x08002e30   0x08002e30   0x00000002   Code   RO         2446    i.HAL_CAN_RxFifo0FullCallback  stm32f4xx_hal_can.o
    0x08002e32   0x08002e32   0x00000002   PAD
    0x08002e34   0x08002e34   0x000000c8   Code   RO         5484    i.HAL_CAN_RxFifo0MsgPendingCallback  muc_hardware_can.o
    0x08002efc   0x08002efc   0x00000002   Code   RO         2448    i.HAL_CAN_RxFifo1FullCallback  stm32f4xx_hal_can.o
    0x08002efe   0x08002efe   0x00000002   PAD
    0x08002f00   0x08002f00   0x000000a4   Code   RO         5485    i.HAL_CAN_RxFifo1MsgPendingCallback  muc_hardware_can.o
    0x08002fa4   0x08002fa4   0x00000002   Code   RO         2450    i.HAL_CAN_SleepCallback  stm32f4xx_hal_can.o
    0x08002fa6   0x08002fa6   0x00000002   PAD
    0x08002fa8   0x08002fa8   0x00000058   Code   RO         2451    i.HAL_CAN_Start     stm32f4xx_hal_can.o
    0x08003000   0x08003000   0x00000002   Code   RO         2453    i.HAL_CAN_TxMailbox0AbortCallback  stm32f4xx_hal_can.o
    0x08003002   0x08003002   0x00000002   Code   RO         2454    i.HAL_CAN_TxMailbox0CompleteCallback  stm32f4xx_hal_can.o
    0x08003004   0x08003004   0x00000002   Code   RO         2455    i.HAL_CAN_TxMailbox1AbortCallback  stm32f4xx_hal_can.o
    0x08003006   0x08003006   0x00000002   Code   RO         2456    i.HAL_CAN_TxMailbox1CompleteCallback  stm32f4xx_hal_can.o
    0x08003008   0x08003008   0x00000002   Code   RO         2457    i.HAL_CAN_TxMailbox2AbortCallback  stm32f4xx_hal_can.o
    0x0800300a   0x0800300a   0x00000002   Code   RO         2458    i.HAL_CAN_TxMailbox2CompleteCallback  stm32f4xx_hal_can.o
    0x0800300c   0x0800300c   0x00000002   Code   RO         2460    i.HAL_CAN_WakeUpFromRxMsgCallback  stm32f4xx_hal_can.o
    0x0800300e   0x0800300e   0x00000026   Code   RO         2663    i.HAL_CRC_Init      stm32f4xx_hal_crc.o
    0x08003034   0x08003034   0x00000028   Code   RO          436    i.HAL_CRC_MspInit   crc.o
    0x0800305c   0x0800305c   0x00000024   Code   RO         1759    i.HAL_DMA_Abort_IT  stm32f4xx_hal_dma.o
    0x08003080   0x08003080   0x000001a0   Code   RO         1763    i.HAL_DMA_IRQHandler  stm32f4xx_hal_dma.o
    0x08003220   0x08003220   0x000000d4   Code   RO         1764    i.HAL_DMA_Init      stm32f4xx_hal_dma.o
    0x080032f4   0x080032f4   0x00000046   Code   RO         1767    i.HAL_DMA_Start     stm32f4xx_hal_dma.o
    0x0800333a   0x0800333a   0x00000078   Code   RO         1768    i.HAL_DMA_Start_IT  stm32f4xx_hal_dma.o
    0x080033b2   0x080033b2   0x00000002   PAD
    0x080033b4   0x080033b4   0x00000028   Code   RO         2177    i.HAL_Delay         stm32f4xx_hal.o
    0x080033dc   0x080033dc   0x00000098   Code   RO         1573    i.HAL_FLASHEx_Erase  stm32f4xx_hal_flash_ex.o
    0x08003474   0x08003474   0x00000014   Code   RO         1461    i.HAL_FLASH_Lock    stm32f4xx_hal_flash.o
    0x08003488   0x08003488   0x0000007c   Code   RO         1466    i.HAL_FLASH_Program  stm32f4xx_hal_flash.o
    0x08003504   0x08003504   0x0000002c   Code   RO         1468    i.HAL_FLASH_Unlock  stm32f4xx_hal_flash.o
    0x08003530   0x08003530   0x00000064   Code   RO         6889    i.HAL_GPIO_EXTI_Callback  muc_imu.o
    0x08003594   0x08003594   0x00000018   Code   RO         1650    i.HAL_GPIO_EXTI_IRQHandler  stm32f4xx_hal_gpio.o
    0x080035ac   0x080035ac   0x000001b0   Code   RO         1651    i.HAL_GPIO_Init     stm32f4xx_hal_gpio.o
    0x0800375c   0x0800375c   0x0000000a   Code   RO         1653    i.HAL_GPIO_ReadPin  stm32f4xx_hal_gpio.o
    0x08003766   0x08003766   0x0000000e   Code   RO         1654    i.HAL_GPIO_TogglePin  stm32f4xx_hal_gpio.o
    0x08003774   0x08003774   0x0000000a   Code   RO         1655    i.HAL_GPIO_WritePin  stm32f4xx_hal_gpio.o
    0x0800377e   0x0800377e   0x00000002   PAD
    0x08003780   0x08003780   0x0000000c   Code   RO         2183    i.HAL_GetTick       stm32f4xx_hal.o
    0x0800378c   0x0800378c   0x00000174   Code   RO         2730    i.HAL_I2C_Init      stm32f4xx_hal_i2c.o
    0x08003900   0x08003900   0x000001f8   Code   RO         2748    i.HAL_I2C_Mem_Read  stm32f4xx_hal_i2c.o
    0x08003af8   0x08003af8   0x00000130   Code   RO         2751    i.HAL_I2C_Mem_Write  stm32f4xx_hal_i2c.o
    0x08003c28   0x08003c28   0x00000158   Code   RO          502    i.HAL_I2C_MspInit   i2c.o
    0x08003d80   0x08003d80   0x00000010   Code   RO         2189    i.HAL_IncTick       stm32f4xx_hal.o
    0x08003d90   0x08003d90   0x00000034   Code   RO         2190    i.HAL_Init          stm32f4xx_hal.o
    0x08003dc4   0x08003dc4   0x00000040   Code   RO         2191    i.HAL_InitTick      stm32f4xx_hal.o
    0x08003e04   0x08003e04   0x00000030   Code   RO          997    i.HAL_MspInit       stm32f4xx_hal_msp.o
    0x08003e34   0x08003e34   0x0000008e   Code   RO         4518    i.HAL_MultiProcessor_Init  stm32f4xx_hal_uart.o
    0x08003ec2   0x08003ec2   0x0000001a   Code   RO         2040    i.HAL_NVIC_EnableIRQ  stm32f4xx_hal_cortex.o
    0x08003edc   0x08003edc   0x00000040   Code   RO         2046    i.HAL_NVIC_SetPriority  stm32f4xx_hal_cortex.o
    0x08003f1c   0x08003f1c   0x00000024   Code   RO         2047    i.HAL_NVIC_SetPriorityGrouping  stm32f4xx_hal_cortex.o
    0x08003f40   0x08003f40   0x000000e2   Code   RO         4858    i.HAL_PCD_Init      stm32f4xx_hal_pcd.o
    0x08004022   0x08004022   0x00000002   PAD
    0x08004024   0x08004024   0x00000074   Code   RO          808    i.HAL_PCD_MspInit   usb_otg.o
    0x08004098   0x08004098   0x00000130   Code   RO         1297    i.HAL_RCC_ClockConfig  stm32f4xx_hal_rcc.o
    0x080041c8   0x080041c8   0x00000020   Code   RO         1304    i.HAL_RCC_GetPCLK1Freq  stm32f4xx_hal_rcc.o
    0x080041e8   0x080041e8   0x00000020   Code   RO         1305    i.HAL_RCC_GetPCLK2Freq  stm32f4xx_hal_rcc.o
    0x08004208   0x08004208   0x00000064   Code   RO         1306    i.HAL_RCC_GetSysClockFreq  stm32f4xx_hal_rcc.o
    0x0800426c   0x0800426c   0x0000031c   Code   RO         1309    i.HAL_RCC_OscConfig  stm32f4xx_hal_rcc.o
    0x08004588   0x08004588   0x00000032   Code   RO         3168    i.HAL_RNG_Init      stm32f4xx_hal_rng.o
    0x080045ba   0x080045ba   0x00000002   PAD
    0x080045bc   0x080045bc   0x00000028   Code   RO          556    i.HAL_RNG_MspInit   rng.o
    0x080045e4   0x080045e4   0x00000080   Code   RO         3272    i.HAL_SPI_Init      stm32f4xx_hal_spi.o
    0x08004664   0x08004664   0x00000148   Code   RO          598    i.HAL_SPI_MspInit   spi.o
    0x080047ac   0x080047ac   0x000001e2   Code   RO         3281    i.HAL_SPI_TransmitReceive  stm32f4xx_hal_spi.o
    0x0800498e   0x0800498e   0x00000028   Code   RO         2051    i.HAL_SYSTICK_Config  stm32f4xx_hal_cortex.o
    0x080049b6   0x080049b6   0x00000002   Code   RO         4260    i.HAL_TIMEx_BreakCallback  stm32f4xx_hal_tim_ex.o
    0x080049b8   0x080049b8   0x00000002   Code   RO         4261    i.HAL_TIMEx_CommutCallback  stm32f4xx_hal_tim_ex.o
    0x080049ba   0x080049ba   0x00000054   Code   RO         4263    i.HAL_TIMEx_ConfigBreakDeadTime  stm32f4xx_hal_tim_ex.o
    0x08004a0e   0x08004a0e   0x00000042   Code   RO         4278    i.HAL_TIMEx_MasterConfigSynchronization  stm32f4xx_hal_tim_ex.o
    0x08004a50   0x08004a50   0x00000036   Code   RO         3585    i.HAL_TIM_Base_Init  stm32f4xx_hal_tim.o
    0x08004a86   0x08004a86   0x00000002   PAD
    0x08004a88   0x08004a88   0x0000011c   Code   RO          646    i.HAL_TIM_Base_MspInit  tim.o
    0x08004ba4   0x08004ba4   0x00000024   Code   RO         3588    i.HAL_TIM_Base_Start  stm32f4xx_hal_tim.o
    0x08004bc8   0x08004bc8   0x00000022   Code   RO         3590    i.HAL_TIM_Base_Start_IT  stm32f4xx_hal_tim.o
    0x08004bea   0x08004bea   0x000000d6   Code   RO         3594    i.HAL_TIM_ConfigClockSource  stm32f4xx_hal_tim.o
    0x08004cc0   0x08004cc0   0x00000002   Code   RO         3614    i.HAL_TIM_IC_CaptureCallback  stm32f4xx_hal_tim.o
    0x08004cc2   0x08004cc2   0x00000166   Code   RO         3628    i.HAL_TIM_IRQHandler  stm32f4xx_hal_tim.o
    0x08004e28   0x08004e28   0x00000290   Code   RO          647    i.HAL_TIM_MspPostInit  tim.o
    0x080050b8   0x080050b8   0x00000002   Code   RO         3631    i.HAL_TIM_OC_DelayElapsedCallback  stm32f4xx_hal_tim.o
    0x080050ba   0x080050ba   0x000000d0   Code   RO         3652    i.HAL_TIM_PWM_ConfigChannel  stm32f4xx_hal_tim.o
    0x0800518a   0x0800518a   0x00000036   Code   RO         3655    i.HAL_TIM_PWM_Init  stm32f4xx_hal_tim.o
    0x080051c0   0x080051c0   0x00000002   Code   RO         3657    i.HAL_TIM_PWM_MspInit  stm32f4xx_hal_tim.o
    0x080051c2   0x080051c2   0x00000002   Code   RO         3658    i.HAL_TIM_PWM_PulseFinishedCallback  stm32f4xx_hal_tim.o
    0x080051c4   0x080051c4   0x00000044   Code   RO         3660    i.HAL_TIM_PWM_Start  stm32f4xx_hal_tim.o
    0x08005208   0x08005208   0x00000002   Code   RO         3666    i.HAL_TIM_PeriodElapsedCallback  stm32f4xx_hal_tim.o
    0x0800520a   0x0800520a   0x00000002   Code   RO         3671    i.HAL_TIM_TriggerCallback  stm32f4xx_hal_tim.o
    0x0800520c   0x0800520c   0x00000002   Code   RO         4532    i.HAL_UART_ErrorCallback  stm32f4xx_hal_uart.o
    0x0800520e   0x0800520e   0x00000002   PAD
    0x08005210   0x08005210   0x00000110   Code   RO         4535    i.HAL_UART_IRQHandler  stm32f4xx_hal_uart.o
    0x08005320   0x08005320   0x00000294   Code   RO          748    i.HAL_UART_MspInit  usart.o
    0x080055b4   0x080055b4   0x00000098   Code   RO         4540    i.HAL_UART_Receive_DMA  stm32f4xx_hal_uart.o
    0x0800564c   0x0800564c   0x00000068   Code   RO           14    i.HAL_UART_RxCpltCallback  main.o
    0x080056b4   0x080056b4   0x00000002   Code   RO         4543    i.HAL_UART_RxHalfCpltCallback  stm32f4xx_hal_uart.o
    0x080056b6   0x080056b6   0x00000002   Code   RO         4547    i.HAL_UART_TxCpltCallback  stm32f4xx_hal_uart.o
    0x080056b8   0x080056b8   0x00000020   Code   RO         6802    i.HandlerTim6CallBlack  muc_timer.o
    0x080056d8   0x080056d8   0x00000002   Code   RO          860    i.HardFault_Handler  stm32f4xx_it.o
    0x080056da   0x080056da   0x0000002e   Code   RO         2772    i.I2C_IsAcknowledgeFailed  stm32f4xx_hal_i2c.o
    0x08005708   0x08005708   0x000000e6   Code   RO         2781    i.I2C_RequestMemoryRead  stm32f4xx_hal_i2c.o
    0x080057ee   0x080057ee   0x00000002   PAD
    0x080057f0   0x080057f0   0x00000094   Code   RO         2782    i.I2C_RequestMemoryWrite  stm32f4xx_hal_i2c.o
    0x08005884   0x08005884   0x0000004c   Code   RO         2785    i.I2C_WaitOnBTFFlagUntilTimeout  stm32f4xx_hal_i2c.o
    0x080058d0   0x080058d0   0x00000068   Code   RO         2786    i.I2C_WaitOnFlagUntilTimeout  stm32f4xx_hal_i2c.o
    0x08005938   0x08005938   0x00000096   Code   RO         2787    i.I2C_WaitOnMasterAddressFlagUntilTimeout  stm32f4xx_hal_i2c.o
    0x080059ce   0x080059ce   0x00000066   Code   RO         2788    i.I2C_WaitOnRXNEFlagUntilTimeout  stm32f4xx_hal_i2c.o
    0x08005a34   0x08005a34   0x0000004c   Code   RO         2789    i.I2C_WaitOnTXEFlagUntilTimeout  stm32f4xx_hal_i2c.o
    0x08005a80   0x08005a80   0x000000cc   Code   RO         6890    i.ImuAnalysisTask   muc_imu.o
    0x08005b4c   0x08005b4c   0x000000dc   Code   RO         6410    i.JudgementDataCheck_Task  muc_shoot_judge_control.o
    0x08005c28   0x08005c28   0x0000002c   Code   RO         6145    i.LedStaInit        muc_led.o
    0x08005c54   0x08005c54   0x00000028   Code   RO         6146    i.LedTaskLoop       muc_led.o
    0x08005c7c   0x08005c7c   0x00000068   Code   RO         5654    i.MUC_UART_Receive_DMA  muc_hardware_uart.o
    0x08005ce4   0x08005ce4   0x00000064   Code   RO          340    i.MX_ADC1_Init      adc.o
    0x08005d48   0x08005d48   0x00000064   Code   RO          341    i.MX_ADC3_Init      adc.o
    0x08005dac   0x08005dac   0x00000044   Code   RO          388    i.MX_CAN1_Init      can.o
    0x08005df0   0x08005df0   0x00000044   Code   RO          389    i.MX_CAN2_Init      can.o
    0x08005e34   0x08005e34   0x00000024   Code   RO          437    i.MX_CRC_Init       crc.o
    0x08005e58   0x08005e58   0x0000009c   Code   RO          477    i.MX_DMA_Init       dma.o
    0x08005ef4   0x08005ef4   0x000001cc   Code   RO          307    i.MX_GPIO_Init      gpio.o
    0x080060c0   0x080060c0   0x00000040   Code   RO          503    i.MX_I2C1_Init      i2c.o
    0x08006100   0x08006100   0x00000040   Code   RO          504    i.MX_I2C2_Init      i2c.o
    0x08006140   0x08006140   0x00000040   Code   RO          505    i.MX_I2C3_Init      i2c.o
    0x08006180   0x08006180   0x00000024   Code   RO          557    i.MX_RNG_Init       rng.o
    0x080061a4   0x080061a4   0x00000048   Code   RO          599    i.MX_SPI1_Init      spi.o
    0x080061ec   0x080061ec   0x00000048   Code   RO          600    i.MX_SPI2_Init      spi.o
    0x08006234   0x08006234   0x00000064   Code   RO          648    i.MX_TIM10_Init     tim.o
    0x08006298   0x08006298   0x00000094   Code   RO          649    i.MX_TIM12_Init     tim.o
    0x0800632c   0x0800632c   0x00000034   Code   RO          650    i.MX_TIM14_Init     tim.o
    0x08006360   0x08006360   0x000000f8   Code   RO          651    i.MX_TIM1_Init      tim.o
    0x08006458   0x08006458   0x000000c0   Code   RO          652    i.MX_TIM2_Init      tim.o
    0x08006518   0x08006518   0x000000c4   Code   RO          653    i.MX_TIM3_Init      tim.o
    0x080065dc   0x080065dc   0x000000c8   Code   RO          654    i.MX_TIM4_Init      tim.o
    0x080066a4   0x080066a4   0x000000c4   Code   RO          655    i.MX_TIM5_Init      tim.o
    0x08006768   0x08006768   0x00000044   Code   RO          656    i.MX_TIM6_Init      tim.o
    0x080067ac   0x080067ac   0x000000e8   Code   RO          657    i.MX_TIM8_Init      tim.o
    0x08006894   0x08006894   0x0000003c   Code   RO          749    i.MX_UART5_Init     usart.o
    0x080068d0   0x080068d0   0x00000040   Code   RO          750    i.MX_USART1_UART_Init  usart.o
    0x08006910   0x08006910   0x0000003c   Code   RO          751    i.MX_USART3_UART_Init  usart.o
    0x0800694c   0x0800694c   0x0000003c   Code   RO          752    i.MX_USART6_UART_Init  usart.o
    0x08006988   0x08006988   0x00000038   Code   RO          809    i.MX_USB_OTG_FS_PCD_Init  usb_otg.o
    0x080069c0   0x080069c0   0x00000040   Code   RO         6178    i.MagazineContorl   muc_main_task.o
    0x08006a00   0x08006a00   0x0000001c   Code   RO         6606    i.Magazine_Init     muc_stir_wheel.o
    0x08006a1c   0x08006a1c   0x00000354   Code   RO         7306    i.MahonyAHRSupdate  mahonyahrs.o
    0x08006d70   0x08006d70   0x000001e4   Code   RO         7307    i.MahonyAHRSupdateIMU  mahonyahrs.o
    0x08006f54   0x08006f54   0x00000002   Code   RO          861    i.MemManage_Handler  stm32f4xx_it.o
    0x08006f56   0x08006f56   0x00000002   PAD
    0x08006f58   0x08006f58   0x00000018   Code   RO         6334    i.MouseDataSend     muc_remote.o
    0x08006f70   0x08006f70   0x00000128   Code   RO         5849    i.MucAutoShootInit  muc_auto_shoot.o
    0x08007098   0x08007098   0x00000140   Code   RO         5918    i.MucChassisInit    muc_chassis.o
    0x080071d8   0x080071d8   0x0000000c   Code   RO         6529    i.MucGetShootSpeed  muc_shoot_wheel.o
    0x080071e4   0x080071e4   0x00000094   Code   RO         6891    i.MucImuInit        muc_imu.o
    0x08007278   0x08007278   0x00000024   Code   RO         6336    i.MucRemoteInit     muc_remote.o
    0x0800729c   0x0800729c   0x00000028   Code   RO         6531    i.MucShootInit      muc_shoot_wheel.o
    0x080072c4   0x080072c4   0x000000c4   Code   RO         6607    i.MucStirWheelInit  muc_stir_wheel.o
    0x08007388   0x08007388   0x00000028   Code   RO           15    i.MucSystemReboot   main.o
    0x080073b0   0x080073b0   0x0000001a   Code   RO         5655    i.MucUartReceiveIT  muc_hardware_uart.o
    0x080073ca   0x080073ca   0x00000002   Code   RO          862    i.NMI_Handler       stm32f4xx_it.o
    0x080073cc   0x080073cc   0x000000c8   Code   RO         6457    i.One_shoot         muc_shoot_mode.o
    0x08007494   0x08007494   0x0000036c   Code   RO         6247    i.PID_Calc          muc_pid.o
    0x08007800   0x08007800   0x00000028   Code   RO         6248    i.PID_Init          muc_pid.o
    0x08007828   0x08007828   0x00000128   Code   RO         7421    i.PID_calc          pid.o
    0x08007950   0x08007950   0x0000005c   Code   RO         7423    i.PID_init          pid.o
    0x080079ac   0x080079ac   0x00000002   Code   RO          863    i.PendSV_Handler    stm32f4xx_it.o
    0x080079ae   0x080079ae   0x0000005c   Code   RO         6608    i.Position_Round_Data_deal  muc_stir_wheel.o
    0x08007a0a   0x08007a0a   0x00000002   PAD
    0x08007a0c   0x08007a0c   0x0000001c   Code   RO         6338    i.RemoteDataSend    muc_remote.o
    0x08007a28   0x08007a28   0x0000003c   Code   RO         6339    i.RemoteTaskLoop    muc_remote.o
    0x08007a64   0x08007a64   0x0000002c   Code   RO         6458    i.Running           muc_shoot_mode.o
    0x08007a90   0x08007a90   0x00000154   Code   RO         6609    i.SMControlLoop_Task  muc_stir_wheel.o
    0x08007be4   0x08007be4   0x00001274   Code   RO         5726    i.SPI1_DMA_enable   muc_hardware_spi.o
    0x08008e58   0x08008e58   0x000000f0   Code   RO         5727    i.SPI1_DMA_init     muc_hardware_spi.o
    0x08008f48   0x08008f48   0x00000058   Code   RO         3310    i.SPI_EndRxTxTransaction  stm32f4xx_hal_spi.o
    0x08008fa0   0x08008fa0   0x00000094   Code   RO         3315    i.SPI_WaitFlagStateUntilTimeout  stm32f4xx_hal_spi.o
    0x08009034   0x08009034   0x000000a4   Code   RO         5570    i.STMFLASH_GetFlashSector  muc_hardware_stmflash.o
    0x080090d8   0x080090d8   0x00000014   Code   RO         5571    i.STMFLASH_Read     muc_hardware_stmflash.o
    0x080090ec   0x080090ec   0x000000a8   Code   RO         5573    i.STMFLASH_Write    muc_hardware_stmflash.o
    0x08009194   0x08009194   0x00000002   Code   RO          864    i.SVC_Handler       stm32f4xx_it.o
    0x08009196   0x08009196   0x00000002   PAD
    0x08009198   0x08009198   0x00000054   Code   RO         5919    i.SetChassisSpeedTask  muc_chassis.o
    0x080091ec   0x080091ec   0x0000014c   Code   RO         6001    i.SetGimbalAngleTask  muc_gimbal.o
    0x08009338   0x08009338   0x00000060   Code   RO         6692    i.SetUsefulData     muc_stmflash.o
    0x08009398   0x08009398   0x0000007c   Code   RO         6532    i.ShootAnalysisKey  muc_shoot_wheel.o
    0x08009414   0x08009414   0x0000003c   Code   RO         6533    i.ShootAnalysisRemote  muc_shoot_wheel.o
    0x08009450   0x08009450   0x0000001c   Code   RO         6534    i.ShootAnalysisWay  muc_shoot_wheel.o
    0x0800946c   0x0800946c   0x000000b4   Code   RO         6535    i.Shoot_Loop_Task   muc_shoot_wheel.o
    0x08009520   0x08009520   0x0000003c   Code   RO         6536    i.Shoot_Speed_Data_deal  muc_shoot_wheel.o
    0x0800955c   0x0800955c   0x00000028   Code   RO         6459    i.Shooting          muc_shoot_mode.o
    0x08009584   0x08009584   0x00000024   Code   RO         6610    i.Shooting_Speed_Data_deal  muc_stir_wheel.o
    0x080095a8   0x080095a8   0x00000024   Code   RO         5438    i.Sing              muc_hardware_beep.o
    0x080095cc   0x080095cc   0x00000024   Code   RO         5439    i.Sing_Startup_music  muc_hardware_beep.o
    0x080095f0   0x080095f0   0x0000001c   Code   RO         6460    i.Single            muc_shoot_mode.o
    0x0800960c   0x0800960c   0x00000058   Code   RO         6611    i.StirAnalysisKey   muc_stir_wheel.o
    0x08009664   0x08009664   0x0000002c   Code   RO         6612    i.StirAnalysisRemote  muc_stir_wheel.o
    0x08009690   0x08009690   0x0000001c   Code   RO         6613    i.StirAnalysisWay   muc_stir_wheel.o
    0x080096ac   0x080096ac   0x00000090   Code   RO         5622    i.SuperCapPWMControl  muc_hardware_super_capacity.o
    0x0800973c   0x0800973c   0x00000004   Code   RO          865    i.SysTick_Handler   stm32f4xx_it.o
    0x08009740   0x08009740   0x00000084   Code   RO           16    i.SystemClock_Config  main.o
    0x080097c4   0x080097c4   0x00000054   Code   RO         5400    i.SystemInit        system_stm32f4xx.o
    0x08009818   0x08009818   0x00000048   Code   RO         6181    i.SystemStateCheck  muc_main_task.o
    0x08009860   0x08009860   0x00000014   Code   RO          866    i.TIM6_DAC_IRQHandler  stm32f4xx_it.o
    0x08009874   0x08009874   0x000000c8   Code   RO         3673    i.TIM_Base_SetConfig  stm32f4xx_hal_tim.o
    0x0800993c   0x0800993c   0x0000001a   Code   RO         3674    i.TIM_CCxChannelCmd  stm32f4xx_hal_tim.o
    0x08009956   0x08009956   0x00000014   Code   RO         3684    i.TIM_ETR_SetConfig  stm32f4xx_hal_tim.o
    0x0800996a   0x0800996a   0x00000010   Code   RO         3685    i.TIM_ITRx_SetConfig  stm32f4xx_hal_tim.o
    0x0800997a   0x0800997a   0x00000002   PAD
    0x0800997c   0x0800997c   0x00000060   Code   RO         3686    i.TIM_OC1_SetConfig  stm32f4xx_hal_tim.o
    0x080099dc   0x080099dc   0x0000006c   Code   RO         3687    i.TIM_OC2_SetConfig  stm32f4xx_hal_tim.o
    0x08009a48   0x08009a48   0x00000068   Code   RO         3688    i.TIM_OC3_SetConfig  stm32f4xx_hal_tim.o
    0x08009ab0   0x08009ab0   0x00000050   Code   RO         3689    i.TIM_OC4_SetConfig  stm32f4xx_hal_tim.o
    0x08009b00   0x08009b00   0x00000022   Code   RO         3691    i.TIM_TI1_ConfigInputStage  stm32f4xx_hal_tim.o
    0x08009b22   0x08009b22   0x00000024   Code   RO         3693    i.TIM_TI2_ConfigInputStage  stm32f4xx_hal_tim.o
    0x08009b46   0x08009b46   0x00000002   PAD
    0x08009b48   0x08009b48   0x0000001c   Code   RO         6182    i.TaskAllBeginRun   muc_main_task.o
    0x08009b64   0x08009b64   0x000000c4   Code   RO         6183    i.TaskAllRunningLoop  muc_main_task.o
    0x08009c28   0x08009c28   0x00000010   Code   RO         4549    i.UART_DMAAbortOnError  stm32f4xx_hal_uart.o
    0x08009c38   0x08009c38   0x0000004a   Code   RO         4550    i.UART_DMAError     stm32f4xx_hal_uart.o
    0x08009c82   0x08009c82   0x0000003c   Code   RO         4551    i.UART_DMAReceiveCplt  stm32f4xx_hal_uart.o
    0x08009cbe   0x08009cbe   0x0000000a   Code   RO         4553    i.UART_DMARxHalfCplt  stm32f4xx_hal_uart.o
    0x08009cc8   0x08009cc8   0x0000001c   Code   RO         4559    i.UART_EndRxTransfer  stm32f4xx_hal_uart.o
    0x08009ce4   0x08009ce4   0x00000012   Code   RO         4560    i.UART_EndTxTransfer  stm32f4xx_hal_uart.o
    0x08009cf6   0x08009cf6   0x00000096   Code   RO         4561    i.UART_Receive_IT   stm32f4xx_hal_uart.o
    0x08009d8c   0x08009d8c   0x000002ac   Code   RO         4562    i.UART_SetConfig    stm32f4xx_hal_uart.o
    0x0800a038   0x0800a038   0x00000062   Code   RO         4563    i.UART_Transmit_IT  stm32f4xx_hal_uart.o
    0x0800a09a   0x0800a09a   0x00000002   PAD
    0x0800a09c   0x0800a09c   0x0000000c   Code   RO          867    i.USART1_IRQHandler  stm32f4xx_it.o
    0x0800a0a8   0x0800a0a8   0x0000000c   Code   RO          868    i.USART3_IRQHandler  stm32f4xx_it.o
    0x0800a0b4   0x0800a0b4   0x00000074   Code   RO         5104    i.USB_CoreInit      stm32f4xx_ll_usb.o
    0x0800a128   0x0800a128   0x00000038   Code   RO         5105    i.USB_CoreReset     stm32f4xx_ll_usb.o
    0x0800a160   0x0800a160   0x00000018   Code   RO         5110    i.USB_DevDisconnect  stm32f4xx_ll_usb.o
    0x0800a178   0x0800a178   0x0000018c   Code   RO         5111    i.USB_DevInit       stm32f4xx_ll_usb.o
    0x0800a304   0x0800a304   0x0000000c   Code   RO         5112    i.USB_DisableGlobalInt  stm32f4xx_ll_usb.o
    0x0800a310   0x0800a310   0x00000020   Code   RO         5121    i.USB_FlushRxFifo   stm32f4xx_ll_usb.o
    0x0800a330   0x0800a330   0x00000024   Code   RO         5122    i.USB_FlushTxFifo   stm32f4xx_ll_usb.o
    0x0800a354   0x0800a354   0x0000002e   Code   RO         5140    i.USB_SetCurrentMode  stm32f4xx_ll_usb.o
    0x0800a382   0x0800a382   0x00000002   PAD
    0x0800a384   0x0800a384   0x00000040   Code   RO         6693    i.UpdateConfigParamsForGimbal  muc_stmflash.o
    0x0800a3c4   0x0800a3c4   0x000000c4   Code   RO         6002    i.UpdateGimbalGyroCaliData  muc_gimbal.o
    0x0800a488   0x0800a488   0x00000002   Code   RO          869    i.UsageFault_Handler  stm32f4xx_it.o
    0x0800a48a   0x0800a48a   0x00000030   Code   RO         7912    i.__ARM_fpclassify  m_wm.l(fpclassify.o)
    0x0800a4ba   0x0800a4ba   0x00000026   Code   RO         7828    i.__ARM_fpclassifyf  m_wm.l(fpclassifyf.o)
    0x0800a4e0   0x0800a4e0   0x00000020   Code   RO         2053    i.__NVIC_SetPriority  stm32f4xx_hal_cortex.o
    0x0800a500   0x0800a500   0x0000012c   Code   RO         7457    i.__hardfp_asinf    m_wm.l(asinf.o)
    0x0800a62c   0x0800a62c   0x00000250   Code   RO         7469    i.__hardfp_atan2f   m_wm.l(atan2f.o)
    0x0800a87c   0x0800a87c   0x00000004   PAD
    0x0800a880   0x0800a880   0x000000c8   Code   RO         7481    i.__hardfp_cos      m_wm.l(cos.o)
    0x0800a948   0x0800a948   0x000000c8   Code   RO         7493    i.__hardfp_sin      m_wm.l(sin.o)
    0x0800aa10   0x0800aa10   0x0000007a   Code   RO         7505    i.__hardfp_sqrt     m_wm.l(sqrt.o)
    0x0800aa8a   0x0800aa8a   0x00000006   PAD
    0x0800aa90   0x0800aa90   0x00000438   Code   RO         7844    i.__ieee754_rem_pio2  m_wm.l(rred.o)
    0x0800aec8   0x0800aec8   0x00000170   Code   RO         7811    i.__kernel_cos      m_wm.l(cos_i.o)
    0x0800b038   0x0800b038   0x000000f8   Code   RO         7914    i.__kernel_poly     m_wm.l(poly.o)
    0x0800b130   0x0800b130   0x00000130   Code   RO         7849    i.__kernel_sin      m_wm.l(sin_i.o)
    0x0800b260   0x0800b260   0x00000014   Code   RO         7815    i.__mathlib_dbl_infnan  m_wm.l(dunder.o)
    0x0800b274   0x0800b274   0x00000004   PAD
    0x0800b278   0x0800b278   0x00000020   Code   RO         7817    i.__mathlib_dbl_invalid  m_wm.l(dunder.o)
    0x0800b298   0x0800b298   0x00000020   Code   RO         7820    i.__mathlib_dbl_underflow  m_wm.l(dunder.o)
    0x0800b2b8   0x0800b2b8   0x00000006   Code   RO         7831    i.__mathlib_flt_infnan  m_wm.l(funder.o)
    0x0800b2be   0x0800b2be   0x00000006   Code   RO         7832    i.__mathlib_flt_infnan2  m_wm.l(funder.o)
    0x0800b2c4   0x0800b2c4   0x00000010   Code   RO         7833    i.__mathlib_flt_invalid  m_wm.l(funder.o)
    0x0800b2d4   0x0800b2d4   0x00000010   Code   RO         7836    i.__mathlib_flt_underflow  m_wm.l(funder.o)
    0x0800b2e4   0x0800b2e4   0x0000000e   Code   RO         7920    i.__scatterload_copy  mc_w.l(handlers.o)
    0x0800b2f2   0x0800b2f2   0x00000002   Code   RO         7921    i.__scatterload_null  mc_w.l(handlers.o)
    0x0800b2f4   0x0800b2f4   0x0000000e   Code   RO         7922    i.__scatterload_zeroinit  mc_w.l(handlers.o)
    0x0800b302   0x0800b302   0x00000002   PAD
    0x0800b304   0x0800b304   0x0000000c   Code   RO         7892    i.__set_errno       mc_w.l(errno.o)
    0x0800b310   0x0800b310   0x00000038   Code   RO         5440    i.bibiSing          muc_hardware_beep.o
    0x0800b348   0x0800b348   0x00000128   Code   RO         7110    i.bmi088_accel_init  bmi088driver.o
    0x0800b470   0x0800b470   0x000002c0   Code   RO         7111    i.bmi088_accel_self_test  bmi088driver.o
    0x0800b730   0x0800b730   0x000000dc   Code   RO         7112    i.bmi088_gyro_init  bmi088driver.o
    0x0800b80c   0x0800b80c   0x000000ca   Code   RO         7113    i.bmi088_gyro_self_test  bmi088driver.o
    0x0800b8d6   0x0800b8d6   0x00000018   Code   RO         7908    i.fabs              m_wm.l(fabs.o)
    0x0800b8ee   0x0800b8ee   0x00000002   PAD
    0x0800b8f0   0x0800b8f0   0x000000d0   Code   RO         6892    i.get_angle         muc_imu.o
    0x0800b9c0   0x0800b9c0   0x000000f8   Code   RO         6893    i.imu_cmd_spi_dma   muc_imu.o
    0x0800bab8   0x0800bab8   0x00000080   Code   RO         6895    i.imu_temp_control  muc_imu.o
    0x0800bb38   0x0800bb38   0x0000002c   Code   RO         7308    i.invSqrt           mahonyahrs.o
    0x0800bb64   0x0800bb64   0x00000002   Code   RO         7018    i.ist8310_GPIO_init  ist8310driver_middleware.o
    0x0800bb66   0x0800bb66   0x00000002   PAD
    0x0800bb68   0x0800bb68   0x0000001c   Code   RO         7019    i.ist8310_IIC_read_muli_reg  ist8310driver_middleware.o
    0x0800bb84   0x0800bb84   0x0000002c   Code   RO         7020    i.ist8310_IIC_read_single_reg  ist8310driver_middleware.o
    0x0800bbb0   0x0800bbb0   0x00000024   Code   RO         7022    i.ist8310_IIC_write_single_reg  ist8310driver_middleware.o
    0x0800bbd4   0x0800bbd4   0x00000010   Code   RO         7023    i.ist8310_RST_H     ist8310driver_middleware.o
    0x0800bbe4   0x0800bbe4   0x00000010   Code   RO         7024    i.ist8310_RST_L     ist8310driver_middleware.o
    0x0800bbf4   0x0800bbf4   0x00000002   Code   RO         7025    i.ist8310_com_init  ist8310driver_middleware.o
    0x0800bbf6   0x0800bbf6   0x00000004   Code   RO         7026    i.ist8310_delay_ms  ist8310driver_middleware.o
    0x0800bbfa   0x0800bbfa   0x00000030   Code   RO         7027    i.ist8310_delay_us  ist8310driver_middleware.o
    0x0800bc2a   0x0800bc2a   0x00000002   PAD
    0x0800bc2c   0x0800bc2c   0x00000078   Code   RO         6983    i.ist8310_init      ist8310driver.o
    0x0800bca4   0x0800bca4   0x00000054   Code   RO         6984    i.ist8310_read_mag  ist8310driver.o
    0x0800bcf8   0x0800bcf8   0x000000d4   Code   RO           17    i.main              main.o
    0x0800bdcc   0x0800bdcc   0x0000000a   Code   RO         5486    i.muc_can_wait      muc_hardware_can.o
    0x0800bdd6   0x0800bdd6   0x00000002   PAD
    0x0800bdd8   0x0800bdd8   0x0000000c   Code   RO         6464    i.set_st_mode       muc_shoot_mode.o
    0x0800bde4   0x0800bde4   0x0000003e   Code   RO         7857    i.sqrtf             m_wm.l(sqrtf.o)
    0x0800be22   0x0800be22   0x00000008   Data   RO         1770    .constdata          stm32f4xx_hal_dma.o
    0x0800be2a   0x0800be2a   0x00000010   Data   RO         5401    .constdata          system_stm32f4xx.o
    0x0800be3a   0x0800be3a   0x00000008   Data   RO         5402    .constdata          system_stm32f4xx.o
    0x0800be42   0x0800be42   0x00000038   Data   RO         5441    .constdata          muc_hardware_beep.o
    0x0800be7a   0x0800be7a   0x00000002   PAD
    0x0800be7c   0x0800be7c   0x0000000c   Data   RO         6897    .constdata          muc_imu.o
    0x0800be88   0x0800be88   0x0000000c   Data   RO         6986    .constdata          ist8310driver.o
    0x0800be94   0x0800be94   0x00000012   Data   RO         7118    .constdata          bmi088driver.o
    0x0800bea6   0x0800bea6   0x00000002   PAD
    0x0800bea8   0x0800bea8   0x00000030   Data   RO         7812    .constdata          m_wm.l(cos_i.o)
    0x0800bed8   0x0800bed8   0x000000c8   Data   RO         7846    .constdata          m_wm.l(rred.o)
    0x0800bfa0   0x0800bfa0   0x00000028   Data   RO         7850    .constdata          m_wm.l(sin_i.o)
    0x0800bfc8   0x0800bfc8   0x00000020   Data   RO         7918    Region$$Table       anon$$obj.o


    Execution Region RW_IRAM2 (Exec base: 0x10000000, Load base: 0x0800c04c, Size: 0x00000000, Max: 0x00010000, ABSOLUTE)

    **** No section assigned to this execution region ****


    Execution Region RW_IRAM1 (Exec base: 0x20000000, Load base: 0x0800bfe8, Size: 0x00003fb0, Max: 0x00020000, ABSOLUTE, COMPRESSED[0x00000064])

    Exec Addr    Load Addr    Size         Type   Attr      Idx    E Section Name        Object

    0x20000000   COMPRESSED   0x00000004   Data   RW          391    .data               can.o
    0x20000004   COMPRESSED   0x00000008   Data   RW          438    .data               crc.o
    0x2000000c   COMPRESSED   0x00000010   Data   RW         2197    .data               stm32f4xx_hal.o
    0x2000001c   COMPRESSED   0x00000004   Data   RW         5403    .data               system_stm32f4xx.o
    0x20000020   COMPRESSED   0x00000012   Data   RW         5487    .data               muc_hardware_can.o
    0x20000032   COMPRESSED   0x00000001   Data   RW         5541    .data               muc_hardware_key.o
    0x20000033   COMPRESSED   0x00000005   PAD
    0x20000038   COMPRESSED   0x00000078   Data   RW         5921    .data               muc_chassis.o
    0x200000b0   COMPRESSED   0x00000058   Data   RW         6004    .data               muc_gimbal.o
    0x20000108   COMPRESSED   0x00000002   Data   RW         6147    .data               muc_led.o
    0x2000010a   COMPRESSED   0x00000002   PAD
    0x2000010c   COMPRESSED   0x00000010   Data   RW         6184    .data               muc_main_task.o
    0x2000011c   COMPRESSED   0x00000002   Data   RW         6341    .data               muc_remote.o
    0x2000011e   COMPRESSED   0x00000004   Data   RW         6343    .data               muc_remote.o
    0x20000122   COMPRESSED   0x00000002   PAD
    0x20000124   COMPRESSED   0x00000018   Data   RW         6412    .data               muc_shoot_judge_control.o
    0x2000013c   COMPRESSED   0x00000028   Data   RW         6465    .data               muc_shoot_mode.o
    0x20000164   COMPRESSED   0x00000004   PAD
    0x20000168   COMPRESSED   0x00000030   Data   RW         6541    .data               muc_shoot_wheel.o
    0x20000198   COMPRESSED   0x00000020   Data   RW         6615    .data               muc_stir_wheel.o
    0x200001b8   COMPRESSED   0x00000002   Data   RW         6803    .data               muc_timer.o
    0x200001ba   COMPRESSED   0x00000002   PAD
    0x200001bc   COMPRESSED   0x0000002d   Data   RW         6898    .data               muc_imu.o
    0x200001e9   COMPRESSED   0x00000003   PAD
    0x200001ec   COMPRESSED   0x0000002c   Data   RW         7119    .data               bmi088driver.o
    0x20000218   COMPRESSED   0x00000014   Data   RW         7309    .data               mahonyahrs.o
    0x2000022c   COMPRESSED   0x00000004   Data   RW         7893    .data               mc_w.l(errno.o)
    0x20000230        -       0x00000026   Zero   RW           18    .bss                main.o
    0x20000256   COMPRESSED   0x00000002   PAD
    0x20000258        -       0x00000090   Zero   RW          342    .bss                adc.o
    0x200002e8        -       0x00000050   Zero   RW          390    .bss                can.o
    0x20000338        -       0x0000015c   Zero   RW          506    .bss                i2c.o
    0x20000494        -       0x00000010   Zero   RW          558    .bss                rng.o
    0x200004a4        -       0x00000170   Zero   RW          601    .bss                spi.o
    0x20000614        -       0x00000280   Zero   RW          658    .bss                tim.o
    0x20000894        -       0x00000280   Zero   RW          753    .bss                usart.o
    0x20000b14        -       0x00000408   Zero   RW          810    .bss                usb_otg.o
    0x20000f1c        -       0x00000020   Zero   RW         1469    .bss                stm32f4xx_hal_flash.o
    0x20000f3c   COMPRESSED   0x00000004   PAD
    0x20000f40        -       0x0000020c   Zero   RW         5852    .bss                muc_auto_shoot.o
    0x2000114c   COMPRESSED   0x00000004   PAD
    0x20001150        -       0x00000390   Zero   RW         5920    .bss                muc_chassis.o
    0x200014e0        -       0x00000390   Zero   RW         6003    .bss                muc_gimbal.o
    0x20001870        -       0x000003de   Zero   RW         6282    .bss                muc_referee_system.o
    0x20001c4e   COMPRESSED   0x00000002   PAD
    0x20001c50        -       0x000000e4   Zero   RW         6340    .bss                muc_remote.o
    0x20001d34        -       0x0000000a   Zero   RW         6411    .bss                muc_shoot_judge_control.o
    0x20001d3e        -       0x00000024   Zero   RW         6537    .bss                muc_shoot_wheel.o
    0x20001d62        -       0x00000024   Zero   RW         6538    .bss                muc_shoot_wheel.o
    0x20001d86   COMPRESSED   0x00000002   PAD
    0x20001d88        -       0x00000148   Zero   RW         6614    .bss                muc_stir_wheel.o
    0x20001ed0        -       0x00000014   Zero   RW         6695    .bss                muc_stmflash.o
    0x20001ee4        -       0x000000cc   Zero   RW         6896    .bss                muc_imu.o
    0x20001fb0        -       0x00002000   Zero   RW            1    STACK               startup_stm32f407xx.o


==============================================================================

Image component sizes


      Code (inc. data)   RO Data    RW Data    ZI Data      Debug   Object Name

       324         40          0          0        144       2502   adc.o
      2158         32         18         44          0      11099   bmi088driver.o
       170         28          0          0          0       5084   bmi088middleware.o
       388         42          0          4         80       2634   can.o
        76         18          0          8          0       1647   crc.o
       156          4          0          0          0        918   dma.o
       460         30          0          0          0       1307   gpio.o
       536         84          0          0        348       3352   i2c.o
       204         10         12          0          0       2686   ist8310driver.o
       196         30          0          0          0       5934   ist8310driver_middleware.o
      1380         40          0         20          0       3821   mahonyahrs.o
       490         36          0          0         38     796060   main.o
       296         70          0          0        524       3206   muc_auto_shoot.o
      2316        218          0        120        912       9040   muc_chassis.o
      1724        226          0         88        912       8725   muc_gimbal.o
       152         18         56          0          0       3173   muc_hardware_beep.o
       580        104          0         18          0       4659   muc_hardware_can.o
        76         10          0          1          0       1638   muc_hardware_key.o
      4964         74          0          0          0     583902   muc_hardware_spi.o
       352         48          0          0          0       3359   muc_hardware_stmflash.o
       146         26          0          0          0       1982   muc_hardware_super_capacity.o
       130          0          0          0          0       2467   muc_hardware_uart.o
      1792        146         12         45        204      12624   muc_imu.o
        84         14          0          2          0       1087   muc_led.o
       532         64          0         16          0       5524   muc_main_task.o
       916         42          0          0          0       2214   muc_pid.o
         0          0          0          0        990       4225   muc_referee_system.o
       500         40          0          6        228       6367   muc_remote.o
       316         30          0         24         10       4026   muc_shoot_judge_control.o
       324         56          0         40          0       5303   muc_shoot_mode.o
       504         80          0         48         72       6766   muc_shoot_wheel.o
       852        126          0         32        328       7153   muc_stir_wheel.o
       432         60          0          0         20       5759   muc_stmflash.o
        32          8          0          2          0        791   muc_timer.o
       388          8          0          0          0       2578   pid.o
        76         18          0          0         16       1647   rng.o
       472         44          0          0        368       2776   spi.o
        36          8        392          0       8192        872   startup_stm32f407xx.o
       184         30          0         16          0       4871   stm32f4xx_hal.o
       712         28          0          0          0       3043   stm32f4xx_hal_adc.o
      1680          6          0          0          0      15269   stm32f4xx_hal_can.o
       198         14          0          0          0      34195   stm32f4xx_hal_cortex.o
        38          0          0          0          0       1135   stm32f4xx_hal_crc.o
      1018         16          8          0          0       7698   stm32f4xx_hal_dma.o
       516         66          0          0         32       7046   stm32f4xx_hal_flash.o
       356         24          0          0          0       4202   stm32f4xx_hal_flash_ex.o
       490         50          0          0          0       4571   stm32f4xx_hal_gpio.o
      2112         44          0          0          0      13102   stm32f4xx_hal_i2c.o
        48          6          0          0          0        910   stm32f4xx_hal_msp.o
       226          0          0          0          0       1819   stm32f4xx_hal_pcd.o
      1264         80          0          0          0       5388   stm32f4xx_hal_rcc.o
        50          0          0          0          0       1159   stm32f4xx_hal_rng.o
       846          8          0          0          0       4941   stm32f4xx_hal_spi.o
      1758         90          0          0          0      18731   stm32f4xx_hal_tim.o
       154          0          0          0          0       3457   stm32f4xx_hal_tim_ex.o
      1710         28          0          0          0      11512   stm32f4xx_hal_uart.o
       148         46          0          0          0      10532   stm32f4xx_it.o
       718         36          0          0          0       7428   stm32f4xx_ll_usb.o
        84         18         24          4          0       1279   system_stm32f4xx.o
      2572        188          0          0        640      10271   tim.o
       904        100          0          0        640       4479   usart.o
       172         14          0          0       1032       1885   usb_otg.o

    ----------------------------------------------------------------------
     42540       2824        558        556      15744    1707830   Object Totals
         0          0         32          0          0          0   (incl. Generated)
        52          0          4         18         14          0   (incl. Padding)

    ----------------------------------------------------------------------

      Code (inc. data)   RO Data    RW Data    ZI Data      Debug   Library Member Name

       300         42          0          0          0        176   asinf.o
       592         90          0          0          0        184   atan2f.o
       200         20          0          0          0        164   cos.o
       368         46         48          0          0        200   cos_i.o
        84         16          0          0          0        372   dunder.o
        24          0          0          0          0        124   fabs.o
        48          0          0          0          0        124   fpclassify.o
        38          0          0          0          0        116   fpclassifyf.o
        44         12          0          0          0        464   funder.o
       248          0          0          0          0        152   poly.o
      1080        142        200          0          0        188   rred.o
       200         20          0          0          0        164   sin.o
       304         24         40          0          0        208   sin_i.o
       122          0          0          0          0        148   sqrt.o
        62          0          0          0          0        136   sqrtf.o
        86          0          0          0          0          0   __dczerorl2.o
         0          0          0          0          0          0   entry.o
         0          0          0          0          0          0   entry10a.o
         0          0          0          0          0          0   entry11a.o
         8          4          0          0          0          0   entry2.o
         4          0          0          0          0          0   entry5.o
         0          0          0          0          0          0   entry7b.o
         0          0          0          0          0          0   entry8b.o
         8          4          0          0          0          0   entry9a.o
        12          6          0          4          0         68   errno.o
        30          0          0          0          0          0   handlers.o
        36          8          0          0          0         68   init.o
         0          0          0          0          0          0   iusefp.o
        30          0          0          0          0         68   llshl.o
        36          0          0          0          0         68   llsshr.o
        32          0          0          0          0         68   llushr.o
        36          0          0          0          0         68   memcpya.o
        36          0          0          0          0        108   memseta.o
        98          0          0          0          0         92   uldiv.o
        48          0          0          0          0         68   cdcmple.o
        48          0          0          0          0         68   cdrcmple.o
        56          0          0          0          0         88   d2f.o
       334          0          0          0          0        148   dadd.o
       222          0          0          0          0        100   ddiv.o
       186          0          0          0          0        176   depilogue.o
        62          0          0          0          0         80   dfixi.o
        34          0          0          0          0         76   dflti.o
        26          0          0          0          0         76   dfltui.o
       228          0          0          0          0         96   dmul.o
       162          0          0          0          0        100   dsqrt.o
        38          0          0          0          0         68   f2d.o
       110          0          0          0          0        168   fepilogue.o

    ----------------------------------------------------------------------
      5742        438        288          4          0       4840   Library Totals
        22          4          0          0          0          0   (incl. Padding)

    ----------------------------------------------------------------------

      Code (inc. data)   RO Data    RW Data    ZI Data      Debug   Library Name

      3714        412        288          0          0       2920   m_wm.l
       452         22          0          4          0        608   mc_w.l
      1554          0          0          0          0       1312   mf_w.l

    ----------------------------------------------------------------------
      5742        438        288          4          0       4840   Library Totals

    ----------------------------------------------------------------------

==============================================================================


      Code (inc. data)   RO Data    RW Data    ZI Data      Debug   

     48282       3262        846        560      15744    1678918   Grand Totals
     48282       3262        846        100      15744    1678918   ELF Image Totals (compressed)
     48282       3262        846        100          0          0   ROM Totals

==============================================================================

    Total RO  Size (Code + RO Data)                49128 (  47.98kB)
    Total RW  Size (RW Data + ZI Data)             16304 (  15.92kB)
    Total ROM Size (Code + RO Data + RW Data)      49228 (  48.07kB)

==============================================================================

