Component: ARM Compiler 5.06 update 4 (build 422) Tool: armlink [4d35d2]

==============================================================================

Section Cross References

    startup_stm32f407xx.o(RESET) refers to startup_stm32f407xx.o(STACK) for __initial_sp
    startup_stm32f407xx.o(RESET) refers to startup_stm32f407xx.o(.text) for Reset_Handler
    startup_stm32f407xx.o(RESET) refers to stm32f4xx_it.o(i.NMI_Handler) for NMI_Handler
    startup_stm32f407xx.o(RESET) refers to stm32f4xx_it.o(i.HardFault_Handler) for HardFault_Handler
    startup_stm32f407xx.o(RESET) refers to stm32f4xx_it.o(i.MemManage_Handler) for MemManage_Handler
    startup_stm32f407xx.o(RESET) refers to stm32f4xx_it.o(i.BusFault_Handler) for BusFault_Handler
    startup_stm32f407xx.o(RESET) refers to stm32f4xx_it.o(i.UsageFault_Handler) for UsageFault_Handler
    startup_stm32f407xx.o(RESET) refers to stm32f4xx_it.o(i.SVC_Handler) for SVC_Handler
    startup_stm32f407xx.o(RESET) refers to stm32f4xx_it.o(i.DebugMon_Handler) for DebugMon_Handler
    startup_stm32f407xx.o(RESET) refers to stm32f4xx_it.o(i.PendSV_Handler) for PendSV_Handler
    startup_stm32f407xx.o(RESET) refers to stm32f4xx_it.o(i.SysTick_Handler) for SysTick_Handler
    startup_stm32f407xx.o(RESET) refers to stm32f4xx_it.o(i.EXTI0_IRQHandler) for EXTI0_IRQHandler
    startup_stm32f407xx.o(RESET) refers to stm32f4xx_it.o(i.EXTI3_IRQHandler) for EXTI3_IRQHandler
    startup_stm32f407xx.o(RESET) refers to stm32f4xx_it.o(i.EXTI4_IRQHandler) for EXTI4_IRQHandler
    startup_stm32f407xx.o(RESET) refers to stm32f4xx_it.o(i.DMA1_Stream4_IRQHandler) for DMA1_Stream4_IRQHandler
    startup_stm32f407xx.o(RESET) refers to stm32f4xx_it.o(i.CAN1_RX0_IRQHandler) for CAN1_RX0_IRQHandler
    startup_stm32f407xx.o(RESET) refers to stm32f4xx_it.o(i.EXTI9_5_IRQHandler) for EXTI9_5_IRQHandler
    startup_stm32f407xx.o(RESET) refers to stm32f4xx_it.o(i.USART1_IRQHandler) for USART1_IRQHandler
    startup_stm32f407xx.o(RESET) refers to stm32f4xx_it.o(i.USART3_IRQHandler) for USART3_IRQHandler
    startup_stm32f407xx.o(RESET) refers to stm32f4xx_it.o(i.TIM6_DAC_IRQHandler) for TIM6_DAC_IRQHandler
    startup_stm32f407xx.o(RESET) refers to stm32f4xx_it.o(i.DMA2_Stream0_IRQHandler) for DMA2_Stream0_IRQHandler
    startup_stm32f407xx.o(RESET) refers to stm32f4xx_it.o(i.DMA2_Stream1_IRQHandler) for DMA2_Stream1_IRQHandler
    startup_stm32f407xx.o(RESET) refers to muc_imu.o(i.DMA2_Stream2_IRQHandler) for DMA2_Stream2_IRQHandler
    startup_stm32f407xx.o(RESET) refers to stm32f4xx_it.o(i.CAN2_RX1_IRQHandler) for CAN2_RX1_IRQHandler
    startup_stm32f407xx.o(.text) refers to system_stm32f4xx.o(i.SystemInit) for SystemInit
    startup_stm32f407xx.o(.text) refers to entry.o(.ARM.Collect$$$$00000000) for __main
    main.o(i.SystemClock_Config) refers to memseta.o(.text) for __aeabi_memclr4
    main.o(i.SystemClock_Config) refers to stm32f4xx_hal_rcc.o(i.HAL_RCC_OscConfig) for HAL_RCC_OscConfig
    main.o(i.SystemClock_Config) refers to stm32f4xx_hal_rcc.o(i.HAL_RCC_ClockConfig) for HAL_RCC_ClockConfig
    main.o(i.main) refers to stm32f4xx_hal.o(i.HAL_Init) for HAL_Init
    main.o(i.main) refers to main.o(i.SystemClock_Config) for SystemClock_Config
    main.o(i.main) refers to gpio.o(i.MX_GPIO_Init) for MX_GPIO_Init
    main.o(i.main) refers to dma.o(i.MX_DMA_Init) for MX_DMA_Init
    main.o(i.main) refers to adc.o(i.MX_ADC1_Init) for MX_ADC1_Init
    main.o(i.main) refers to adc.o(i.MX_ADC3_Init) for MX_ADC3_Init
    main.o(i.main) refers to can.o(i.MX_CAN1_Init) for MX_CAN1_Init
    main.o(i.main) refers to can.o(i.MX_CAN2_Init) for MX_CAN2_Init
    main.o(i.main) refers to i2c.o(i.MX_I2C1_Init) for MX_I2C1_Init
    main.o(i.main) refers to spi.o(i.MX_SPI1_Init) for MX_SPI1_Init
    main.o(i.main) refers to tim.o(i.MX_TIM4_Init) for MX_TIM4_Init
    main.o(i.main) refers to tim.o(i.MX_TIM5_Init) for MX_TIM5_Init
    main.o(i.main) refers to usart.o(i.MX_USART3_UART_Init) for MX_USART3_UART_Init
    main.o(i.main) refers to tim.o(i.MX_TIM8_Init) for MX_TIM8_Init
    main.o(i.main) refers to crc.o(i.MX_CRC_Init) for MX_CRC_Init
    main.o(i.main) refers to rng.o(i.MX_RNG_Init) for MX_RNG_Init
    main.o(i.main) refers to i2c.o(i.MX_I2C2_Init) for MX_I2C2_Init
    main.o(i.main) refers to i2c.o(i.MX_I2C3_Init) for MX_I2C3_Init
    main.o(i.main) refers to spi.o(i.MX_SPI2_Init) for MX_SPI2_Init
    main.o(i.main) refers to tim.o(i.MX_TIM1_Init) for MX_TIM1_Init
    main.o(i.main) refers to tim.o(i.MX_TIM3_Init) for MX_TIM3_Init
    main.o(i.main) refers to usart.o(i.MX_USART1_UART_Init) for MX_USART1_UART_Init
    main.o(i.main) refers to usart.o(i.MX_USART6_UART_Init) for MX_USART6_UART_Init
    main.o(i.main) refers to usb_otg.o(i.MX_USB_OTG_FS_PCD_Init) for MX_USB_OTG_FS_PCD_Init
    main.o(i.main) refers to tim.o(i.MX_TIM12_Init) for MX_TIM12_Init
    main.o(i.main) refers to tim.o(i.MX_TIM14_Init) for MX_TIM14_Init
    main.o(i.main) refers to tim.o(i.MX_TIM2_Init) for MX_TIM2_Init
[...]
    GimbalInit                               0x08001f7d   Thumb Code   454  muc_gimbal.o(i.GimbalInit)
    HAL_ADC_ConfigChannel                    0x08002199   Thumb Code   316  stm32f4xx_hal_adc.o(i.HAL_ADC_ConfigChannel)
    HAL_ADC_Init                             0x080022e5   Thumb Code    84  stm32f4xx_hal_adc.o(i.HAL_ADC_Init)
    HAL_ADC_MspInit                          0x08002339   Thumb Code   108  adc.o(i.HAL_ADC_MspInit)
    HAL_CAN_ActivateNotification             0x080023b5   Thumb Code    36  stm32f4xx_hal_can.o(i.HAL_CAN_ActivateNotification)
    HAL_CAN_AddTxMessage                     0x080023d9   Thumb Code   200  stm32f4xx_hal_can.o(i.HAL_CAN_AddTxMessage)
    HAL_CAN_ConfigFilter                     0x080024a1   Thumb Code   262  stm32f4xx_hal_can.o(i.HAL_CAN_ConfigFilter)
    HAL_CAN_ErrorCallback                    0x080025ad   Thumb Code     2  stm32f4xx_hal_can.o(i.HAL_CAN_ErrorCallback)
    HAL_CAN_GetRxMessage                     0x080025af   Thumb Code   232  stm32f4xx_hal_can.o(i.HAL_CAN_GetRxMessage)
    HAL_CAN_GetTxMailboxesFreeLevel          0x08002697   Thumb Code    44  stm32f4xx_hal_can.o(i.HAL_CAN_GetTxMailboxesFreeLevel)
    HAL_CAN_IRQHandler                       0x080026c3   Thumb Code   508  stm32f4xx_hal_can.o(i.HAL_CAN_IRQHandler)
    HAL_CAN_Init                             0x080028bf   Thumb Code   282  stm32f4xx_hal_can.o(i.HAL_CAN_Init)
    HAL_CAN_MspInit                          0x080029d9   Thumb Code   226  can.o(i.HAL_CAN_MspInit)
    HAL_CAN_RxFifo0FullCallback              0x08002ad5   Thumb Code     2  stm32f4xx_hal_can.o(i.HAL_CAN_RxFifo0FullCallback)
    HAL_CAN_RxFifo0MsgPendingCallback        0x08002ad9   Thumb Code   126  muc_hardware_can.o(i.HAL_CAN_RxFifo0MsgPendingCallback)
    HAL_CAN_RxFifo1FullCallback              0x08002b89   Thumb Code     2  stm32f4xx_hal_can.o(i.HAL_CAN_RxFifo1FullCallback)
    HAL_CAN_RxFifo1MsgPendingCallback        0x08002b8d   Thumb Code   100  muc_hardware_can.o(i.HAL_CAN_RxFifo1MsgPendingCallback)
    HAL_CAN_SleepCallback                    0x08002bfd   Thumb Code     2  stm32f4xx_hal_can.o(i.HAL_CAN_SleepCallback)
    HAL_CAN_Start                            0x08002c01   Thumb Code    88  stm32f4xx_hal_can.o(i.HAL_CAN_Start)
    HAL_CAN_TxMailbox0AbortCallback          0x08002c59   Thumb Code     2  stm32f4xx_hal_can.o(i.HAL_CAN_TxMailbox0AbortCallback)
    HAL_CAN_TxMailbox0CompleteCallback       0x08002c5b   Thumb Code     2  stm32f4xx_hal_can.o(i.HAL_CAN_TxMailbox0CompleteCallback)
    HAL_CAN_TxMailbox1AbortCallback          0x08002c5d   Thumb Code     2  stm32f4xx_hal_can.o(i.HAL_CAN_TxMailbox1AbortCallback)
    HAL_CAN_TxMailbox1CompleteCallback       0x08002c5f   Thumb Code     2  stm32f4xx_hal_can.o(i.HAL_CAN_TxMailbox1CompleteCallback)
    HAL_CAN_TxMailbox2AbortCallback          0x08002c61   Thumb Code     2  stm32f4xx_hal_can.o(i.HAL_CAN_TxMailbox2AbortCallback)
    HAL_CAN_TxMailbox2CompleteCallback       0x08002c63   Thumb Code     2  stm32f4xx_hal_can.o(i.HAL_CAN_TxMailbox2CompleteCallback)
    HAL_CAN_WakeUpFromRxMsgCallback          0x08002c65   Thumb Code     2  stm32f4xx_hal_can.o(i.HAL_CAN_WakeUpFromRxMsgCallback)
    HAL_CRC_Init                             0x08002c67   Thumb Code    38  stm32f4xx_hal_crc.o(i.HAL_CRC_Init)
    HAL_CRC_MspInit                          0x08002c8d   Thumb Code    30  crc.o(i.HAL_CRC_MspInit)
    HAL_DMA_Abort_IT                         0x08002cb5   Thumb Code    36  stm32f4xx_hal_dma.o(i.HAL_DMA_Abort_IT)
    HAL_DMA_IRQHandler                       0x08002cd9   Thumb Code   412  stm32f4xx_hal_dma.o(i.HAL_DMA_IRQHandler)
    HAL_DMA_Init                             0x08002e79   Thumb Code   206  stm32f4xx_hal_dma.o(i.HAL_DMA_Init)
    HAL_DMA_Start                            0x08002f4d   Thumb Code    70  stm32f4xx_hal_dma.o(i.HAL_DMA_Start)
    HAL_Delay                                0x08002f95   Thumb Code    32  stm32f4xx_hal.o(i.HAL_Delay)
    HAL_FLASHEx_Erase                        0x08002fb9   Thumb Code   144  stm32f4xx_hal_flash_ex.o(i.HAL_FLASHEx_Erase)
    HAL_FLASH_Lock                           0x08003051   Thumb Code    14  stm32f4xx_hal_flash.o(i.HAL_FLASH_Lock)
    HAL_FLASH_Program                        0x08003065   Thumb Code   116  stm32f4xx_hal_flash.o(i.HAL_FLASH_Program)
    HAL_FLASH_Unlock                         0x080030e1   Thumb Code    32  stm32f4xx_hal_flash.o(i.HAL_FLASH_Unlock)
    HAL_GPIO_EXTI_Callback                   0x0800310d   Thumb Code    92  muc_imu.o(i.HAL_GPIO_EXTI_Callback)
    HAL_GPIO_EXTI_IRQHandler                 0x08003171   Thumb Code    18  stm32f4xx_hal_gpio.o(i.HAL_GPIO_EXTI_IRQHandler)
    HAL_GPIO_Init                            0x08003189   Thumb Code   388  stm32f4xx_hal_gpio.o(i.HAL_GPIO_Init)
    HAL_GPIO_ReadPin                         0x08003339   Thumb Code    10  stm32f4xx_hal_gpio.o(i.HAL_GPIO_ReadPin)
    HAL_GPIO_TogglePin                       0x08003343   Thumb Code    14  stm32f4xx_hal_gpio.o(i.HAL_GPIO_TogglePin)
    HAL_GPIO_WritePin                        0x08003351   Thumb Code    10  stm32f4xx_hal_gpio.o(i.HAL_GPIO_WritePin)
    HAL_GetTick                              0x0800335d   Thumb Code     6  stm32f4xx_hal.o(i.HAL_GetTick)
    HAL_I2C_Init                             0x08003369   Thumb Code   356  stm32f4xx_hal_i2c.o(i.HAL_I2C_Init)
    HAL_I2C_Mem_Read                         0x080034dd   Thumb Code   490  stm32f4xx_hal_i2c.o(i.HAL_I2C_Mem_Read)
    HAL_I2C_Mem_Write                        0x080036d5   Thumb Code   294  stm32f4xx_hal_i2c.o(i.HAL_I2C_Mem_Write)
    HAL_I2C_MspInit                          0x08003805   Thumb Code   302  i2c.o(i.HAL_I2C_MspInit)
    HAL_IncTick                              0x0800395d   Thumb Code    12  stm32f4xx_hal.o(i.HAL_IncTick)
    HAL_Init                                 0x0800396d   Thumb Code    48  stm32f4xx_hal.o(i.HAL_Init)
    HAL_InitTick                             0x080039a1   Thumb Code    54  stm32f4xx_hal.o(i.HAL_InitTick)
    HAL_MspInit                              0x080039e1   Thumb Code    42  stm32f4xx_hal_msp.o(i.HAL_MspInit)
    HAL_MultiProcessor_Init                  0x08003a11   Thumb Code   142  stm32f4xx_hal_uart.o(i.HAL_MultiProcessor_Init)
    HAL_NVIC_EnableIRQ                       0x08003a9f   Thumb Code    26  stm32f4xx_hal_cortex.o(i.HAL_NVIC_EnableIRQ)
    HAL_NVIC_SetPriority                     0x08003ab9   Thumb Code    60  stm32f4xx_hal_cortex.o(i.HAL_NVIC_SetPriority)
    HAL_NVIC_SetPriorityGrouping             0x08003af9   Thumb Code    26  stm32f4xx_hal_cortex.o(i.HAL_NVIC_SetPriorityGrouping)
    HAL_PCD_Init                             0x08003b1d   Thumb Code   226  stm32f4xx_hal_pcd.o(i.HAL_PCD_Init)
    HAL_PCD_MspInit                          0x08003c01   Thumb Code   106  usb_otg.o(i.HAL_PCD_MspInit)
    HAL_RCC_ClockConfig                      0x08003c75   Thumb Code   286  stm32f4xx_hal_rcc.o(i.HAL_RCC_ClockConfig)
    HAL_RCC_GetPCLK1Freq                     0x08003da5   Thumb Code    20  stm32f4xx_hal_rcc.o(i.HAL_RCC_GetPCLK1Freq)
    HAL_RCC_GetPCLK2Freq                     0x08003dc5   Thumb Code    20  stm32f4xx_hal_rcc.o(i.HAL_RCC_GetPCLK2Freq)
    HAL_RCC_GetSysClockFreq                  0x08003de5   Thumb Code    88  stm32f4xx_hal_rcc.o(i.HAL_RCC_GetSysClockFreq)
    HAL_RCC_OscConfig                        0x08003e49   Thumb Code   770  stm32f4xx_hal_rcc.o(i.HAL_RCC_OscConfig)
    HAL_RNG_Init                             0x08004165   Thumb Code    50  stm32f4xx_hal_rng.o(i.HAL_RNG_Init)
    HAL_RNG_MspInit                          0x08004199   Thumb Code    30  rng.o(i.HAL_RNG_MspInit)
    HAL_SPI_Init                             0x080041c1   Thumb Code   128  stm32f4xx_hal_spi.o(i.HAL_SPI_Init)
    HAL_SPI_MspInit                          0x08004241   Thumb Code   300  spi.o(i.HAL_SPI_MspInit)
    HAL_SPI_TransmitReceive                  0x08004389   Thumb Code   482  stm32f4xx_hal_spi.o(i.HAL_SPI_TransmitReceive)
    HAL_SYSTICK_Config                       0x0800456b   Thumb Code    40  stm32f4xx_hal_cortex.o(i.HAL_SYSTICK_Config)
    HAL_TIMEx_BreakCallback                  0x08004593   Thumb Code     2  stm32f4xx_hal_tim_ex.o(i.HAL_TIMEx_BreakCallback)
    HAL_TIMEx_CommutCallback                 0x08004595   Thumb Code     2  stm32f4xx_hal_tim_ex.o(i.HAL_TIMEx_CommutCallback)
    HAL_TIMEx_ConfigBreakDeadTime            0x08004597   Thumb Code    84  stm32f4xx_hal_tim_ex.o(i.HAL_TIMEx_ConfigBreakDeadTime)
    HAL_TIMEx_MasterConfigSynchronization    0x080045eb   Thumb Code    66  stm32f4xx_hal_tim_ex.o(i.HAL_TIMEx_MasterConfigSynchronization)
    HAL_TIM_Base_Init                        0x0800462d   Thumb Code    54  stm32f4xx_hal_tim.o(i.HAL_TIM_Base_Init)
    HAL_TIM_Base_MspInit                     0x08004665   Thumb Code   244  tim.o(i.HAL_TIM_Base_MspInit)
    HAL_TIM_Base_Start                       0x08004781   Thumb Code    36  stm32f4xx_hal_tim.o(i.HAL_TIM_Base_Start)
    HAL_TIM_Base_Start_IT                    0x080047a5   Thumb Code    34  stm32f4xx_hal_tim.o(i.HAL_TIM_Base_Start_IT)
    HAL_TIM_ConfigClockSource                0x080047c7   Thumb Code   214  stm32f4xx_hal_tim.o(i.HAL_TIM_ConfigClockSource)
    HAL_TIM_IC_CaptureCallback               0x0800489d   Thumb Code     2  stm32f4xx_hal_tim.o(i.HAL_TIM_IC_CaptureCallback)
    HAL_TIM_IRQHandler                       0x0800489f   Thumb Code   358  stm32f4xx_hal_tim.o(i.HAL_TIM_IRQHandler)
    HAL_TIM_MspPostInit                      0x08004a05   Thumb Code   590  tim.o(i.HAL_TIM_MspPostInit)
    HAL_TIM_OC_DelayElapsedCallback          0x08004c95   Thumb Code     2  stm32f4xx_hal_tim.o(i.HAL_TIM_OC_DelayElapsedCallback)
    HAL_TIM_PWM_ConfigChannel                0x08004c97   Thumb Code   208  stm32f4xx_hal_tim.o(i.HAL_TIM_PWM_ConfigChannel)
    HAL_TIM_PWM_Init                         0x08004d67   Thumb Code    54  stm32f4xx_hal_tim.o(i.HAL_TIM_PWM_Init)
    HAL_TIM_PWM_MspInit                      0x08004d9d   Thumb Code     2  stm32f4xx_hal_tim.o(i.HAL_TIM_PWM_MspInit)
    HAL_TIM_PWM_PulseFinishedCallback        0x08004d9f   Thumb Code     2  stm32f4xx_hal_tim.o(i.HAL_TIM_PWM_PulseFinishedCallback)
    HAL_TIM_PWM_Start                        0x08004da1   Thumb Code    58  stm32f4xx_hal_tim.o(i.HAL_TIM_PWM_Start)
    HAL_TIM_PeriodElapsedCallback            0x08004de5   Thumb Code     2  stm32f4xx_hal_tim.o(i.HAL_TIM_PeriodElapsedCallback)
    HAL_TIM_TriggerCallback                  0x08004de7   Thumb Code     2  stm32f4xx_hal_tim.o(i.HAL_TIM_TriggerCallback)
    HAL_UART_ErrorCallback                   0x08004de9   Thumb Code     2  stm32f4xx_hal_uart.o(i.HAL_UART_ErrorCallback)
    HAL_UART_IRQHandler                      0x08004ded   Thumb Code   266  stm32f4xx_hal_uart.o(i.HAL_UART_IRQHandler)
    HAL_UART_MspInit                         0x08004efd   Thumb Code   602  usart.o(i.HAL_UART_MspInit)
    HAL_UART_RxCpltCallback                  0x08005191   Thumb Code     2  stm32f4xx_hal_uart.o(i.HAL_UART_RxCpltCallback)
    HAL_UART_TxCpltCallback                  0x08005193   Thumb Code     2  stm32f4xx_hal_uart.o(i.HAL_UART_TxCpltCallback)
    HandlerTim6CallBlack                     0x08005195   Thumb Code    24  muc_timer.o(i.HandlerTim6CallBlack)
    HardFault_Handler                        0x080051b5   Thumb Code     2  stm32f4xx_it.o(i.HardFault_Handler)
    ImuAnalysisTask                          0x0800555d   Thumb Code   190  muc_imu.o(i.ImuAnalysisTask)
    JudgementDataCheck_Task                  0x0800562d   Thumb Code   200  muc_shoot_judge_control.o(i.JudgementDataCheck_Task)
    LedStaInit                               0x08005709   Thumb Code    26  muc_led.o(i.LedStaInit)
    LedTaskLoop                              0x0800572d   Thumb Code    30  muc_led.o(i.LedTaskLoop)
    MUC_UART_Receive_DMA                     0x08005755   Thumb Code   104  muc_hardware_uart.o(i.MUC_UART_Receive_DMA)
    MX_ADC1_Init                             0x080057bd   Thumb Code    88  adc.o(i.MX_ADC1_Init)
    MX_ADC3_Init                             0x08005821   Thumb Code    88  adc.o(i.MX_ADC3_Init)
    MX_CAN1_Init                             0x08005885   Thumb Code    60  can.o(i.MX_CAN1_Init)
    MX_CAN2_Init                             0x080058c9   Thumb Code    60  can.o(i.MX_CAN2_Init)
    MX_CRC_Init                              0x0800590d   Thumb Code    28  crc.o(i.MX_CRC_Init)
    MX_DMA_Init                              0x08005931   Thumb Code   152  dma.o(i.MX_DMA_Init)
    MX_GPIO_Init                             0x080059cd   Thumb Code   430  gpio.o(i.MX_GPIO_Init)
    MX_I2C1_Init                             0x08005b99   Thumb Code    50  i2c.o(i.MX_I2C1_Init)
    MX_I2C2_Init                             0x08005bd9   Thumb Code    50  i2c.o(i.MX_I2C2_Init)
    MX_I2C3_Init                             0x08005c19   Thumb Code    50  i2c.o(i.MX_I2C3_Init)
    MX_RNG_Init                              0x08005c59   Thumb Code    28  rng.o(i.MX_RNG_Init)
    MX_SPI1_Init                             0x08005c7d   Thumb Code    64  spi.o(i.MX_SPI1_Init)
    MX_SPI2_Init                             0x08005cc5   Thumb Code    64  spi.o(i.MX_SPI2_Init)
    MX_TIM10_Init                            0x08005d0d   Thumb Code    92  tim.o(i.MX_TIM10_Init)
    MX_TIM12_Init                            0x08005d71   Thumb Code   138  tim.o(i.MX_TIM12_Init)
    MX_TIM14_Init                            0x08005e05   Thumb Code    44  tim.o(i.MX_TIM14_Init)
    MX_TIM1_Init                             0x08005e39   Thumb Code   240  tim.o(i.MX_TIM1_Init)
    MX_TIM2_Init                             0x08005f31   Thumb Code   188  tim.o(i.MX_TIM2_Init)
    MX_TIM3_Init                             0x08005ff1   Thumb Code   186  tim.o(i.MX_TIM3_Init)
    MX_TIM4_Init                             0x080060b5   Thumb Code   192  tim.o(i.MX_TIM4_Init)
    MX_TIM5_Init                             0x0800617d   Thumb Code   186  tim.o(i.MX_TIM5_Init)
    MX_TIM6_Init                             0x08006241   Thumb Code    60  tim.o(i.MX_TIM6_Init)
    MX_TIM8_Init                             0x08006285   Thumb Code   224  tim.o(i.MX_TIM8_Init)
    MX_UART5_Init                            0x0800636d   Thumb Code    50  usart.o(i.MX_UART5_Init)
    MX_USART1_UART_Init                      0x080063a9   Thumb Code    52  usart.o(i.MX_USART1_UART_Init)
    MX_USART3_UART_Init                      0x080063e9   Thumb Code    50  usart.o(i.MX_USART3_UART_Init)
    MX_USART6_UART_Init                      0x08006425   Thumb Code    50  usart.o(i.MX_USART6_UART_Init)
    MX_USB_OTG_FS_PCD_Init                   0x08006461   Thumb Code    52  usb_otg.o(i.MX_USB_OTG_FS_PCD_Init)
    MagazineContorl                          0x08006499   Thumb Code    52  muc_main_task.o(i.MagazineContorl)
    Magazine_Init                            0x080064d9   Thumb Code    20  muc_stir_wheel.o(i.Magazine_Init)
    MahonyAHRSupdate                         0x080064f5   Thumb Code   834  mahonyahrs.o(i.MahonyAHRSupdate)
    MahonyAHRSupdateIMU                      0x08006849   Thumb Code   466  mahonyahrs.o(i.MahonyAHRSupdateIMU)
    MemManage_Handler                        0x08006a2d   Thumb Code     2  stm32f4xx_it.o(i.MemManage_Handler)
    MouseDataSend                            0x08006a31   Thumb Code    20  muc_remote.o(i.MouseDataSend)
    MucAutoShootInit                         0x08006a49   Thumb Code   226  muc_auto_shoot.o(i.MucAutoShootInit)
    MucChassisInit                           0x08006b71   Thumb Code   262  muc_chassis.o(i.MucChassisInit)
    MucGetShootSpeed                         0x08006cb1   Thumb Code     6  muc_shoot_wheel.o(i.MucGetShootSpeed)
    MucImuInit                               0x08006cbd   Thumb Code   124  muc_imu.o(i.MucImuInit)
    MucRemoteInit                            0x08006d51   Thumb Code    26  muc_remote.o(i.MucRemoteInit)
    MucShootInit                             0x08006d75   Thumb Code    34  muc_shoot_wheel.o(i.MucShootInit)
    MucStirWheelInit                         0x08006d9d   Thumb Code   136  muc_stir_wheel.o(i.MucStirWheelInit)
    MucSystemReboot                          0x08006e61   Thumb Code    32  main.o(i.MucSystemReboot)
    MucUartReceiveIT                         0x08006e89   Thumb Code    26  muc_hardware_uart.o(i.MucUartReceiveIT)
    NMI_Handler                              0x08006ea3   Thumb Code     2  stm32f4xx_it.o(i.NMI_Handler)
    One_shoot                                0x08006ea5   Thumb Code   174  muc_shoot_mode.o(i.One_shoot)
    PID_Calc                                 0x08006f6d   Thumb Code   844  muc_pid.o(i.PID_Calc)
    PID_Init                                 0x080072d9   Thumb Code    30  muc_pid.o(i.PID_Init)
    PID_calc                                 0x08007301   Thumb Code   292  pid.o(i.PID_calc)
    PID_init                                 0x08007429   Thumb Code    88  pid.o(i.PID_init)
    PendSV_Handler                           0x08007485   Thumb Code     2  stm32f4xx_it.o(i.PendSV_Handler)
    Position_Round_Data_deal                 0x08007487   Thumb Code    92  muc_stir_wheel.o(i.Position_Round_Data_deal)
    RemoteDataSend                           0x080074e5   Thumb Code    24  muc_remote.o(i.RemoteDataSend)
    RemoteTaskLoop                           0x08007501   Thumb Code    52  muc_remote.o(i.RemoteTaskLoop)
    Running                                  0x0800753d   Thumb Code    34  muc_shoot_mode.o(i.Running)
    SMControlLoop_Task                       0x08007569   Thumb Code   246  muc_stir_wheel.o(i.SMControlLoop_Task)
    SPI1_DMA_enable                          0x08007675   Thumb Code  4706  muc_hardware_spi.o(i.SPI1_DMA_enable)
    SPI1_DMA_init                            0x080088e9   Thumb Code   216  muc_hardware_spi.o(i.SPI1_DMA_init)
    STMFLASH_GetFlashSector                  0x08008ac5   Thumb Code   120  muc_hardware_stmflash.o(i.STMFLASH_GetFlashSector)
    STMFLASH_Read                            0x08008b69   Thumb Code    20  muc_hardware_stmflash.o(i.STMFLASH_Read)
    STMFLASH_Write                           0x08008b7d   Thumb Code   164  muc_hardware_stmflash.o(i.STMFLASH_Write)
    SVC_Handler                              0x08008c25   Thumb Code     2  stm32f4xx_it.o(i.SVC_Handler)
    SetChassisSpeedTask                      0x08008c29   Thumb Code    64  muc_chassis.o(i.SetChassisSpeedTask)
    SetGimbalAngleTask                       0x08008c7d   Thumb Code   290  muc_gimbal.o(i.SetGimbalAngleTask)
    SetUsefulData                            0x08008dd5   Thumb Code    84  muc_stmflash.o(i.SetUsefulData)
    ShootAnalysisKey                         0x08008e35   Thumb Code   110  muc_shoot_wheel.o(i.ShootAnalysisKey)
    ShootAnalysisRemote                      0x08008eb1   Thumb Code    48  muc_shoot_wheel.o(i.ShootAnalysisRemote)
    ShootAnalysisWay                         0x08008eed   Thumb Code    22  muc_shoot_wheel.o(i.ShootAnalysisWay)
    Shoot_Loop_Task                          0x08008f09   Thumb Code   144  muc_shoot_wheel.o(i.Shoot_Loop_Task)
    Shoot_Speed_Data_deal                    0x08008fbd   Thumb Code    60  muc_shoot_wheel.o(i.Shoot_Speed_Data_deal)
    Shooting                                 0x08008ff9   Thumb Code    30  muc_shoot_mode.o(i.Shooting)
    Shooting_Speed_Data_deal                 0x08009021   Thumb Code    36  muc_stir_wheel.o(i.Shooting_Speed_Data_deal)
    Sing                                     0x08009045   Thumb Code    28  muc_hardware_beep.o(i.Sing)
    Sing_Startup_music                       0x08009069   Thumb Code    30  muc_hardware_beep.o(i.Sing_Startup_music)
    Single                                   0x0800908d   Thumb Code    24  muc_shoot_mode.o(i.Single)
    StirAnalysisKey                          0x080090a9   Thumb Code    74  muc_stir_wheel.o(i.StirAnalysisKey)
    StirAnalysisRemote                       0x08009101   Thumb Code    36  muc_stir_wheel.o(i.StirAnalysisRemote)
    StirAnalysisWay                          0x0800912d   Thumb Code    22  muc_stir_wheel.o(i.StirAnalysisWay)
    SuperCapControlLoopTask                  0x08009149   Thumb Code    36  muc_hardware_super_capacity.o(i.SuperCapControlLoopTask)
    SysTick_Handler                          0x08009175   Thumb Code     4  stm32f4xx_it.o(i.SysTick_Handler)
    SystemClock_Config                       0x08009179   Thumb Code   124  main.o(i.SystemClock_Config)
    SystemInit                               0x080091fd   Thumb Code    66  system_stm32f4xx.o(i.SystemInit)
    SystemStateCheck                         0x08009251   Thumb Code    62  muc_main_task.o(i.SystemStateCheck)
    TIM6_DAC_IRQHandler                      0x08009299   Thumb Code    16  stm32f4xx_it.o(i.TIM6_DAC_IRQHandler)
    TIM_Base_SetConfig                       0x080092ad   Thumb Code   156  stm32f4xx_hal_tim.o(i.TIM_Base_SetConfig)
    TIM_CCxChannelCmd                        0x08009375   Thumb Code    26  stm32f4xx_hal_tim.o(i.TIM_CCxChannelCmd)
    TIM_ETR_SetConfig                        0x0800938f   Thumb Code    20  stm32f4xx_hal_tim.o(i.TIM_ETR_SetConfig)
    TIM_OC2_SetConfig                        0x08009415   Thumb Code    98  stm32f4xx_hal_tim.o(i.TIM_OC2_SetConfig)
    TaskAllBeginRun                          0x08009581   Thumb Code    18  muc_main_task.o(i.TaskAllBeginRun)
    TaskAllRunningLoop                       0x0800959d   Thumb Code   170  muc_main_task.o(i.TaskAllRunningLoop)
    USART1_IRQHandler                        0x08009a35   Thumb Code     6  stm32f4xx_it.o(i.USART1_IRQHandler)
    USART3_IRQHandler                        0x08009a41   Thumb Code     6  stm32f4xx_it.o(i.USART3_IRQHandler)
    USB_CoreInit                             0x08009a4d   Thumb Code   112  stm32f4xx_ll_usb.o(i.USB_CoreInit)
    USB_DevDisconnect                        0x08009af9   Thumb Code    24  stm32f4xx_ll_usb.o(i.USB_DevDisconnect)
    USB_DevInit                              0x08009b11   Thumb Code   378  stm32f4xx_ll_usb.o(i.USB_DevInit)
    USB_DisableGlobalInt                     0x08009c9d   Thumb Code    12  stm32f4xx_ll_usb.o(i.USB_DisableGlobalInt)
    USB_FlushRxFifo                          0x08009ca9   Thumb Code    28  stm32f4xx_ll_usb.o(i.USB_FlushRxFifo)
    USB_FlushTxFifo                          0x08009cc9   Thumb Code    32  stm32f4xx_ll_usb.o(i.USB_FlushTxFifo)
    USB_SetCurrentMode                       0x08009ced   Thumb Code    46  stm32f4xx_ll_usb.o(i.USB_SetCurrentMode)
    UpdateConfigParamsForGimbal              0x08009d1d   Thumb Code    58  muc_stmflash.o(i.UpdateConfigParamsForGimbal)
    UpdateGimbalGyroCaliData                 0x08009d5d   Thumb Code   186  muc_gimbal.o(i.UpdateGimbalGyroCaliData)
    UsageFault_Handler                       0x08009e21   Thumb Code     2  stm32f4xx_it.o(i.UsageFault_Handler)
    __ARM_fpclassify                         0x08009e23   Thumb Code    48  fpclassify.o(i.__ARM_fpclassify)
    __ARM_fpclassifyf                        0x08009e53   Thumb Code    38  fpclassifyf.o(i.__ARM_fpclassifyf)
    __hardfp_asinf                           0x08009e99   Thumb Code   258  asinf.o(i.__hardfp_asinf)
    __hardfp_atan2f                          0x08009fc5   Thumb Code   502  atan2f.o(i.__hardfp_atan2f)
    __hardfp_cos                             0x0800a219   Thumb Code   180  cos.o(i.__hardfp_cos)
    __hardfp_sin                             0x0800a2e1   Thumb Code   180  sin.o(i.__hardfp_sin)
    __hardfp_sqrt                            0x0800a3a9   Thumb Code   122  sqrt.o(i.__hardfp_sqrt)
    __ieee754_rem_pio2                       0x0800a429   Thumb Code   938  rred.o(i.__ieee754_rem_pio2)
    __kernel_cos                             0x0800a861   Thumb Code   322  cos_i.o(i.__kernel_cos)
    __kernel_poly                            0x0800a9d1   Thumb Code   248  poly.o(i.__kernel_poly)
    __kernel_sin                             0x0800aac9   Thumb Code   280  sin_i.o(i.__kernel_sin)
    __mathlib_dbl_infnan                     0x0800abf9   Thumb Code    20  dunder.o(i.__mathlib_dbl_infnan)
    __mathlib_dbl_invalid                    0x0800ac11   Thumb Code    24  dunder.o(i.__mathlib_dbl_invalid)
    __mathlib_dbl_underflow                  0x0800ac31   Thumb Code    24  dunder.o(i.__mathlib_dbl_underflow)
    __mathlib_flt_infnan                     0x0800ac51   Thumb Code     6  funder.o(i.__mathlib_flt_infnan)
    __mathlib_flt_infnan2                    0x0800ac57   Thumb Code     6  funder.o(i.__mathlib_flt_infnan2)
    __mathlib_flt_invalid                    0x0800ac5d   Thumb Code    10  funder.o(i.__mathlib_flt_invalid)
    __mathlib_flt_underflow                  0x0800ac6d   Thumb Code    10  funder.o(i.__mathlib_flt_underflow)
    __scatterload_copy                       0x0800ac7d   Thumb Code    14  handlers.o(i.__scatterload_copy)
    __scatterload_null                       0x0800ac8b   Thumb Code     2  handlers.o(i.__scatterload_null)
    __scatterload_zeroinit                   0x0800ac8d   Thumb Code    14  handlers.o(i.__scatterload_zeroinit)
    __set_errno                              0x0800ac9d   Thumb Code     6  errno.o(i.__set_errno)
    bibiSing                                 0x0800aca9   Thumb Code    44  muc_hardware_beep.o(i.bibiSing)
    bmi088_accel_init                        0x0800acd5   Thumb Code   292  bmi088driver.o(i.bmi088_accel_init)
    bmi088_accel_self_test                   0x0800adfd   Thumb Code   698  bmi088driver.o(i.bmi088_accel_self_test)
    bmi088_gyro_init                         0x0800b0bd   Thumb Code   214  bmi088driver.o(i.bmi088_gyro_init)
    bmi088_gyro_self_test                    0x0800b199   Thumb Code   202  bmi088driver.o(i.bmi088_gyro_self_test)
    fabs                                     0x0800b263   Thumb Code    24  fabs.o(i.fabs)
    get_angle                                0x0800b27d   Thumb Code   202  muc_imu.o(i.get_angle)
    invSqrt                                  0x0800b4c5   Thumb Code    40  mahonyahrs.o(i.invSqrt)
    ist8310_GPIO_init                        0x0800b4f1   Thumb Code     2  ist8310driver_middleware.o(i.ist8310_GPIO_init)
    ist8310_IIC_read_muli_reg                0x0800b4f5   Thumb Code    22  ist8310driver_middleware.o(i.ist8310_IIC_read_muli_reg)
    ist8310_IIC_read_single_reg              0x0800b511   Thumb Code    38  ist8310driver_middleware.o(i.ist8310_IIC_read_single_reg)
    ist8310_IIC_write_single_reg             0x0800b53d   Thumb Code    30  ist8310driver_middleware.o(i.ist8310_IIC_write_single_reg)
    ist8310_RST_H                            0x0800b561   Thumb Code    10  ist8310driver_middleware.o(i.ist8310_RST_H)
    ist8310_RST_L                            0x0800b571   Thumb Code    10  ist8310driver_middleware.o(i.ist8310_RST_L)
    ist8310_com_init                         0x0800b581   Thumb Code     2  ist8310driver_middleware.o(i.ist8310_com_init)
    ist8310_delay_ms                         0x0800b583   Thumb Code     4  ist8310driver_middleware.o(i.ist8310_delay_ms)
    ist8310_delay_us                         0x0800b587   Thumb Code    48  ist8310driver_middleware.o(i.ist8310_delay_us)
    ist8310_init                             0x0800b5b9   Thumb Code   114  ist8310driver.o(i.ist8310_init)
    ist8310_read_mag                         0x0800b631   Thumb Code    80  ist8310driver.o(i.ist8310_read_mag)
    main                                     0x0800b685   Thumb Code   186  main.o(i.main)
    muc_can_wait                             0x0800b749   Thumb Code    10  muc_hardware_can.o(i.muc_can_wait)
    set_st_mode                              0x0800b755   Thumb Code     6  muc_shoot_mode.o(i.set_st_mode)
    sqrtf                                    0x0800b761   Thumb Code    62  sqrtf.o(i.sqrtf)
    AHBPrescTable                            0x0800b7a6   Data          16  system_stm32f4xx.o(.constdata)
    APBPrescTable                            0x0800b7b6   Data           8  system_stm32f4xx.o(.constdata)
    tone_tab                                 0x0800b7be   Data          42  muc_hardware_beep.o(.constdata)
    Mavic_Startup_music                      0x0800b7e8   Data          14  muc_hardware_beep.o(.constdata)
    Region$$Table$$Base                      0x0800b948   Number         0  anon$$obj.o(Region$$Table)
    Region$$Table$$Limit                     0x0800b968   Number         0  anon$$obj.o(Region$$Table)
    hcrc                                     0x20000004   Data           8  crc.o(.data)
    uwTickFreq                               0x2000000c   Data           1  stm32f4xx_hal.o(.data)
    uwTickPrio                               0x20000010   Data           4  stm32f4xx_hal.o(.data)
    uwTick                                   0x20000014   Data           4  stm32f4xx_hal.o(.data)
    SystemCoreClock                          0x20000018   Data           4  system_stm32f4xx.o(.data)
    Sta_To_Circle                            0x20000040   Data           4  muc_chassis.o(.data)
    Sta_To_Fllow                             0x20000044   Data           4  muc_chassis.o(.data)
    Flag_Key_WASD                            0x20000048   Data           4  muc_chassis.o(.data)
    GimbalYawMidOffset                       0x20000070   Data           2  muc_gimbal.o(.data)
    GimbalPitchMidOffset                     0x20000072   Data           2  muc_gimbal.o(.data)
    Target                                   0x20000074   Data           4  muc_gimbal.o(.data)
    Fdb                                      0x20000078   Data           4  muc_gimbal.o(.data)
    pitch_angle_pos_ref                      0x20000088   Data           8  muc_gimbal.o(.data)
    yaw_angle_pos_ref                        0x20000090   Data           8  muc_gimbal.o(.data)
    pitch_angle_pos_ecd                      0x20000098   Data           8  muc_gimbal.o(.data)
    yaw_angle_pos_ecd                        0x200000a0   Data           8  muc_gimbal.o(.data)
    pitch_angle_vel_ecd                      0x200000a8   Data           8  muc_gimbal.o(.data)
    yaw_angle_vel_ecd                        0x200000b0   Data           8  muc_gimbal.o(.data)
    pitch_angle_cur_ecd                      0x200000b8   Data           8  muc_gimbal.o(.data)
    yaw_angle_cur_ecd                        0x200000c0   Data           8  muc_gimbal.o(.data)
    MouseLeftPressTime                       0x200000dc   Data           2  muc_remote.o(.data)
    rcLostCheckCount                         0x200000e0   Data           2  muc_remote.o(.data)
    Heat_Limit                               0x200000e4   Data           1  muc_shoot_judge_control.o(.data)
    Shoot_Speed                              0x200000e5   Data           1  muc_shoot_judge_control.o(.data)
    Robot_Level                              0x200000e6   Data           1  muc_shoot_judge_control.o(.data)
    Shoot_Heat                               0x200000e8   Data           2  muc_shoot_judge_control.o(.data)
    Shoot_Max_Heat                           0x200000ea   Data           2  muc_shoot_judge_control.o(.data)
    Remain_Shoot_Number                      0x200000ec   Data           4  muc_shoot_judge_control.o(.data)
    St_Mode                                  0x200000fc   Data           1  muc_shoot_mode.o(.data)
    StopTime                                 0x20000100   Data           4  muc_shoot_mode.o(.data)
    ShootFeedBack                            0x2000011c   Data           8  muc_shoot_mode.o(.data)
    shootStatus                              0x20000128   Data           1  muc_shoot_wheel.o(.data)
    ShootWheelModeFlag                       0x2000012c   Data           4  muc_shoot_wheel.o(.data)
    shooting_position                        0x20000158   Data           2  muc_stir_wheel.o(.data)
    StirSpeedOut                             0x2000015c   Data           4  muc_stir_wheel.o(.data)
    Shoot_State                              0x20000160   Data           4  muc_stir_wheel.o(.data)
    handledShoot_P_Feedback                  0x20000170   Data           4  muc_stir_wheel.o(.data)
    gyro_update_flag                         0x20000178   Data           1  muc_imu.o(.data)
    accel_update_flag                        0x20000179   Data           1  muc_imu.o(.data)
    accel_temp_update_flag                   0x2000017a   Data           1  muc_imu.o(.data)
    mag_update_flag                          0x2000017b   Data           1  muc_imu.o(.data)
    imu_start_dma_flag                       0x2000017c   Data           1  muc_imu.o(.data)
    IMUAngleData                             0x20000180   Data           4  muc_imu.o(.data)
    accel_temp_dma_tx_buf                    0x20000184   Data           4  muc_imu.o(.data)
    accel_temp_dma_rx_buf                    0x20000188   Data           4  muc_imu.o(.data)
    gyro_dma_tx_buf                          0x2000018c   Data           8  muc_imu.o(.data)
    gyro_dma_rx_buf                          0x20000194   Data           8  muc_imu.o(.data)
    accel_dma_tx_buf                         0x2000019c   Data           9  muc_imu.o(.data)
    BMI088_ACCEL_SEN                         0x200001a8   Data           4  bmi088driver.o(.data)
    BMI088_GYRO_SEN                          0x200001ac   Data           4  bmi088driver.o(.data)
    twoKp                                    0x200001d4   Data           4  mahonyahrs.o(.data)
    twoKi                                    0x200001d8   Data           4  mahonyahrs.o(.data)
    integralFBx                              0x200001dc   Data           4  mahonyahrs.o(.data)
    integralFBy                              0x200001e0   Data           4  mahonyahrs.o(.data)
    integralFBz                              0x200001e4   Data           4  mahonyahrs.o(.data)
    hadc1                                    0x200001ec   Data          72  adc.o(.bss)
    hadc3                                    0x20000234   Data          72  adc.o(.bss)
    hcan1                                    0x2000027c   Data          40  can.o(.bss)
    hcan2                                    0x200002a4   Data          40  can.o(.bss)
    hi2c1                                    0x200002cc   Data          84  i2c.o(.bss)
    hi2c2                                    0x20000320   Data          84  i2c.o(.bss)
    hi2c3                                    0x20000374   Data          84  i2c.o(.bss)
    hdma_i2c2_tx                             0x200003c8   Data          96  i2c.o(.bss)
    hrng                                     0x20000428   Data          16  rng.o(.bss)
    hspi1                                    0x20000438   Data          88  spi.o(.bss)
    hspi2                                    0x20000490   Data          88  spi.o(.bss)
    hdma_spi1_rx                             0x200004e8   Data          96  spi.o(.bss)
    hdma_spi1_tx                             0x20000548   Data          96  spi.o(.bss)
    htim1                                    0x200005a8   Data          64  tim.o(.bss)
    htim2                                    0x200005e8   Data          64  tim.o(.bss)
    htim3                                    0x20000628   Data          64  tim.o(.bss)
    htim4                                    0x20000668   Data          64  tim.o(.bss)
    htim5                                    0x200006a8   Data          64  tim.o(.bss)
    htim6                                    0x200006e8   Data          64  tim.o(.bss)
    htim8                                    0x20000728   Data          64  tim.o(.bss)
    htim10                                   0x20000768   Data          64  tim.o(.bss)
    htim12                                   0x200007a8   Data          64  tim.o(.bss)
    htim14                                   0x200007e8   Data          64  tim.o(.bss)
    huart5                                   0x20000828   Data          64  usart.o(.bss)
    huart1                                   0x20000868   Data          64  usart.o(.bss)
    huart3                                   0x200008a8   Data          64  usart.o(.bss)
    huart6                                   0x200008e8   Data          64  usart.o(.bss)
    hdma_usart1_rx                           0x20000928   Data          96  usart.o(.bss)
    hdma_usart3_rx                           0x20000988   Data          96  usart.o(.bss)
    hdma_usart3_tx                           0x200009e8   Data          96  usart.o(.bss)
    hdma_usart6_rx                           0x20000a48   Data          96  usart.o(.bss)
    hpcd_USB_OTG_FS                          0x20000aa8   Data        1032  usb_otg.o(.bss)
    pFlash                                   0x20000eb0   Data          32  stm32f4xx_hal_flash.o(.bss)
    VisionYawRecive                          0x20000ed0   Data          24  muc_auto_shoot.o(.bss)
    VisionPitchRecive                        0x20000ee8   Data          24  muc_auto_shoot.o(.bss)
    Vision_Yaw_Target_Pid                    0x20000f00   Data         128  muc_auto_shoot.o(.bss)
    Vision_Pitch_Target_Pid                  0x20000f80   Data         128  muc_auto_shoot.o(.bss)
    g_MiniPCRxBuf                            0x20001000   Data          40  muc_auto_shoot.o(.bss)
    Vision_Yaw_pid                           0x20001028   Data         128  muc_auto_shoot.o(.bss)
    filter_buf                               0x200010a8   Data          52  muc_auto_shoot.o(.bss)
    CM1_speed_pid                            0x200010e0   Data         128  muc_chassis.o(.bss)
    CM2_speed_pid                            0x20001160   Data         128  muc_chassis.o(.bss)
    CM3_speed_pid                            0x200011e0   Data         128  muc_chassis.o(.bss)
    CM4_speed_pid                            0x20001260   Data         128  muc_chassis.o(.bss)
    CM_rotate_pid                            0x200012e0   Data         128  muc_chassis.o(.bss)
    CM_circle_pid                            0x20001360   Data         128  muc_chassis.o(.bss)
    CM1_Feedback                             0x200013e0   Data          36  muc_chassis.o(.bss)
    CM2_Feedback                             0x20001404   Data          36  muc_chassis.o(.bss)
    CM3_Feedback                             0x20001428   Data          36  muc_chassis.o(.bss)
    CM4_Feedback                             0x2000144c   Data          36  muc_chassis.o(.bss)
    Yaw_position_pid                         0x20001470   Data         128  muc_gimbal.o(.bss)
    Yaw_speed_pid                            0x200014f0   Data         128  muc_gimbal.o(.bss)
    Yaw_current_pid                          0x20001570   Data         128  muc_gimbal.o(.bss)
    Pitch_position_pid                       0x200015f0   Data         128  muc_gimbal.o(.bss)
    Pitch_speed_pid                          0x20001670   Data         128  muc_gimbal.o(.bss)
    Pitch_current_pid                        0x200016f0   Data         128  muc_gimbal.o(.bss)
    GMYawEncoder                             0x20001770   Data          72  muc_gimbal.o(.bss)
    GMPitchEncoder                           0x200017b8   Data          72  muc_gimbal.o(.bss)
    CC_Condition                             0x20001800   Data          60  muc_remote.o(.bss)
    g_RcRawBuf                               0x2000183c   Data         127  muc_remote.o(.bss)
    g_RcRawData                              0x200018bc   Data          40  muc_remote.o(.bss)
    shoot_control_consulation                0x200018e4   Data          10  muc_shoot_judge_control.o(.bss)
    Shoot_Left_Feedback                      0x200018ee   Data          36  muc_shoot_wheel.o(.bss)
    Shoot_Right_Feedback                     0x20001912   Data          36  muc_shoot_wheel.o(.bss)
    Stir_speed_pid                           0x20001938   Data         128  muc_stir_wheel.o(.bss)
    Stir_position_pid                        0x200019b8   Data         128  muc_stir_wheel.o(.bss)
    Stir_speed_Feedback                      0x20001a38   Data          36  muc_stir_wheel.o(.bss)
    Stir_position_Feedback                   0x20001a5c   Data          36  muc_stir_wheel.o(.bss)
    g_flash_data                             0x20001a80   Data          20  muc_stmflash.o(.bss)
    INS_quat                                 0x20001a94   Data          16  muc_imu.o(.bss)
    INS_angle                                0x20001aa4   Data          12  muc_imu.o(.bss)
    IMU_Real_Data                            0x20001ab0   Data          40  muc_imu.o(.bss)
    accel_dma_rx_buf                         0x20001ad8   Data           9  muc_imu.o(.bss)
    bmi088_real_data                         0x20001ae4   Data          36  muc_imu.o(.bss)
    ist8310_real_data                        0x20001b08   Data          16  muc_imu.o(.bss)
    __initial_sp                             0x20003b60   Data           0  startup_stm32f407xx.o(STACK)



==============================================================================

Memory Map of the image

  Image Entry point : 0x08000189

  Load Region LR_IROM1 (Base: 0x08000000, Size: 0x0000bb54, Max: 0x00100000, ABSOLUTE, COMPRESSED[0x0000b9c8])

    Execution Region ER_IROM1 (Base: 0x08000000, Size: 0x0000b968, Max: 0x00100000, ABSOLUTE)

    Base Addr    Size         Type   Attr      Idx    E Section Name        Object

    0x08000000   0x00000188   Data   RO            3    RESET               startup_stm32f407xx.o
    0x08000188   0x00000000   Code   RO         7913  * .ARM.Collect$$$$00000000  mc_w.l(entry.o)
    0x08000188   0x00000004   Code   RO         8263    .ARM.Collect$$$$00000001  mc_w.l(entry2.o)
    0x0800018c   0x00000004   Code   RO         8266    .ARM.Collect$$$$00000004  mc_w.l(entry5.o)
    0x08000190   0x00000000   Code   RO         8268    .ARM.Collect$$$$00000008  mc_w.l(entry7b.o)
    0x08000190   0x00000000   Code   RO         8270    .ARM.Collect$$$$0000000A  mc_w.l(entry8b.o)
    0x08000190   0x00000008   Code   RO         8271    .ARM.Collect$$$$0000000B  mc_w.l(entry9a.o)
    0x08000198   0x00000000   Code   RO         8273    .ARM.Collect$$$$0000000D  mc_w.l(entry10a.o)
    0x08000198   0x00000000   Code   RO         8275    .ARM.Collect$$$$0000000F  mc_w.l(entry11a.o)
    0x08000198   0x00000004   Code   RO         8264    .ARM.Collect$$$$00002712  mc_w.l(entry2.o)
    0x0800019c   0x00000024   Code   RO            4    .text               startup_stm32f407xx.o
    0x080001c0   0x00000062   Code   RO         7916    .text               mc_w.l(uldiv.o)
    0x08000222   0x00000024   Code   RO         7918    .text               mc_w.l(memcpya.o)
    0x08000246   0x00000024   Code   RO         7920    .text               mc_w.l(memseta.o)
    0x0800026a   0x0000014e   Code   RO         8185    .text               mf_w.l(dadd.o)
    0x080003b8   0x000000e4   Code   RO         8187    .text               mf_w.l(dmul.o)
    0x0800049c   0x000000de   Code   RO         8189    .text               mf_w.l(ddiv.o)
    0x0800057a   0x00000022   Code   RO         8193    .text               mf_w.l(dflti.o)
    0x0800059c   0x0000001a   Code   RO         8195    .text               mf_w.l(dfltui.o)
    0x080005b6   0x0000003e   Code   RO         8197    .text               mf_w.l(dfixi.o)
    0x080005f4   0x00000026   Code   RO         8199    .text               mf_w.l(f2d.o)
    0x0800061a   0x00000002   PAD
    0x0800061c   0x00000030   Code   RO         8201    .text               mf_w.l(cdcmple.o)
    0x0800064c   0x00000030   Code   RO         8203    .text               mf_w.l(cdrcmple.o)
    0x0800067c   0x00000038   Code   RO         8205    .text               mf_w.l(d2f.o)
    0x080006b4   0x0000001e   Code   RO         8280    .text               mc_w.l(llshl.o)
    0x080006d2   0x00000020   Code   RO         8282    .text               mc_w.l(llushr.o)
    0x080006f2   0x00000024   Code   RO         8284    .text               mc_w.l(llsshr.o)
    0x08000716   0x00000000   Code   RO         8293    .text               mc_w.l(iusefp.o)
    0x08000716   0x0000006e   Code   RO         8294    .text               mf_w.l(fepilogue.o)
    0x08000784   0x000000ba   Code   RO         8296    .text               mf_w.l(depilogue.o)
    0x0800083e   0x000000a2   Code   RO         8298    .text               mf_w.l(dsqrt.o)
    0x080008e0   0x00000024   Code   RO         8312    .text               mc_w.l(init.o)
    0x08000904   0x00000056   Code   RO         8322    .text               mc_w.l(__dczerorl2.o)
    0x0800095a   0x00000002   PAD
    0x0800095c   0x00000128   Code   RO         1139    i.ADC_Init          stm32f4xx_hal_adc.o
    0x08000a84   0x00000020   Code   RO         7279    i.AHRS_init         muc_imu.o
    0x08000aa4   0x00000010   Code   RO         7280    i.AHRS_update       muc_imu.o
    0x08000ab4   0x00000010   Code   RO         7632    i.BMI088_ACCEL_NS_H  bmi088middleware.o
    0x08000ac4   0x00000010   Code   RO         7633    i.BMI088_ACCEL_NS_L  bmi088middleware.o
    0x08000ad4   0x00000002   Code   RO         7634    i.BMI088_GPIO_init  bmi088middleware.o
    0x08000ad6   0x00000002   PAD
    0x08000ad8   0x00000010   Code   RO         7635    i.BMI088_GYRO_NS_H  bmi088middleware.o
    0x08000ae8   0x00000010   Code   RO         7636    i.BMI088_GYRO_NS_L  bmi088middleware.o
    0x08000af8   0x00000080   Code   RO         7496    i.BMI088_accel_read_over  bmi088driver.o
    0x08000b78   0x00000002   Code   RO         7637    i.BMI088_com_init   bmi088middleware.o
    0x08000b7a   0x00000018   Code   RO         7638    i.BMI088_delay_ms   bmi088middleware.o
    0x08000b92   0x0000002e   Code   RO         7639    i.BMI088_delay_us   bmi088middleware.o
    0x08000bc0   0x00000060   Code   RO         7497    i.BMI088_gyro_read_over  bmi088driver.o
    0x08000c20   0x0000002e   Code   RO         7498    i.BMI088_init       bmi088driver.o
    0x08000c4e   0x00000002   PAD
    0x08000c50   0x00000158   Code   RO         7499    i.BMI088_read       bmi088driver.o
    0x08000da8   0x00000024   Code   RO         7502    i.BMI088_read_muli_reg  bmi088driver.o
    0x08000dcc   0x00000016   Code   RO         7503    i.BMI088_read_single_reg  bmi088driver.o
    0x08000de2   0x00000002   PAD
    0x08000de4   0x00000020   Code   RO         7640    i.BMI088_read_write_byte  bmi088middleware.o
    0x08000e04   0x0000002e   Code   RO         7504    i.BMI088_temperature_read_over  bmi088driver.o
    0x08000e32   0x00000012   Code   RO         7505    i.BMI088_write_single_reg  bmi088driver.o
    0x08000e44   0x00000018   Code   RO         5552    i.BeepInit          muc_hardware_beep.o
    0x08000e5c   0x00000002   Code   RO          964    i.BusFault_Handler  stm32f4xx_it.o
    0x08000e5e   0x00000002   PAD
    0x08000e60   0x0000000c   Code   RO          965    i.CAN1_RX0_IRQHandler  stm32f4xx_it.o
    0x08000e6c   0x0000000c   Code   RO          966    i.CAN2_RX1_IRQHandler  stm32f4xx_it.o
    0x08000e78   0x0000006a   Code   RO         5604    i.CAN_Send_Message  muc_hardware_can.o
    0x08000ee2   0x00000002   PAD
    0x08000ee4   0x00000154   Code   RO         6044    i.CMControlForChassisLoopTask  muc_chassis.o
    0x08001038   0x00000064   Code   RO         5605    i.CanFilter_Init    muc_hardware_can.o
    0x0800109c   0x000001f4   Code   RO         6046    i.ChassisDataAnalysisKey  muc_chassis.o
    0x08001290   0x0000005c   Code   RO         6047    i.ChassisDataAnalysisRomote  muc_chassis.o
    0x080012ec   0x00000040   Code   RO         6048    i.ChassisDataAnalysisWay  muc_chassis.o
    0x0800132c   0x0000003c   Code   RO         6049    i.ChassisDealDataFromCan  muc_chassis.o
    0x08001368   0x00000074   Code   RO         7070    i.CheckConfigParams  muc_stmflash.o
    0x080013dc   0x00000050   Code   RO         7071    i.CheckDataUseful   muc_stmflash.o
    0x0800142c   0x000000b0   Code   RO         6699    i.CheckKeyBoardStatus  muc_remote.o
    0x080014dc   0x00000014   Code   RO         7072    i.CleanGimbalCaliData  muc_stmflash.o
    0x080014f0   0x00000014   Code   RO         7073    i.CleanIMUCaliData  muc_stmflash.o
    0x08001504   0x0000000c   Code   RO          967    i.DMA1_Stream4_IRQHandler  stm32f4xx_it.o
    0x08001510   0x0000000c   Code   RO          968    i.DMA2_Stream0_IRQHandler  stm32f4xx_it.o
    0x0800151c   0x0000000c   Code   RO          969    i.DMA2_Stream1_IRQHandler  stm32f4xx_it.o
    0x08001528   0x000002c4   Code   RO         7281    i.DMA2_Stream2_IRQHandler  muc_imu.o
    0x080017ec   0x00000028   Code   RO         1870    i.DMA_CalcBaseAndBitshift  stm32f4xx_hal_dma.o
    0x08001814   0x00000054   Code   RO         1871    i.DMA_CheckFifoParam  stm32f4xx_hal_dma.o
    0x08001868   0x00000028   Code   RO         1872    i.DMA_SetConfig     stm32f4xx_hal_dma.o
    0x08001890   0x000000a0   Code   RO         6321    i.DataSlopeProcessing  muc_main_task.o
    0x08001930   0x00000002   Code   RO         5753    i.Deal_Data_ForShift  muc_hardware_super_capacity.o
    0x08001932   0x00000002   PAD
    0x08001934   0x00000058   Code   RO         6775    i.Deal_Data_From_Chassis1  muc_shoot_judge_control.o
    0x0800198c   0x00000008   Code   RO         6776    i.Deal_Data_From_Chassis2  muc_shoot_judge_control.o
    0x08001994   0x00000002   Code   RO          970    i.DebugMon_Handler  stm32f4xx_it.o
    0x08001996   0x00000006   Code   RO          971    i.EXTI0_IRQHandler  stm32f4xx_it.o
    0x0800199c   0x00000006   Code   RO          972    i.EXTI3_IRQHandler  stm32f4xx_it.o
    0x080019a2   0x00000006   Code   RO          973    i.EXTI4_IRQHandler  stm32f4xx_it.o
    0x080019a8   0x00000006   Code   RO          974    i.EXTI9_5_IRQHandler  stm32f4xx_it.o
    0x080019ae   0x00000002   Code   RO           13    i.Error_Handler     main.o
    0x080019b0   0x00000050   Code   RO         1685    i.FLASH_Erase_Sector  stm32f4xx_hal_flash_ex.o
    0x08001a00   0x00000054   Code   RO         1686    i.FLASH_FlushCaches  stm32f4xx_hal_flash_ex.o
    0x08001a54   0x00000028   Code   RO         1687    i.FLASH_MassErase   stm32f4xx_hal_flash_ex.o
    0x08001a7c   0x00000020   Code   RO         1567    i.FLASH_Program_Byte  stm32f4xx_hal_flash.o
    0x08001a9c   0x00000028   Code   RO         1568    i.FLASH_Program_DoubleWord  stm32f4xx_hal_flash.o
    0x08001ac4   0x00000024   Code   RO         1569    i.FLASH_Program_HalfWord  stm32f4xx_hal_flash.o
    0x08001ae8   0x00000024   Code   RO         1570    i.FLASH_Program_Word  stm32f4xx_hal_flash.o
    0x08001b0c   0x00000068   Code   RO         1571    i.FLASH_SetErrorCode  stm32f4xx_hal_flash.o
    0x08001b74   0x00000050   Code   RO         1572    i.FLASH_WaitForLastOperation  stm32f4xx_hal_flash.o
    0x08001bc4   0x00000154   Code   RO         6129    i.GMControlLoopTask  muc_gimbal.o
    0x08001d18   0x00000020   Code   RO         7074    i.GetCaliDataSta    muc_stmflash.o
    0x08001d38   0x00000010   Code   RO         7075    i.GetGimbalCaliData  muc_stmflash.o
    0x08001d48   0x00000030   Code   RO         5668    i.GetKeyPressUpAction  muc_hardware_key.o
    0x08001d78   0x0000001c   Code   RO         5669    i.GetKeySta         muc_hardware_key.o
    0x08001d94   0x000000b0   Code   RO         6700    i.GetSwitchAction   muc_remote.o
    0x08001e44   0x0000000c   Code   RO         6322    i.GetWorkState      muc_main_task.o
    0x08001e50   0x00000050   Code   RO         6130    i.GimbalDataSend    muc_gimbal.o
    0x08001ea0   0x000000dc   Code   RO         6131    i.GimbalDealDataFromCan  muc_gimbal.o
    0x08001f7c   0x0000021c   Code   RO         6132    i.GimbalInit        muc_gimbal.o
    0x08002198   0x0000014c   Code   RO         1141    i.HAL_ADC_ConfigChannel  stm32f4xx_hal_adc.o
    0x080022e4   0x00000054   Code   RO         1150    i.HAL_ADC_Init      stm32f4xx_hal_adc.o
    0x08002338   0x0000007c   Code   RO          451    i.HAL_ADC_MspInit   adc.o
    0x080023b4   0x00000024   Code   RO         2541    i.HAL_CAN_ActivateNotification  stm32f4xx_hal_can.o
    0x080023d8   0x000000c8   Code   RO         2542    i.HAL_CAN_AddTxMessage  stm32f4xx_hal_can.o
    0x080024a0   0x0000010c   Code   RO         2543    i.HAL_CAN_ConfigFilter  stm32f4xx_hal_can.o
    0x080025ac   0x00000002   Code   RO         2546    i.HAL_CAN_ErrorCallback  stm32f4xx_hal_can.o
    0x080025ae   0x000000e8   Code   RO         2549    i.HAL_CAN_GetRxMessage  stm32f4xx_hal_can.o
    0x08002696   0x0000002c   Code   RO         2551    i.HAL_CAN_GetTxMailboxesFreeLevel  stm32f4xx_hal_can.o
    0x080026c2   0x000001fc   Code   RO         2553    i.HAL_CAN_IRQHandler  stm32f4xx_hal_can.o
    0x080028be   0x0000011a   Code   RO         2554    i.HAL_CAN_Init      stm32f4xx_hal_can.o
    0x080029d8   0x000000fc   Code   RO          499    i.HAL_CAN_MspInit   can.o
    0x08002ad4   0x00000002   Code   RO         2561    i.HAL_CAN_RxFifo0FullCallback  stm32f4xx_hal_can.o
    0x08002ad6   0x00000002   PAD
    0x08002ad8   0x000000b0   Code   RO         5606    i.HAL_CAN_RxFifo0MsgPendingCallback  muc_hardware_can.o
    0x08002b88   0x00000002   Code   RO         2563    i.HAL_CAN_RxFifo1FullCallback  stm32f4xx_hal_can.o
    0x08002b8a   0x00000002   PAD
    0x08002b8c   0x00000070   Code   RO         5607    i.HAL_CAN_RxFifo1MsgPendingCallback  muc_hardware_can.o
    0x08002bfc   0x00000002   Code   RO         2565    i.HAL_CAN_SleepCallback  stm32f4xx_hal_can.o
    0x08002bfe   0x00000002   PAD
    0x08002c00   0x00000058   Code   RO         2566    i.HAL_CAN_Start     stm32f4xx_hal_can.o
    0x08002c58   0x00000002   Code   RO         2568    i.HAL_CAN_TxMailbox0AbortCallback  stm32f4xx_hal_can.o
    0x08002c5a   0x00000002   Code   RO         2569    i.HAL_CAN_TxMailbox0CompleteCallback  stm32f4xx_hal_can.o
    0x08002c5c   0x00000002   Code   RO         2570    i.HAL_CAN_TxMailbox1AbortCallback  stm32f4xx_hal_can.o
    0x08002c5e   0x00000002   Code   RO         2571    i.HAL_CAN_TxMailbox1CompleteCallback  stm32f4xx_hal_can.o
    0x08002c60   0x00000002   Code   RO         2572    i.HAL_CAN_TxMailbox2AbortCallback  stm32f4xx_hal_can.o
    0x08002c62   0x00000002   Code   RO         2573    i.HAL_CAN_TxMailbox2CompleteCallback  stm32f4xx_hal_can.o
    0x08002c64   0x00000002   Code   RO         2575    i.HAL_CAN_WakeUpFromRxMsgCallback  stm32f4xx_hal_can.o
    0x08002c66   0x00000026   Code   RO         2778    i.HAL_CRC_Init      stm32f4xx_hal_crc.o
    0x08002c8c   0x00000028   Code   RO          548    i.HAL_CRC_MspInit   crc.o
    0x08002cb4   0x00000024   Code   RO         1874    i.HAL_DMA_Abort_IT  stm32f4xx_hal_dma.o
    0x08002cd8   0x000001a0   Code   RO         1878    i.HAL_DMA_IRQHandler  stm32f4xx_hal_dma.o
    0x08002e78   0x000000d4   Code   RO         1879    i.HAL_DMA_Init      stm32f4xx_hal_dma.o
    0x08002f4c   0x00000046   Code   RO         1882    i.HAL_DMA_Start     stm32f4xx_hal_dma.o
    0x08002f92   0x00000002   PAD
    0x08002f94   0x00000024   Code   RO         2292    i.HAL_Delay         stm32f4xx_hal.o
    0x08002fb8   0x00000098   Code   RO         1688    i.HAL_FLASHEx_Erase  stm32f4xx_hal_flash_ex.o
    0x08003050   0x00000014   Code   RO         1576    i.HAL_FLASH_Lock    stm32f4xx_hal_flash.o
    0x08003064   0x0000007c   Code   RO         1581    i.HAL_FLASH_Program  stm32f4xx_hal_flash.o
    0x080030e0   0x0000002c   Code   RO         1583    i.HAL_FLASH_Unlock  stm32f4xx_hal_flash.o
    0x0800310c   0x00000064   Code   RO         7282    i.HAL_GPIO_EXTI_Callback  muc_imu.o
    0x08003170   0x00000018   Code   RO         1765    i.HAL_GPIO_EXTI_IRQHandler  stm32f4xx_hal_gpio.o
    0x08003188   0x000001b0   Code   RO         1766    i.HAL_GPIO_Init     stm32f4xx_hal_gpio.o
    0x08003338   0x0000000a   Code   RO         1768    i.HAL_GPIO_ReadPin  stm32f4xx_hal_gpio.o
    0x08003342   0x0000000e   Code   RO         1769    i.HAL_GPIO_TogglePin  stm32f4xx_hal_gpio.o
    0x08003350   0x0000000a   Code   RO         1770    i.HAL_GPIO_WritePin  stm32f4xx_hal_gpio.o
    0x0800335a   0x00000002   PAD
    0x0800335c   0x0000000c   Code   RO         2298    i.HAL_GetTick       stm32f4xx_hal.o
    0x08003368   0x00000174   Code   RO         2845    i.HAL_I2C_Init      stm32f4xx_hal_i2c.o
    0x080034dc   0x000001f8   Code   RO         2863    i.HAL_I2C_Mem_Read  stm32f4xx_hal_i2c.o
    0x080036d4   0x00000130   Code   RO         2866    i.HAL_I2C_Mem_Write  stm32f4xx_hal_i2c.o
    0x08003804   0x00000158   Code   RO          617    i.HAL_I2C_MspInit   i2c.o
    0x0800395c   0x00000010   Code   RO         2304    i.HAL_IncTick       stm32f4xx_hal.o
    0x0800396c   0x00000034   Code   RO         2305    i.HAL_Init          stm32f4xx_hal.o
    0x080039a0   0x00000040   Code   RO         2306    i.HAL_InitTick      stm32f4xx_hal.o
    0x080039e0   0x00000030   Code   RO         1112    i.HAL_MspInit       stm32f4xx_hal_msp.o
    0x08003a10   0x0000008e   Code   RO         4633    i.HAL_MultiProcessor_Init  stm32f4xx_hal_uart.o
    0x08003a9e   0x0000001a   Code   RO         2155    i.HAL_NVIC_EnableIRQ  stm32f4xx_hal_cortex.o
    0x08003ab8   0x00000040   Code   RO         2161    i.HAL_NVIC_SetPriority  stm32f4xx_hal_cortex.o
    0x08003af8   0x00000024   Code   RO         2162    i.HAL_NVIC_SetPriorityGrouping  stm32f4xx_hal_cortex.o
    0x08003b1c   0x000000e2   Code   RO         4973    i.HAL_PCD_Init      stm32f4xx_hal_pcd.o
    0x08003bfe   0x00000002   PAD
    0x08003c00   0x00000074   Code   RO          923    i.HAL_PCD_MspInit   usb_otg.o
    0x08003c74   0x00000130   Code   RO         1412    i.HAL_RCC_ClockConfig  stm32f4xx_hal_rcc.o
    0x08003da4   0x00000020   Code   RO         1419    i.HAL_RCC_GetPCLK1Freq  stm32f4xx_hal_rcc.o
    0x08003dc4   0x00000020   Code   RO         1420    i.HAL_RCC_GetPCLK2Freq  stm32f4xx_hal_rcc.o
    0x08003de4   0x00000064   Code   RO         1421    i.HAL_RCC_GetSysClockFreq  stm32f4xx_hal_rcc.o
    0x08003e48   0x0000031c   Code   RO         1424    i.HAL_RCC_OscConfig  stm32f4xx_hal_rcc.o
    0x08004164   0x00000032   Code   RO         3283    i.HAL_RNG_Init      stm32f4xx_hal_rng.o
    0x08004196   0x00000002   PAD
    0x08004198   0x00000028   Code   RO          671    i.HAL_RNG_MspInit   rng.o
    0x080041c0   0x00000080   Code   RO         3387    i.HAL_SPI_Init      stm32f4xx_hal_spi.o
    0x08004240   0x00000148   Code   RO          713    i.HAL_SPI_MspInit   spi.o
    0x08004388   0x000001e2   Code   RO         3396    i.HAL_SPI_TransmitReceive  stm32f4xx_hal_spi.o
    0x0800456a   0x00000028   Code   RO         2166    i.HAL_SYSTICK_Config  stm32f4xx_hal_cortex.o
    0x08004592   0x00000002   Code   RO         4375    i.HAL_TIMEx_BreakCallback  stm32f4xx_hal_tim_ex.o
    0x08004594   0x00000002   Code   RO         4376    i.HAL_TIMEx_CommutCallback  stm32f4xx_hal_tim_ex.o
    0x08004596   0x00000054   Code   RO         4378    i.HAL_TIMEx_ConfigBreakDeadTime  stm32f4xx_hal_tim_ex.o
    0x080045ea   0x00000042   Code   RO         4393    i.HAL_TIMEx_MasterConfigSynchronization  stm32f4xx_hal_tim_ex.o
    0x0800462c   0x00000036   Code   RO         3700    i.HAL_TIM_Base_Init  stm32f4xx_hal_tim.o
    0x08004662   0x00000002   PAD
    0x08004664   0x0000011c   Code   RO          761    i.HAL_TIM_Base_MspInit  tim.o
    0x08004780   0x00000024   Code   RO         3703    i.HAL_TIM_Base_Start  stm32f4xx_hal_tim.o
    0x080047a4   0x00000022   Code   RO         3705    i.HAL_TIM_Base_Start_IT  stm32f4xx_hal_tim.o
    0x080047c6   0x000000d6   Code   RO         3709    i.HAL_TIM_ConfigClockSource  stm32f4xx_hal_tim.o
    0x0800489c   0x00000002   Code   RO         3729    i.HAL_TIM_IC_CaptureCallback  stm32f4xx_hal_tim.o
    0x0800489e   0x00000166   Code   RO         3743    i.HAL_TIM_IRQHandler  stm32f4xx_hal_tim.o
    0x08004a04   0x00000290   Code   RO          762    i.HAL_TIM_MspPostInit  tim.o
    0x08004c94   0x00000002   Code   RO         3746    i.HAL_TIM_OC_DelayElapsedCallback  stm32f4xx_hal_tim.o
    0x08004c96   0x000000d0   Code   RO         3767    i.HAL_TIM_PWM_ConfigChannel  stm32f4xx_hal_tim.o
    0x08004d66   0x00000036   Code   RO         3770    i.HAL_TIM_PWM_Init  stm32f4xx_hal_tim.o
    0x08004d9c   0x00000002   Code   RO         3772    i.HAL_TIM_PWM_MspInit  stm32f4xx_hal_tim.o
    0x08004d9e   0x00000002   Code   RO         3773    i.HAL_TIM_PWM_PulseFinishedCallback  stm32f4xx_hal_tim.o
    0x08004da0   0x00000044   Code   RO         3775    i.HAL_TIM_PWM_Start  stm32f4xx_hal_tim.o
    0x08004de4   0x00000002   Code   RO         3781    i.HAL_TIM_PeriodElapsedCallback  stm32f4xx_hal_tim.o
    0x08004de6   0x00000002   Code   RO         3786    i.HAL_TIM_TriggerCallback  stm32f4xx_hal_tim.o
    0x08004de8   0x00000002   Code   RO         4647    i.HAL_UART_ErrorCallback  stm32f4xx_hal_uart.o
    0x08004dea   0x00000002   PAD
    0x08004dec   0x00000110   Code   RO         4650    i.HAL_UART_IRQHandler  stm32f4xx_hal_uart.o
    0x08004efc   0x00000294   Code   RO          863    i.HAL_UART_MspInit  usart.o
    0x08005190   0x00000002   Code   RO         4657    i.HAL_UART_RxCpltCallback  stm32f4xx_hal_uart.o
    0x08005192   0x00000002   Code   RO         4662    i.HAL_UART_TxCpltCallback  stm32f4xx_hal_uart.o
    0x08005194   0x00000020   Code   RO         7190    i.HandlerTim6CallBlack  muc_timer.o
    0x080051b4   0x00000002   Code   RO          975    i.HardFault_Handler  stm32f4xx_it.o
    0x080051b6   0x0000002e   Code   RO         2887    i.I2C_IsAcknowledgeFailed  stm32f4xx_hal_i2c.o
    0x080051e4   0x000000e6   Code   RO         2896    i.I2C_RequestMemoryRead  stm32f4xx_hal_i2c.o
    0x080052ca   0x00000002   PAD
    0x080052cc   0x00000094   Code   RO         2897    i.I2C_RequestMemoryWrite  stm32f4xx_hal_i2c.o
    0x08005360   0x0000004c   Code   RO         2900    i.I2C_WaitOnBTFFlagUntilTimeout  stm32f4xx_hal_i2c.o
    0x080053ac   0x00000068   Code   RO         2901    i.I2C_WaitOnFlagUntilTimeout  stm32f4xx_hal_i2c.o
    0x08005414   0x00000096   Code   RO         2902    i.I2C_WaitOnMasterAddressFlagUntilTimeout  stm32f4xx_hal_i2c.o
    0x080054aa   0x00000066   Code   RO         2903    i.I2C_WaitOnRXNEFlagUntilTimeout  stm32f4xx_hal_i2c.o
    0x08005510   0x0000004c   Code   RO         2904    i.I2C_WaitOnTXEFlagUntilTimeout  stm32f4xx_hal_i2c.o
    0x0800555c   0x000000d0   Code   RO         7283    i.ImuAnalysisTask   muc_imu.o
    0x0800562c   0x000000dc   Code   RO         6777    i.JudgementDataCheck_Task  muc_shoot_judge_control.o
    0x08005708   0x00000024   Code   RO         6280    i.LedStaInit        muc_led.o
    0x0800572c   0x00000028   Code   RO         6281    i.LedTaskLoop       muc_led.o
    0x08005754   0x00000068   Code   RO         5786    i.MUC_UART_Receive_DMA  muc_hardware_uart.o
    0x080057bc   0x00000064   Code   RO          452    i.MX_ADC1_Init      adc.o
    0x08005820   0x00000064   Code   RO          453    i.MX_ADC3_Init      adc.o
    0x08005884   0x00000044   Code   RO          500    i.MX_CAN1_Init      can.o
    0x080058c8   0x00000044   Code   RO          501    i.MX_CAN2_Init      can.o
    0x0800590c   0x00000024   Code   RO          549    i.MX_CRC_Init       crc.o
    0x08005930   0x0000009c   Code   RO          589    i.MX_DMA_Init       dma.o
    0x080059cc   0x000001cc   Code   RO          298    i.MX_GPIO_Init      gpio.o
    0x08005b98   0x00000040   Code   RO          618    i.MX_I2C1_Init      i2c.o
    0x08005bd8   0x00000040   Code   RO          619    i.MX_I2C2_Init      i2c.o
    0x08005c18   0x00000040   Code   RO          620    i.MX_I2C3_Init      i2c.o
    0x08005c58   0x00000024   Code   RO          672    i.MX_RNG_Init       rng.o
    0x08005c7c   0x00000048   Code   RO          714    i.MX_SPI1_Init      spi.o
    0x08005cc4   0x00000048   Code   RO          715    i.MX_SPI2_Init      spi.o
    0x08005d0c   0x00000064   Code   RO          763    i.MX_TIM10_Init     tim.o
    0x08005d70   0x00000094   Code   RO          764    i.MX_TIM12_Init     tim.o
    0x08005e04   0x00000034   Code   RO          765    i.MX_TIM14_Init     tim.o
    0x08005e38   0x000000f8   Code   RO          766    i.MX_TIM1_Init      tim.o
    0x08005f30   0x000000c0   Code   RO          767    i.MX_TIM2_Init      tim.o
    0x08005ff0   0x000000c4   Code   RO          768    i.MX_TIM3_Init      tim.o
    0x080060b4   0x000000c8   Code   RO          769    i.MX_TIM4_Init      tim.o
    0x0800617c   0x000000c4   Code   RO          770    i.MX_TIM5_Init      tim.o
    0x08006240   0x00000044   Code   RO          771    i.MX_TIM6_Init      tim.o
    0x08006284   0x000000e8   Code   RO          772    i.MX_TIM8_Init      tim.o
    0x0800636c   0x0000003c   Code   RO          864    i.MX_UART5_Init     usart.o
    0x080063a8   0x00000040   Code   RO          865    i.MX_USART1_UART_Init  usart.o
    0x080063e8   0x0000003c   Code   RO          866    i.MX_USART3_UART_Init  usart.o
    0x08006424   0x0000003c   Code   RO          867    i.MX_USART6_UART_Init  usart.o
    0x08006460   0x00000038   Code   RO          924    i.MX_USB_OTG_FS_PCD_Init  usb_otg.o
    0x08006498   0x00000040   Code   RO         6323    i.MagazineContorl   muc_main_task.o
    0x080064d8   0x0000001c   Code   RO         6992    i.Magazine_Init     muc_stir_wheel.o
    0x080064f4   0x00000354   Code   RO         7702    i.MahonyAHRSupdate  mahonyahrs.o
    0x08006848   0x000001e4   Code   RO         7703    i.MahonyAHRSupdateIMU  mahonyahrs.o
    0x08006a2c   0x00000002   Code   RO          976    i.MemManage_Handler  stm32f4xx_it.o
    0x08006a2e   0x00000002   PAD
    0x08006a30   0x00000018   Code   RO         6701    i.MouseDataSend     muc_remote.o
    0x08006a48   0x00000128   Code   RO         5981    i.MucAutoShootInit  muc_auto_shoot.o
    0x08006b70   0x00000140   Code   RO         6050    i.MucChassisInit    muc_chassis.o
    0x08006cb0   0x0000000c   Code   RO         6915    i.MucGetShootSpeed  muc_shoot_wheel.o
    0x08006cbc   0x00000094   Code   RO         7284    i.MucImuInit        muc_imu.o
    0x08006d50   0x00000024   Code   RO         6703    i.MucRemoteInit     muc_remote.o
    0x08006d74   0x00000028   Code   RO         6917    i.MucShootInit      muc_shoot_wheel.o
    0x08006d9c   0x000000c4   Code   RO         6993    i.MucStirWheelInit  muc_stir_wheel.o
    0x08006e60   0x00000028   Code   RO           14    i.MucSystemReboot   main.o
    0x08006e88   0x0000001a   Code   RO         5787    i.MucUartReceiveIT  muc_hardware_uart.o
    0x08006ea2   0x00000002   Code   RO          977    i.NMI_Handler       stm32f4xx_it.o
    0x08006ea4   0x000000c8   Code   RO         6835    i.One_shoot         muc_shoot_mode.o
    0x08006f6c   0x0000036c   Code   RO         6605    i.PID_Calc          muc_pid.o
    0x080072d8   0x00000028   Code   RO         6606    i.PID_Init          muc_pid.o
    0x08007300   0x00000128   Code   RO         7817    i.PID_calc          pid.o
    0x08007428   0x0000005c   Code   RO         7819    i.PID_init          pid.o
    0x08007484   0x00000002   Code   RO          978    i.PendSV_Handler    stm32f4xx_it.o
    0x08007486   0x0000005c   Code   RO         6994    i.Position_Round_Data_deal  muc_stir_wheel.o
    0x080074e2   0x00000002   PAD
    0x080074e4   0x0000001c   Code   RO         6705    i.RemoteDataSend    muc_remote.o
    0x08007500   0x0000003c   Code   RO         6706    i.RemoteTaskLoop    muc_remote.o
    0x0800753c   0x0000002c   Code   RO         6836    i.Running           muc_shoot_mode.o
    0x08007568   0x0000010c   Code   RO         6995    i.SMControlLoop_Task  muc_stir_wheel.o
    0x08007674   0x00001274   Code   RO         5858    i.SPI1_DMA_enable   muc_hardware_spi.o
    0x080088e8   0x000000f0   Code   RO         5859    i.SPI1_DMA_init     muc_hardware_spi.o
    0x080089d8   0x00000058   Code   RO         3425    i.SPI_EndRxTxTransaction  stm32f4xx_hal_spi.o
    0x08008a30   0x00000094   Code   RO         3430    i.SPI_WaitFlagStateUntilTimeout  stm32f4xx_hal_spi.o
    0x08008ac4   0x000000a4   Code   RO         5702    i.STMFLASH_GetFlashSector  muc_hardware_stmflash.o
    0x08008b68   0x00000014   Code   RO         5703    i.STMFLASH_Read     muc_hardware_stmflash.o
    0x08008b7c   0x000000a8   Code   RO         5705    i.STMFLASH_Write    muc_hardware_stmflash.o
    0x08008c24   0x00000002   Code   RO          979    i.SVC_Handler       stm32f4xx_it.o
    0x08008c26   0x00000002   PAD
    0x08008c28   0x00000054   Code   RO         6051    i.SetChassisSpeedTask  muc_chassis.o
    0x08008c7c   0x00000158   Code   RO         6133    i.SetGimbalAngleTask  muc_gimbal.o
    0x08008dd4   0x00000060   Code   RO         7077    i.SetUsefulData     muc_stmflash.o
    0x08008e34   0x0000007c   Code   RO         6918    i.ShootAnalysisKey  muc_shoot_wheel.o
    0x08008eb0   0x0000003c   Code   RO         6919    i.ShootAnalysisRemote  muc_shoot_wheel.o
    0x08008eec   0x0000001c   Code   RO         6920    i.ShootAnalysisWay  muc_shoot_wheel.o
    0x08008f08   0x000000b4   Code   RO         6921    i.Shoot_Loop_Task   muc_shoot_wheel.o
    0x08008fbc   0x0000003c   Code   RO         6922    i.Shoot_Speed_Data_deal  muc_shoot_wheel.o
    0x08008ff8   0x00000028   Code   RO         6837    i.Shooting          muc_shoot_mode.o
    0x08009020   0x00000024   Code   RO         6996    i.Shooting_Speed_Data_deal  muc_stir_wheel.o
    0x08009044   0x00000024   Code   RO         5553    i.Sing              muc_hardware_beep.o
    0x08009068   0x00000024   Code   RO         5554    i.Sing_Startup_music  muc_hardware_beep.o
    0x0800908c   0x0000001c   Code   RO         6838    i.Single            muc_shoot_mode.o
    0x080090a8   0x00000058   Code   RO         6997    i.StirAnalysisKey   muc_stir_wheel.o
    0x08009100   0x0000002c   Code   RO         6998    i.StirAnalysisRemote  muc_stir_wheel.o
    0x0800912c   0x0000001c   Code   RO         6999    i.StirAnalysisWay   muc_stir_wheel.o
    0x08009148   0x0000002c   Code   RO         5754    i.SuperCapControlLoopTask  muc_hardware_super_capacity.o
    0x08009174   0x00000004   Code   RO          980    i.SysTick_Handler   stm32f4xx_it.o
    0x08009178   0x00000084   Code   RO           15    i.SystemClock_Config  main.o
    0x080091fc   0x00000054   Code   RO         5515    i.SystemInit        system_stm32f4xx.o
    0x08009250   0x00000048   Code   RO         6326    i.SystemStateCheck  muc_main_task.o
    0x08009298   0x00000014   Code   RO          981    i.TIM6_DAC_IRQHandler  stm32f4xx_it.o
    0x080092ac   0x000000c8   Code   RO         3788    i.TIM_Base_SetConfig  stm32f4xx_hal_tim.o
    0x08009374   0x0000001a   Code   RO         3789    i.TIM_CCxChannelCmd  stm32f4xx_hal_tim.o
    0x0800938e   0x00000014   Code   RO         3799    i.TIM_ETR_SetConfig  stm32f4xx_hal_tim.o
    0x080093a2   0x00000010   Code   RO         3800    i.TIM_ITRx_SetConfig  stm32f4xx_hal_tim.o
    0x080093b2   0x00000002   PAD
    0x080093b4   0x00000060   Code   RO         3801    i.TIM_OC1_SetConfig  stm32f4xx_hal_tim.o
    0x08009414   0x0000006c   Code   RO         3802    i.TIM_OC2_SetConfig  stm32f4xx_hal_tim.o
    0x08009480   0x00000068   Code   RO         3803    i.TIM_OC3_SetConfig  stm32f4xx_hal_tim.o
    0x080094e8   0x00000050   Code   RO         3804    i.TIM_OC4_SetConfig  stm32f4xx_hal_tim.o
    0x08009538   0x00000022   Code   RO         3806    i.TIM_TI1_ConfigInputStage  stm32f4xx_hal_tim.o
    0x0800955a   0x00000024   Code   RO         3808    i.TIM_TI2_ConfigInputStage  stm32f4xx_hal_tim.o
    0x0800957e   0x00000002   PAD
    0x08009580   0x0000001c   Code   RO         6327    i.TaskAllBeginRun   muc_main_task.o
    0x0800959c   0x000000c4   Code   RO         6328    i.TaskAllRunningLoop  muc_main_task.o
    0x08009660   0x00000010   Code   RO         4664    i.UART_DMAAbortOnError  stm32f4xx_hal_uart.o
    0x08009670   0x0000001c   Code   RO         4674    i.UART_EndRxTransfer  stm32f4xx_hal_uart.o
    0x0800968c   0x00000096   Code   RO         4676    i.UART_Receive_IT   stm32f4xx_hal_uart.o
    0x08009722   0x00000002   PAD
    0x08009724   0x000002ac   Code   RO         4677    i.UART_SetConfig    stm32f4xx_hal_uart.o
    0x080099d0   0x00000062   Code   RO         4678    i.UART_Transmit_IT  stm32f4xx_hal_uart.o
    0x08009a32   0x00000002   PAD
    0x08009a34   0x0000000c   Code   RO          982    i.USART1_IRQHandler  stm32f4xx_it.o
    0x08009a40   0x0000000c   Code   RO          983    i.USART3_IRQHandler  stm32f4xx_it.o
    0x08009a4c   0x00000074   Code   RO         5219    i.USB_CoreInit      stm32f4xx_ll_usb.o
    0x08009ac0   0x00000038   Code   RO         5220    i.USB_CoreReset     stm32f4xx_ll_usb.o
    0x08009af8   0x00000018   Code   RO         5225    i.USB_DevDisconnect  stm32f4xx_ll_usb.o
    0x08009b10   0x0000018c   Code   RO         5226    i.USB_DevInit       stm32f4xx_ll_usb.o
    0x08009c9c   0x0000000c   Code   RO         5227    i.USB_DisableGlobalInt  stm32f4xx_ll_usb.o
    0x08009ca8   0x00000020   Code   RO         5236    i.USB_FlushRxFifo   stm32f4xx_ll_usb.o
    0x08009cc8   0x00000024   Code   RO         5237    i.USB_FlushTxFifo   stm32f4xx_ll_usb.o
    0x08009cec   0x0000002e   Code   RO         5255    i.USB_SetCurrentMode  stm32f4xx_ll_usb.o
    0x08009d1a   0x00000002   PAD
    0x08009d1c   0x00000040   Code   RO         7078    i.UpdateConfigParamsForGimbal  muc_stmflash.o
    0x08009d5c   0x000000c4   Code   RO         6134    i.UpdateGimbalGyroCaliData  muc_gimbal.o
    0x08009e20   0x00000002   Code   RO          984    i.UsageFault_Handler  stm32f4xx_it.o
    0x08009e22   0x00000030   Code   RO         8308    i.__ARM_fpclassify  m_wm.l(fpclassify.o)
    0x08009e52   0x00000026   Code   RO         8224    i.__ARM_fpclassifyf  m_wm.l(fpclassifyf.o)
    0x08009e78   0x00000020   Code   RO         2168    i.__NVIC_SetPriority  stm32f4xx_hal_cortex.o
    0x08009e98   0x0000012c   Code   RO         7853    i.__hardfp_asinf    m_wm.l(asinf.o)
    0x08009fc4   0x00000250   Code   RO         7865    i.__hardfp_atan2f   m_wm.l(atan2f.o)
    0x0800a214   0x00000004   PAD
    0x0800a218   0x000000c8   Code   RO         7877    i.__hardfp_cos      m_wm.l(cos.o)
    0x0800a2e0   0x000000c8   Code   RO         7889    i.__hardfp_sin      m_wm.l(sin.o)
    0x0800a3a8   0x0000007a   Code   RO         7901    i.__hardfp_sqrt     m_wm.l(sqrt.o)
    0x0800a422   0x00000006   PAD
    0x0800a428   0x00000438   Code   RO         8240    i.__ieee754_rem_pio2  m_wm.l(rred.o)
    0x0800a860   0x00000170   Code   RO         8207    i.__kernel_cos      m_wm.l(cos_i.o)
    0x0800a9d0   0x000000f8   Code   RO         8310    i.__kernel_poly     m_wm.l(poly.o)
    0x0800aac8   0x00000130   Code   RO         8245    i.__kernel_sin      m_wm.l(sin_i.o)
    0x0800abf8   0x00000014   Code   RO         8211    i.__mathlib_dbl_infnan  m_wm.l(dunder.o)
    0x0800ac0c   0x00000004   PAD
    0x0800ac10   0x00000020   Code   RO         8213    i.__mathlib_dbl_invalid  m_wm.l(dunder.o)
    0x0800ac30   0x00000020   Code   RO         8216    i.__mathlib_dbl_underflow  m_wm.l(dunder.o)
    0x0800ac50   0x00000006   Code   RO         8227    i.__mathlib_flt_infnan  m_wm.l(funder.o)
    0x0800ac56   0x00000006   Code   RO         8228    i.__mathlib_flt_infnan2  m_wm.l(funder.o)
    0x0800ac5c   0x00000010   Code   RO         8229    i.__mathlib_flt_invalid  m_wm.l(funder.o)
    0x0800ac6c   0x00000010   Code   RO         8232    i.__mathlib_flt_underflow  m_wm.l(funder.o)
    0x0800ac7c   0x0000000e   Code   RO         8316    i.__scatterload_copy  mc_w.l(handlers.o)
    0x0800ac8a   0x00000002   Code   RO         8317    i.__scatterload_null  mc_w.l(handlers.o)
    0x0800ac8c   0x0000000e   Code   RO         8318    i.__scatterload_zeroinit  mc_w.l(handlers.o)
    0x0800ac9a   0x00000002   PAD
    0x0800ac9c   0x0000000c   Code   RO         8288    i.__set_errno       mc_w.l(errno.o)
    0x0800aca8   0x0000002c   Code   RO         5555    i.bibiSing          muc_hardware_beep.o
    0x0800acd4   0x00000128   Code   RO         7506    i.bmi088_accel_init  bmi088driver.o
    0x0800adfc   0x000002c0   Code   RO         7507    i.bmi088_accel_self_test  bmi088driver.o
    0x0800b0bc   0x000000dc   Code   RO         7508    i.bmi088_gyro_init  bmi088driver.o
    0x0800b198   0x000000ca   Code   RO         7509    i.bmi088_gyro_self_test  bmi088driver.o
    0x0800b262   0x00000018   Code   RO         8304    i.fabs              m_wm.l(fabs.o)
    0x0800b27a   0x00000002   PAD
    0x0800b27c   0x000000d0   Code   RO         7285    i.get_angle         muc_imu.o
    0x0800b34c   0x000000f8   Code   RO         7286    i.imu_cmd_spi_dma   muc_imu.o
    0x0800b444   0x00000080   Code   RO         7288    i.imu_temp_control  muc_imu.o
    0x0800b4c4   0x0000002c   Code   RO         7704    i.invSqrt           mahonyahrs.o
    0x0800b4f0   0x00000002   Code   RO         7414    i.ist8310_GPIO_init  ist8310driver_middleware.o
    0x0800b4f2   0x00000002   PAD
    0x0800b4f4   0x0000001c   Code   RO         7415    i.ist8310_IIC_read_muli_reg  ist8310driver_middleware.o
    0x0800b510   0x0000002c   Code   RO         7416    i.ist8310_IIC_read_single_reg  ist8310driver_middleware.o
    0x0800b53c   0x00000024   Code   RO         7418    i.ist8310_IIC_write_single_reg  ist8310driver_middleware.o
    0x0800b560   0x00000010   Code   RO         7419    i.ist8310_RST_H     ist8310driver_middleware.o
    0x0800b570   0x00000010   Code   RO         7420    i.ist8310_RST_L     ist8310driver_middleware.o
    0x0800b580   0x00000002   Code   RO         7421    i.ist8310_com_init  ist8310driver_middleware.o
    0x0800b582   0x00000004   Code   RO         7422    i.ist8310_delay_ms  ist8310driver_middleware.o
    0x0800b586   0x00000030   Code   RO         7423    i.ist8310_delay_us  ist8310driver_middleware.o
    0x0800b5b6   0x00000002   PAD
    0x0800b5b8   0x00000078   Code   RO         7379    i.ist8310_init      ist8310driver.o
    0x0800b630   0x00000054   Code   RO         7380    i.ist8310_read_mag  ist8310driver.o
    0x0800b684   0x000000c4   Code   RO           16    i.main              main.o
    0x0800b748   0x0000000a   Code   RO         5608    i.muc_can_wait      muc_hardware_can.o
    0x0800b752   0x00000002   PAD
    0x0800b754   0x0000000c   Code   RO         6842    i.set_st_mode       muc_shoot_mode.o
    0x0800b760   0x0000003e   Code   RO         8253    i.sqrtf             m_wm.l(sqrtf.o)
    0x0800b79e   0x00000008   Data   RO         1885    .constdata          stm32f4xx_hal_dma.o
    0x0800b7a6   0x00000010   Data   RO         5516    .constdata          system_stm32f4xx.o
    0x0800b7b6   0x00000008   Data   RO         5517    .constdata          system_stm32f4xx.o
    0x0800b7be   0x00000038   Data   RO         5556    .constdata          muc_hardware_beep.o
    0x0800b7f6   0x00000002   PAD
    0x0800b7f8   0x0000000c   Data   RO         7290    .constdata          muc_imu.o
    0x0800b804   0x0000000c   Data   RO         7382    .constdata          ist8310driver.o
    0x0800b810   0x00000012   Data   RO         7514    .constdata          bmi088driver.o
    0x0800b822   0x00000006   PAD
    0x0800b828   0x00000030   Data   RO         8208    .constdata          m_wm.l(cos_i.o)
    0x0800b858   0x000000c8   Data   RO         8242    .constdata          m_wm.l(rred.o)
    0x0800b920   0x00000028   Data   RO         8246    .constdata          m_wm.l(sin_i.o)
    0x0800b948   0x00000020   Data   RO         8314    Region$$Table       anon$$obj.o


    Execution Region RW_IRAM2 (Base: 0x10000000, Size: 0x00000000, Max: 0x00010000, ABSOLUTE)

    **** No section assigned to this execution region ****


    Execution Region RW_IRAM1 (Base: 0x20000000, Size: 0x00003b60, Max: 0x00020000, ABSOLUTE, COMPRESSED[0x00000060])

    Base Addr    Size         Type   Attr      Idx    E Section Name        Object

    0x20000000   0x00000004   Data   RW          503    .data               can.o
    0x20000004   0x00000008   Data   RW          550    .data               crc.o
    0x2000000c   0x0000000c   Data   RW         2312    .data               stm32f4xx_hal.o
    0x20000018   0x00000004   Data   RW         5518    .data               system_stm32f4xx.o
    0x2000001c   0x00000012   Data   RW         5609    .data               muc_hardware_can.o
    0x2000002e   0x00000001   Data   RW         5670    .data               muc_hardware_key.o
    0x2000002f   0x00000001   PAD
    0x20000030   0x00000040   Data   RW         6053    .data               muc_chassis.o
    0x20000070   0x00000058   Data   RW         6136    .data               muc_gimbal.o
    0x200000c8   0x00000002   Data   RW         6282    .data               muc_led.o
    0x200000ca   0x00000002   PAD
    0x200000cc   0x00000010   Data   RW         6329    .data               muc_main_task.o
    0x200000dc   0x00000002   Data   RW         6708    .data               muc_remote.o
    0x200000de   0x00000004   Data   RW         6710    .data               muc_remote.o
    0x200000e2   0x00000002   PAD
    0x200000e4   0x00000018   Data   RW         6779    .data               muc_shoot_judge_control.o
    0x200000fc   0x00000028   Data   RW         6843    .data               muc_shoot_mode.o
    0x20000124   0x00000004   PAD
    0x20000128   0x00000030   Data   RW         6927    .data               muc_shoot_wheel.o
    0x20000158   0x0000001c   Data   RW         7001    .data               muc_stir_wheel.o
    0x20000174   0x00000002   Data   RW         7191    .data               muc_timer.o
    0x20000176   0x00000002   PAD
    0x20000178   0x0000002d   Data   RW         7291    .data               muc_imu.o
    0x200001a5   0x00000003   PAD
    0x200001a8   0x0000002c   Data   RW         7515    .data               bmi088driver.o
    0x200001d4   0x00000014   Data   RW         7705    .data               mahonyahrs.o
    0x200001e8   0x00000004   Data   RW         8289    .data               mc_w.l(errno.o)
    0x200001ec   0x00000090   Zero   RW          454    .bss                adc.o
    0x2000027c   0x00000050   Zero   RW          502    .bss                can.o
    0x200002cc   0x0000015c   Zero   RW          621    .bss                i2c.o
    0x20000428   0x00000010   Zero   RW          673    .bss                rng.o
    0x20000438   0x00000170   Zero   RW          716    .bss                spi.o
    0x200005a8   0x00000280   Zero   RW          773    .bss                tim.o
    0x20000828   0x00000280   Zero   RW          868    .bss                usart.o
    0x20000aa8   0x00000408   Zero   RW          925    .bss                usb_otg.o
    0x20000eb0   0x00000020   Zero   RW         1584    .bss                stm32f4xx_hal_flash.o
    0x20000ed0   0x0000020c   Zero   RW         5984    .bss                muc_auto_shoot.o
    0x200010dc   0x00000004   PAD
    0x200010e0   0x00000390   Zero   RW         6052    .bss                muc_chassis.o
    0x20001470   0x00000390   Zero   RW         6135    .bss                muc_gimbal.o
    0x20001800   0x000000e4   Zero   RW         6707    .bss                muc_remote.o
    0x200018e4   0x0000000a   Zero   RW         6778    .bss                muc_shoot_judge_control.o
    0x200018ee   0x00000024   Zero   RW         6923    .bss                muc_shoot_wheel.o
    0x20001912   0x00000024   Zero   RW         6924    .bss                muc_shoot_wheel.o
    0x20001936   0x00000002   PAD
    0x20001938   0x00000148   Zero   RW         7000    .bss                muc_stir_wheel.o
    0x20001a80   0x00000014   Zero   RW         7080    .bss                muc_stmflash.o
    0x20001a94   0x000000cc   Zero   RW         7289    .bss                muc_imu.o
    0x20001b60   0x00002000   Zero   RW            1    STACK               startup_stm32f407xx.o


==============================================================================

Image component sizes


      Code (inc. data)   RO Data    RW Data    ZI Data      Debug   Object Name

       324         40          0          0        144       2318   adc.o
      2158         32         18         44          0      10575   bmi088driver.o
       170         28          0          0          0       4748   bmi088middleware.o
       388         42          0          4         80       2446   can.o
        76         18          0          8          0       1491   crc.o
       156          4          0          0          0        842   dma.o
       460         30          0          0          0     743615   gpio.o
       536         84          0          0        348       3128   i2c.o
       204         10         12          0          0       2490   ist8310driver.o
       196         30          0          0          0       5554   ist8310driver_middleware.o
      1380         40          0         20          0       3673   mahonyahrs.o
       370         26          0          0          0     711026   main.o
       296         70          0          0        524       3018   muc_auto_shoot.o
      1460        184          0         64        912       7991   muc_chassis.o
      1720        228          0         88        912       8213   muc_gimbal.o
       140         18         56          0          0       3541   muc_hardware_beep.o
       504         80          0         18          0       4255   muc_hardware_can.o
        76         10          0          1          0       1930   muc_hardware_key.o
      4964         74          0          0          0     583678   muc_hardware_spi.o
       352         48          0          0          0       3207   muc_hardware_stmflash.o
        46          8          0          0          0       1491   muc_hardware_super_capacity.o
       130          0          0          0          0       2327   muc_hardware_uart.o
      1796        146         12         45        204      11880   muc_imu.o
        76         20          0          2          0       1003   muc_led.o
       532         64          0         16          0       5296   muc_main_task.o
       916         42          0          0          0       2626   muc_pid.o
       500         40          0          6        228       5919   muc_remote.o
       316         30          0         24         10       3798   muc_shoot_judge_control.o
       324         56          0         40          0       4923   muc_shoot_mode.o
       504         80          0         48         72       6286   muc_shoot_wheel.o
       780        118          0         28        328       6501   muc_stir_wheel.o
       444         58          0          0         20       6035   muc_stmflash.o
        32          8          0          2          0        543   muc_timer.o
       388          8          0          0          0       2426   pid.o
        76         18          0          0         16       1491   rng.o
       472         44          0          0        368       2592   spi.o
        36          8        392          0       8192        836   startup_stm32f407xx.o
       180         28          0         12          0       4593   stm32f4xx_hal.o
       712         28          0          0          0       2895   stm32f4xx_hal_adc.o
      1680          6          0          0          0      14501   stm32f4xx_hal_can.o
       198         14          0          0          0      33967   stm32f4xx_hal_cortex.o
        38          0          0          0          0       1055   stm32f4xx_hal_crc.o
       898         16          8          0          0       6323   stm32f4xx_hal_dma.o
       516         66          0          0         32       6622   stm32f4xx_hal_flash.o
       356         24          0          0          0       4010   stm32f4xx_hal_flash_ex.o
       490         50          0          0          0       4351   stm32f4xx_hal_gpio.o
      2112         44          0          0          0      12646   stm32f4xx_hal_i2c.o
        48          6          0          0          0        834   stm32f4xx_hal_msp.o
       226          0          0          0          0       1743   stm32f4xx_hal_pcd.o
      1264         80          0          0          0       5164   stm32f4xx_hal_rcc.o
        50          0          0          0          0       1083   stm32f4xx_hal_rng.o
       846          8          0          0          0       4749   stm32f4xx_hal_spi.o
      1758         90          0          0          0      17787   stm32f4xx_hal_tim.o
       154          0          0          0          0       3269   stm32f4xx_hal_tim_ex.o
      1396         14          0          0          0       7617   stm32f4xx_hal_uart.o
       148         46          0          0          0       9744   stm32f4xx_it.o
       718         36          0          0          0       7088   stm32f4xx_ll_usb.o
        84         18         24          4          0       1167   system_stm32f4xx.o
      2572        188          0          0        640       9731   tim.o
       904        100          0          0        640       4223   usart.o
       172         14          0          0       1032       1733   usb_otg.o

    ----------------------------------------------------------------------
     40872       2720        562        488      14708    2340607   Object Totals
         0          0         32          0          0          0   (incl. Generated)
        54          0          8         14          6          0   (incl. Padding)

    ----------------------------------------------------------------------

      Code (inc. data)   RO Data    RW Data    ZI Data      Debug   Library Member Name

       300         42          0          0          0        176   asinf.o
       592         90          0          0          0        184   atan2f.o
       200         20          0          0          0        164   cos.o
       368         46         48          0          0        200   cos_i.o
        84         16          0          0          0        372   dunder.o
        24          0          0          0          0        124   fabs.o
        48          0          0          0          0        124   fpclassify.o
        38          0          0          0          0        116   fpclassifyf.o
        44         12          0          0          0        464   funder.o
       248          0          0          0          0        152   poly.o
      1080        142        200          0          0        188   rred.o
       200         20          0          0          0        164   sin.o
       304         24         40          0          0        208   sin_i.o
       122          0          0          0          0        148   sqrt.o
        62          0          0          0          0        136   sqrtf.o
        86          0          0          0          0          0   __dczerorl2.o
         0          0          0          0          0          0   entry.o
         0          0          0          0          0          0   entry10a.o
         0          0          0          0          0          0   entry11a.o
         8          4          0          0          0          0   entry2.o
         4          0          0          0          0          0   entry5.o
         0          0          0          0          0          0   entry7b.o
         0          0          0          0          0          0   entry8b.o
         8          4          0          0          0          0   entry9a.o
        12          6          0          4          0         68   errno.o
        30          0          0          0          0          0   handlers.o
        36          8          0          0          0         68   init.o
         0          0          0          0          0          0   iusefp.o
        30          0          0          0          0         68   llshl.o
        36          0          0          0          0         68   llsshr.o
        32          0          0          0          0         68   llushr.o
        36          0          0          0          0         68   memcpya.o
        36          0          0          0          0        108   memseta.o
        98          0          0          0          0         92   uldiv.o
        48          0          0          0          0         68   cdcmple.o
        48          0          0          0          0         68   cdrcmple.o
        56          0          0          0          0         88   d2f.o
       334          0          0          0          0        148   dadd.o
       222          0          0          0          0        100   ddiv.o
       186          0          0          0          0        176   depilogue.o
        62          0          0          0          0         80   dfixi.o
        34          0          0          0          0         76   dflti.o
        26          0          0          0          0         76   dfltui.o
       228          0          0          0          0         96   dmul.o
       162          0          0          0          0        100   dsqrt.o
        38          0          0          0          0         68   f2d.o
       110          0          0          0          0        168   fepilogue.o

    ----------------------------------------------------------------------
      5742        438        288          4          0       4840   Library Totals
        22          4          0          0          0          0   (incl. Padding)

    ----------------------------------------------------------------------

      Code (inc. data)   RO Data    RW Data    ZI Data      Debug   Library Name

      3714        412        288          0          0       2920   m_wm.l
       452         22          0          4          0        608   mc_w.l
      1554          0          0          0          0       1312   mf_w.l

    ----------------------------------------------------------------------
      5742        438        288          4          0       4840   Library Totals

    ----------------------------------------------------------------------

==============================================================================


      Code (inc. data)   RO Data    RW Data    ZI Data      Debug   

     46614       3158        850        492      14708    2312395   Grand Totals
     46614       3158        850         96      14708    2312395   ELF Image Totals (compressed)
     46614       3158        850         96          0          0   ROM Totals

==============================================================================

    Total RO  Size (Code + RO Data)                47464 (  46.35kB)
    Total RW  Size (RW Data + ZI Data)             15200 (  14.84kB)
    Total ROM Size (Code + RO Data + RW Data)      47560 (  46.45kB)

==============================================================================

