<html>
<body>
<pre>
<h1>µVision Build Log</h1>
<h2>Tool Versions:</h2>
IDE-Version: ¦ÌVision V5.23.0.0
Copyright (C) 2017 ARM Ltd and ARM Germany GmbH. All rights reserved.
License Information: D D, D, LIC=D0DX7-ED5N6-0NZAM-XY31W-BIKFA-Q45D7
 
Tool Versions:
Toolchain:       MDK-ARM Plus  Version: 5.23
Toolchain Path:  E:\program\Keil\MDK\ARM\ARMCC\Bin
C Compiler:      Armcc.exe V5.06 update 4 (build 422)
Assembler:       Armasm.exe V5.06 update 4 (build 422)
Linker/Locator:  ArmLink.exe V5.06 update 4 (build 422)
Library Manager: ArmAr.exe V5.06 update 4 (build 422)
Hex Converter:   FromElf.exe V5.06 update 4 (build 422)
CPU DLL:         SARMCM3.DLL V5.23
Dialog DLL:      DCM.DLL V1.15.0.0
Target DLL:      Segger\JL2CM3.dll V2.99.23.0
Dialog DLL:      TCM.DLL V1.27.0.0
 
<h2>Project:</h2>
E:\#RoboMaster\2020RoboMaster\6¡¢C°å³ÌÐò\NEW_C\MDK-ARM\standard_robot.uvprojx
Project File Date:  04/12/2020

<h2>Output:</h2>
*** Using Compiler 'V5.06 update 4 (build 422)', folder: 'E:\program\Keil\MDK\ARM\ARMCC\Bin'
Build target 'standard_robot'
compiling muc_main_task.c...
../Muc_robolab/Inc/muc_imu.h(22): warning:  #1295-D: Deprecated declaration MucImuInit - give arg types
  void MucImuInit();
../Muc_robolab/Inc/muc_imu.h(23): warning:  #1295-D: Deprecated declaration ImuAnalysisTask - give arg types
  void ImuAnalysisTask();
..\Muc_robolab\Src\muc_main_task.c(135): warning:  #111-D: statement is unreachable
  					break;
..\Muc_robolab\Src\muc_main_task.c(182): warning:  #1-D: last line of file ends without a newline
  }
..\Muc_robolab\Src\muc_main_task.c: 4 warnings, 0 errors
linking...
Program Size: Code=46614 RO-data=850 RW-data=492 ZI-data=14708  
FromELF: creating hex file...
"standard_robot\standard_robot.axf" - 0 Error(s), 4 Warning(s).

<h2>Software Packages used:</h2>

Package Vendor: ARM
                http://www.keil.com/pack/ARM.CMSIS.5.0.1.pack
                ARM::CMSIS:CORE:5.0.1
                CMSIS (Cortex Microcontroller Software Interface Standard)
   * Component: CORE Version: 5.0.1

<h2>Collection of Component include folders:</h2>
  .\RTE\_standard_robot
  E:\program\Keil\MDK\ARM\PACK\ARM\CMSIS\5.0.1\CMSIS\Include
  E:\program\Keil\MDK\ARM\PACK\Keil\STM32F4xx_DFP\2.13.0\Drivers\CMSIS\Device\ST\STM32F4xx\Include

<h2>Collection of Component Files used:</h2>

   * Component: ARM::CMSIS:CORE:5.0.1
Build Time Elapsed:  00:00:13
</pre>
</body>
</html>
